$ date -R
Fri, 24 May 2019 07:47:59 +1000
$ git checkout master
Already on 'master'
$ git reset --hard stable
HEAD is now at 54dee406374c Merge tag 'arm64-fixes' of git://git.kernel.org/pub/scm/linux/kernel/git/arm64/linux
Merging origin/master (4dde821e4296 Merge tag 'xfs-5.2-fixes-1' of git://git.kernel.org/pub/scm/fs/xfs/xfs-linux)
$ git merge origin/master
Updating 54dee406374c..4dde821e4296
Fast-forward
 Documentation/driver-api/generic-counter.rst | 2 +-
 Documentation/kdump/kdump.txt                | 2 +-
 fs/xfs/libxfs/xfs_ialloc_btree.c             | 9 +++++++++
 fs/xfs/libxfs/xfs_refcount_btree.c           | 9 +++++++++
 fs/xfs/libxfs/xfs_rmap_btree.c               | 9 +++++++++
 scripts/spdxcheck.py                         | 2 +-
 6 files changed, 30 insertions(+), 3 deletions(-)
Merging fixes/master (2bbacd1a9278 Merge tag 'kconfig-v5.2' of git://git.kernel.org/pub/scm/linux/kernel/git/masahiroy/linux-kbuild)
$ git merge fixes/master
Already up to date.
Merging kspp-gustavo/for-next/kspp (034e673710d3 platform/x86: acer-wmi: Mark expected switch fall-throughs)
$ git merge kspp-gustavo/for-next/kspp
Merge made by the 'recursive' strategy.
 drivers/firewire/core-device.c                |  2 +-
 drivers/firewire/core-iso.c                   |  2 +-
 drivers/firewire/core-topology.c              |  1 +
 drivers/net/can/at91_can.c                    |  6 ++-
 drivers/net/can/peak_canfd/peak_pciefd_main.c |  2 +-
 drivers/net/can/spi/mcp251x.c                 |  3 +-
 drivers/net/can/usb/peak_usb/pcan_usb.c       |  2 +-
 drivers/platform/x86/acer-wmi.c               |  4 ++
 fs/afs/fsclient.c                             | 51 ++++++++++++++++---------
 fs/afs/yfsclient.c                            | 54 +++++++++++++++++----------
 10 files changed, 83 insertions(+), 44 deletions(-)
Merging kbuild-current/fixes (5bdd9ad875b6 Merge tag 'kbuild-fixes-v5.2' of git://git.kernel.org/pub/scm/linux/kernel/git/masahiroy/linux-kbuild)
$ git merge kbuild-current/fixes
Already up to date.
Merging arc-current/for-curr (4c70850aeb2e ARC: [plat-hsdk]: Add missing FIFO size entry in GMAC node)
$ git merge arc-current/for-curr
Merge made by the 'recursive' strategy.
 arch/arc/boot/dts/hsdk.dts     |  4 ++++
 arch/arc/include/asm/cmpxchg.h | 14 ++++++++++----
 arch/arc/mm/fault.c            |  9 +++------
 arch/arc/mm/tlb.c              | 13 ++++++++-----
 4 files changed, 25 insertions(+), 15 deletions(-)
Merging arm-current/fixes (e17b1af96b2a ARM: 8857/1: efi: enable CP15 DMB instructions before cleaning the cache)
$ git merge arm-current/fixes
Already up to date.
Merging arm64-fixes/for-next/fixes (a5325089bd05 arm64: Handle erratum 1418040 as a superset of erratum 1188873)
$ git merge arm64-fixes/for-next/fixes
Auto-merging arch/arm64/mm/fault.c
Auto-merging arch/arm64/Kconfig
Merge made by the 'recursive' strategy.
 Documentation/arm64/silicon-errata.txt |   9 +-
 arch/arm64/Kconfig                     |  25 +++-
 arch/arm64/include/asm/cpucaps.h       |   5 +-
 arch/arm64/kernel/cpu_errata.c         |  48 +++++--
 arch/arm64/kernel/entry.S              |   4 +-
 arch/arm64/kernel/kaslr.c              |   6 +-
 arch/arm64/kernel/module.c             |  18 ++-
 arch/arm64/kernel/syscall.c            |  31 +++++
 arch/arm64/kernel/traps.c              |   4 -
 arch/arm64/mm/fault.c                  |  33 +++++
 drivers/acpi/arm64/iort.c              | 238 +++++++++++++++++----------------
 11 files changed, 271 insertions(+), 150 deletions(-)
Merging m68k-current/for-linus (fdd20ec8786a Documentation/features/time: Mark m68k having modern-timekeeping)
$ git merge m68k-current/for-linus
Already up to date.
Merging powerpc-fixes/fixes (8b909e354870 powerpc/kexec: Fix loading of kernel + initramfs with kexec_file_load())
$ git merge powerpc-fixes/fixes
Merge made by the 'recursive' strategy.
 arch/powerpc/kernel/kexec_elf_64.c        | 6 +++++-
 arch/powerpc/perf/core-book3s.c           | 6 ++++--
 arch/powerpc/perf/power8-pmu.c            | 3 +++
 arch/powerpc/perf/power9-pmu.c            | 3 +++
 arch/powerpc/platforms/powernv/opal-imc.c | 4 ++++
 5 files changed, 19 insertions(+), 3 deletions(-)
Merging sparc/master (54dee406374c Merge tag 'arm64-fixes' of git://git.kernel.org/pub/scm/linux/kernel/git/arm64/linux)
$ git merge sparc/master
Already up to date.
Merging fscrypt-current/for-stable (ae64f9bd1d36 Linux 4.15-rc2)
$ git merge fscrypt-current/for-stable
Already up to date.
Merging net/master (b5730061d105 cxgb4: offload VLAN flows regardless of VLAN ethtype)
$ git merge net/master
Merge made by the 'recursive' strategy.
 Documentation/networking/device_drivers/index.rst  |  30 ++
 Documentation/networking/index.rst                 |  16 +-
 Documentation/networking/tls-offload-layers.svg    |   1 +
 .../networking/tls-offload-reorder-bad.svg         |   1 +
 .../networking/tls-offload-reorder-good.svg        |   1 +
 Documentation/networking/tls-offload.rst           | 482 +++++++++++++++++++++
 Documentation/networking/{tls.txt => tls.rst}      |  44 +-
 drivers/isdn/mISDN/dsp_cmx.c                       | 427 +++++++++---------
 drivers/isdn/mISDN/socket.c                        |   5 +-
 drivers/net/ethernet/broadcom/bnxt/bnxt.c          |  30 +-
 drivers/net/ethernet/broadcom/bnxt/bnxt.h          |   6 +-
 drivers/net/ethernet/broadcom/bnxt/bnxt_ethtool.c  |   2 +-
 drivers/net/ethernet/broadcom/bnxt/bnxt_ulp.c      |   2 +-
 drivers/net/ethernet/cadence/macb.h                |   7 +
 drivers/net/ethernet/cadence/macb_main.c           | 111 +++--
 .../net/ethernet/chelsio/cxgb4/cxgb4_tc_flower.c   |   5 +-
 drivers/net/ethernet/marvell/mvpp2/mvpp2_cls.c     |   3 +
 drivers/net/ethernet/mscc/ocelot.c                 |  43 +-
 drivers/net/ethernet/mscc/ocelot.h                 |   4 -
 drivers/net/ethernet/stmicro/stmmac/stmmac_mdio.c  |   3 +-
 net/hsr/hsr_framereg.c                             |   8 +
 net/ipv4/igmp.c                                    |  47 +-
 net/ipv6/addrconf.c                                |  57 ++-
 net/ipv6/route.c                                   |   6 +
 net/tls/tls_device.c                               |  24 +-
 25 files changed, 986 insertions(+), 379 deletions(-)
 create mode 100644 Documentation/networking/device_drivers/index.rst
 create mode 100644 Documentation/networking/tls-offload-layers.svg
 create mode 100644 Documentation/networking/tls-offload-reorder-bad.svg
 create mode 100644 Documentation/networking/tls-offload-reorder-good.svg
 create mode 100644 Documentation/networking/tls-offload.rst
 rename Documentation/networking/{tls.txt => tls.rst} (88%)
Merging bpf/master (186bcc3dcd10 bpf: sockmap, restore sk_write_space when psock gets dropped)
$ git merge bpf/master
Merge made by the 'recursive' strategy.
 Documentation/networking/af_xdp.rst                |  8 ++---
 arch/riscv/net/bpf_jit_comp.c                      |  6 ++++
 include/linux/skmsg.h                              |  2 ++
 net/core/filter.c                                  | 24 +++++++++++--
 samples/bpf/bpf_load.c                             |  2 +-
 samples/bpf/task_fd_query_user.c                   |  2 +-
 tools/testing/selftests/bpf/verifier/basic_instr.c | 39 ++++++++++++++++++++++
 7 files changed, 74 insertions(+), 9 deletions(-)
Merging ipsec/master (af8f3fb7fb07 net: stmmac: dma channel control register need to be init first)
$ git merge ipsec/master
Already up to date.
Merging netfilter/master (2de03b45236f selftests: netfilter: add flowtable test script)
$ git merge netfilter/master
Auto-merging tools/testing/selftests/netfilter/nft_nat.sh
Auto-merging net/netfilter/nft_flow_offload.c
Auto-merging net/netfilter/nf_flow_table_ip.c
Merge made by the 'recursive' strategy.
 include/net/netfilter/nft_fib.h                    |   2 +-
 net/ipv4/netfilter/nft_fib_ipv4.c                  |  23 +-
 net/ipv6/netfilter/nft_fib_ipv6.c                  |  16 +-
 net/netfilter/ipvs/ip_vs_core.c                    |   2 +-
 net/netfilter/nf_flow_table_ip.c                   |   3 +-
 net/netfilter/nf_nat_helper.c                      |   2 +-
 net/netfilter/nf_queue.c                           |   1 +
 net/netfilter/nf_tables_api.c                      |  20 +-
 net/netfilter/nft_fib.c                            |   6 +-
 net/netfilter/nft_flow_offload.c                   |  31 +-
 tools/testing/selftests/netfilter/Makefile         |   2 +-
 tools/testing/selftests/netfilter/nft_flowtable.sh | 324 +++++++++++++++++++++
 tools/testing/selftests/netfilter/nft_nat.sh       |   6 +-
 13 files changed, 375 insertions(+), 63 deletions(-)
 create mode 100755 tools/testing/selftests/netfilter/nft_flowtable.sh
Merging ipvs/master (e633508a9528 netfilter: nft_fib: Fix existence check support)
$ git merge ipvs/master
Already up to date.
Merging wireless-drivers/master (903869bd10e6 ipv4/igmp: fix build error if !CONFIG_IP_MULTICAST)
$ git merge wireless-drivers/master
Already up to date.
Merging mac80211/master (933b40530b4b mac80211: remove set but not used variable 'old')
$ git merge mac80211/master
Merge made by the 'recursive' strategy.
 net/mac80211/ieee80211_i.h |  3 +++
 net/mac80211/key.c         |  2 --
 net/mac80211/mlme.c        | 12 +++++++++++-
 net/mac80211/tdls.c        | 23 +++++++++++++++++++++++
 net/wireless/Makefile      |  1 +
 5 files changed, 38 insertions(+), 3 deletions(-)
Merging rdma-fixes/for-rc (619122be3d40 RDMA/hns: Fix PD memory leak for internal allocation)
$ git merge rdma-fixes/for-rc
Merge made by the 'recursive' strategy.
 drivers/infiniband/core/device.c           | 35 ++++++++++++++++++++++--------
 drivers/infiniband/hw/hns/hns_roce_hw_v1.c |  1 +
 drivers/infiniband/ulp/srp/ib_srp.c        | 18 ++++++++++++++-
 include/rdma/ib_verbs.h                    |  1 +
 4 files changed, 45 insertions(+), 10 deletions(-)
Merging sound-current/for-linus (17b168646a66 ALSA: Enable micmute LED for Huawei laptops)
$ git merge sound-current/for-linus
Merge made by the 'recursive' strategy.
 sound/pci/hda/patch_realtek.c | 22 +++++++++++++---------
 1 file changed, 13 insertions(+), 9 deletions(-)
Merging sound-asoc-fixes/for-linus (a62c55521ad0 Merge branch 'asoc-5.2' into asoc-linus)
$ git merge sound-asoc-fixes/for-linus
Auto-merging sound/soc/sof/Kconfig
Merge made by the 'recursive' strategy.
 sound/soc/codecs/ak4458.c                         | 18 +++++++++++-------
 sound/soc/codecs/cs4265.c                         |  2 +-
 sound/soc/codecs/cs42xx8.c                        |  1 +
 sound/soc/codecs/rt5677-spi.c                     |  5 +++--
 sound/soc/fsl/fsl_asrc.c                          |  4 ++--
 sound/soc/generic/simple-card.c                   | 10 +++++-----
 sound/soc/intel/boards/sof_rt5682.c               | 11 ++++++-----
 sound/soc/intel/common/soc-acpi-intel-cnl-match.c | 10 +++++-----
 sound/soc/soc-dapm.c                              |  4 ++--
 sound/soc/soc-pcm.c                               |  3 ++-
 sound/soc/sof/Kconfig                             |  8 ++++++--
 sound/soc/sof/ipc.c                               |  2 +-
 sound/soc/sof/loader.c                            |  2 ++
 13 files changed, 47 insertions(+), 33 deletions(-)
Merging regmap-fixes/for-linus (38ee2a8cc70e Merge branch 'regmap-5.2' into regmap-linus)
$ git merge regmap-fixes/for-linus
Merge made by the 'recursive' strategy.
 drivers/base/regmap/regmap-debugfs.c | 2 ++
 1 file changed, 2 insertions(+)
Merging regulator-fixes/for-linus (b8b09ee4379d Merge branch 'regulator-5.2' into regulator-linus)
$ git merge regulator-fixes/for-linus
Merge made by the 'recursive' strategy.
 drivers/regulator/tps6507x-regulator.c | 6 +++---
 1 file changed, 3 insertions(+), 3 deletions(-)
Merging spi-fixes/for-linus (da33d0c685f9 Merge branch 'spi-5.2' into spi-linus)
$ git merge spi-fixes/for-linus
Merge made by the 'recursive' strategy.
 drivers/spi/spi-bitbang.c |  2 +-
 drivers/spi/spi-fsl-spi.c |  2 +-
 drivers/spi/spi.c         | 11 ++++++++---
 3 files changed, 10 insertions(+), 5 deletions(-)
Merging pci-current/for-linus (a188339ca5a3 Linux 5.2-rc1)
$ git merge pci-current/for-linus
Already up to date.
Merging driver-core.current/driver-core-linus (a188339ca5a3 Linux 5.2-rc1)
$ git merge driver-core.current/driver-core-linus
Already up to date.
Merging tty.current/tty-linus (5d24f455c182 tty: max310x: Fix external crystal register setup)
$ git merge tty.current/tty-linus
Merge made by the 'recursive' strategy.
 drivers/tty/serial/imx.c        | 1 -
 drivers/tty/serial/max310x.c    | 2 +-
 drivers/tty/serial/msm_serial.c | 5 ++++-
 drivers/tty/serial/sh-sci.c     | 7 +++++++
 4 files changed, 12 insertions(+), 3 deletions(-)
Merging usb.current/usb-linus (c1a145a3ed9a xhci: Use %zu for printing size_t type)
$ git merge usb.current/usb-linus
Auto-merging drivers/media/usb/siano/smsusb.c
Merge made by the 'recursive' strategy.
 Documentation/usb/rio.txt           | 66 ++++++------------------------
 drivers/media/usb/siano/smsusb.c    | 33 +++++++++------
 drivers/usb/core/config.c           |  4 +-
 drivers/usb/core/quirks.c           |  3 ++
 drivers/usb/host/xhci-debugfs.c     |  3 ++
 drivers/usb/host/xhci-ring.c        | 26 ++++++++----
 drivers/usb/host/xhci.c             | 24 +++++------
 drivers/usb/host/xhci.h             |  3 +-
 drivers/usb/misc/rio500.c           | 80 ++++++++++++++++++++++---------------
 drivers/usb/misc/sisusbvga/sisusb.c | 15 +++----
 drivers/usb/mtu3/mtu3_debugfs.c     |  3 +-
 drivers/usb/usbip/stub_dev.c        | 65 ++++++++++++++++++++----------
 12 files changed, 172 insertions(+), 153 deletions(-)
Merging usb-gadget-fixes/fixes (072684e8c58d USB: gadget: f_hid: fix deadlock in f_hidg_write())
$ git merge usb-gadget-fixes/fixes
Already up to date.
Merging usb-serial-fixes/usb-linus (f3dfd4072c3e USB: serial: option: add Telit 0x1260 and 0x1261 compositions)
$ git merge usb-serial-fixes/usb-linus
Merge made by the 'recursive' strategy.
 drivers/usb/serial/option.c | 6 ++++++
 drivers/usb/serial/pl2303.c | 1 +
 drivers/usb/serial/pl2303.h | 3 +++
 3 files changed, 10 insertions(+)
Merging usb-chipidea-fixes/ci-for-usb-stable (d6d768a0ec3c usb: chipidea: fix static checker warning for NULL pointer)
$ git merge usb-chipidea-fixes/ci-for-usb-stable
Auto-merging drivers/usb/chipidea/ci_hdrc_imx.c
Merge made by the 'recursive' strategy.
Merging phy/fixes (e6f32efb1b12 phy: sun4i-usb: Make sure to disable PHY0 passby for peripheral mode)
$ git merge phy/fixes
Already up to date.
Merging staging.current/staging-linus (fea699163604 staging: wilc1000: Fix some double unlock bugs in wilc_wlan_cleanup())
$ git merge staging.current/staging-linus
Merge made by the 'recursive' strategy.
 drivers/iio/adc/npcm_adc.c                         |  2 +-
 drivers/iio/adc/ti-ads124s08.c                     |  2 +-
 drivers/iio/adc/ti-ads8688.c                       |  2 +-
 drivers/iio/dac/ds4424.c                           |  2 +-
 drivers/iio/imu/inv_mpu6050/inv_mpu_core.c         | 46 ++++++++++++++++++++--
 drivers/iio/imu/inv_mpu6050/inv_mpu_iio.h          | 20 +++++++++-
 drivers/iio/imu/inv_mpu6050/inv_mpu_ring.c         |  3 ++
 drivers/staging/erofs/super.c                      |  1 +
 drivers/staging/kpc2000/Kconfig                    |  1 +
 drivers/staging/kpc2000/kpc_dma/fileops.c          |  4 +-
 .../vc04_services/bcm2835-camera/controls.c        |  4 +-
 .../interface/vchiq_arm/vchiq_2835_arm.c           |  9 +++++
 drivers/staging/wilc1000/wilc_wlan.c               |  8 +++-
 drivers/staging/wlan-ng/hfa384x_usb.c              |  3 +-
 14 files changed, 90 insertions(+), 17 deletions(-)
Merging char-misc.current/char-misc-linus (a188339ca5a3 Linux 5.2-rc1)
$ git merge char-misc.current/char-misc-linus
Already up to date.
Merging soundwire-fixes/fixes (a188339ca5a3 Linux 5.2-rc1)
$ git merge soundwire-fixes/fixes
Already up to date.
Merging thunderbolt-fixes/fixes (a188339ca5a3 Linux 5.2-rc1)
$ git merge thunderbolt-fixes/fixes
Already up to date.
Merging input-current/for-linus (78094276ca6a Input: mtk-pmic-keys - add support for MT6392)
$ git merge input-current/for-linus
Auto-merging drivers/input/misc/uinput.c
Merge made by the 'recursive' strategy.
 .../devicetree/bindings/input/mtk-pmic-keys.txt    | 11 +++++++----
 drivers/input/keyboard/mtk-pmic-keys.c             | 14 ++++++++++++++
 drivers/input/misc/uinput.c                        | 22 ++++++++++++++++++++--
 drivers/input/mouse/elan_i2c_core.c                |  2 ++
 drivers/input/mouse/elantech.c                     |  2 ++
 drivers/input/touchscreen/silead.c                 |  1 +
 6 files changed, 46 insertions(+), 6 deletions(-)
Merging crypto-current/master (357d065a44cd crypto: vmx - ghash: do nosimd fallback manually)
$ git merge crypto-current/master
Already up to date.
Merging ide/master (54dee406374c Merge tag 'arm64-fixes' of git://git.kernel.org/pub/scm/linux/kernel/git/arm64/linux)
$ git merge ide/master
Already up to date.
Merging vfio-fixes/for-linus (492855939bdb vfio/type1: Limit DMA mappings per container)
$ git merge vfio-fixes/for-linus
Already up to date.
Merging kselftest-fixes/fixes (a188339ca5a3 Linux 5.2-rc1)
$ git merge kselftest-fixes/fixes
Already up to date.
Merging modules-fixes/modules-linus (be71eda5383f module: Fix display of wrong module .text address)
$ git merge modules-fixes/modules-linus
Already up to date.
Merging slave-dma-fixes/fixes (8243b87c3abb dt-bindings: dma: uart: rename binding)
$ git merge slave-dma-fixes/fixes
Auto-merging drivers/dma/mediatek/Makefile
CONFLICT (content): Merge conflict in drivers/dma/mediatek/Makefile
Auto-merging drivers/dma/mediatek/Kconfig
Removing Documentation/devicetree/bindings/dma/8250_mtk_dma.txt
Resolved 'drivers/dma/mediatek/Makefile' using previous resolution.
Automatic merge failed; fix conflicts and then commit the result.
$ git commit -v -a
[master 8cc1c8d2a8c5] Merge remote-tracking branch 'slave-dma-fixes/fixes'
$ git diff -M --stat --summary HEAD^..
 .../devicetree/bindings/dma/8250_mtk_dma.txt       |  33 -
 .../devicetree/bindings/dma/mtk-uart-apdma.txt     |  54 ++
 drivers/dma/dma-jz4780.c                           |  32 +-
 drivers/dma/dw-axi-dmac/dw-axi-dmac-platform.c     |   3 +-
 drivers/dma/fsl-qdma.c                             |   4 +-
 drivers/dma/mediatek/Kconfig                       |  11 +
 drivers/dma/mediatek/Makefile                      |   1 +
 drivers/dma/mediatek/mtk-cqdma.c                   |   4 +-
 drivers/dma/mediatek/mtk-uart-apdma.c              | 666 +++++++++++++++++++++
 drivers/dma/sprd-dma.c                             |  49 +-
 drivers/dma/tegra210-adma.c                        |  57 +-
 11 files changed, 832 insertions(+), 82 deletions(-)
 delete mode 100644 Documentation/devicetree/bindings/dma/8250_mtk_dma.txt
 create mode 100644 Documentation/devicetree/bindings/dma/mtk-uart-apdma.txt
 create mode 100644 drivers/dma/mediatek/mtk-uart-apdma.c
Merging backlight-fixes/for-backlight-fixes (e93c9c99a629 Linux 5.1)
$ git merge backlight-fixes/for-backlight-fixes
Already up to date.
Merging mtd-fixes/mtd/fixes (b2b5921fe4b3 mtd: rawnand: initialize ntargets with maxchips)
$ git merge mtd-fixes/mtd/fixes
Merge made by the 'recursive' strategy.
 drivers/mtd/nand/raw/nand_base.c | 3 ++-
 1 file changed, 2 insertions(+), 1 deletion(-)
Merging mfd-fixes/for-mfd-fixes (e93c9c99a629 Linux 5.1)
$ git merge mfd-fixes/for-mfd-fixes
Already up to date.
Merging v4l-dvb-fixes/fixes (eb96e57b913f media: dvb: warning about dvb frequency limits produces too much noise)
$ git merge v4l-dvb-fixes/fixes
Merge made by the 'recursive' strategy.
 drivers/media/dvb-core/dvb_frontend.c | 2 +-
 1 file changed, 1 insertion(+), 1 deletion(-)
Merging reset-fixes/reset/fixes (d5d4218e1669 reset: remove redundant null check on pointer dev)
$ git merge reset-fixes/reset/fixes
Auto-merging drivers/reset/core.c
Merge made by the 'recursive' strategy.
 drivers/reset/core.c | 3 ---
 1 file changed, 3 deletions(-)
Merging mips-fixes/mips-fixes (c5eac1f5326b MIPS: TXx9: Fix boot crash in free_initmem())
$ git merge mips-fixes/mips-fixes
Merge made by the 'recursive' strategy.
 arch/mips/include/asm/ginvt.h  | 2 +-
 arch/mips/pnx833x/Platform     | 2 +-
 arch/mips/txx9/generic/setup.c | 6 ------
 3 files changed, 2 insertions(+), 8 deletions(-)
Merging at91-fixes/at91-fixes (ba5e60c9b75d arm/mach-at91/pm : fix possible object reference leak)
$ git merge at91-fixes/at91-fixes
Already up to date.
Merging omap-fixes/fixes (4ee23cd76c0c Merge branch 'omap-for-v5.2/ti-sysc' into fixes)
$ git merge omap-fixes/fixes
Merge made by the 'recursive' strategy.
 arch/arm/boot/dts/am33xx-l4.dtsi          | 14 +++++------
 arch/arm/boot/dts/am437x-l4.dtsi          |  4 ----
 arch/arm/boot/dts/am57xx-idk-common.dtsi  |  1 +
 arch/arm/boot/dts/dra7-l4.dtsi            |  2 +-
 arch/arm/boot/dts/dra71-evm.dts           |  2 +-
 arch/arm/boot/dts/dra71x.dtsi             | 17 +++++++++++++
 arch/arm/boot/dts/dra76x-mmc-iodelay.dtsi | 40 +++++++++++++++----------------
 arch/arm/boot/dts/dra76x.dtsi             |  8 +++++++
 drivers/bus/ti-sysc.c                     | 23 +++++++++---------
 9 files changed, 65 insertions(+), 46 deletions(-)
 create mode 100644 arch/arm/boot/dts/dra71x.dtsi
Merging kvm-fixes/master (94830f188a80 Merge tag 'kvm-s390-master-5.2-1' of git://git.kernel.org/pub/scm/linux/kernel/git/kvms390/linux into HEAD)
$ git merge kvm-fixes/master
Merge made by the 'recursive' strategy.
 arch/s390/include/asm/kvm_host.h | 2 +-
 arch/s390/kvm/kvm-s390.c         | 2 +-
 2 files changed, 2 insertions(+), 2 deletions(-)
Merging kvms390-fixes/master (b10bd9a256ae s390: vsie: Use effective CRYCBD.31 to check CRYCBD validity)
$ git merge kvms390-fixes/master
Already up to date.
Merging hwmon-fixes/hwmon (b88c5049219a hwmon: (occ) Fix extended status bits)
$ git merge hwmon-fixes/hwmon
Already up to date.
Merging nvdimm-fixes/libnvdimm-fixes (52f476a323f9 libnvdimm/pmem: Bypass CONFIG_HARDENED_USERCOPY overhead)
$ git merge nvdimm-fixes/libnvdimm-fixes
Auto-merging drivers/md/dm.c
Merge made by the 'recursive' strategy.
 drivers/dax/super.c          | 88 ++++++++++++++++++++++++++++----------------
 drivers/md/dm-table.c        | 17 ++++++---
 drivers/md/dm.c              | 20 ++++++++++
 drivers/md/dm.h              |  1 +
 drivers/nvdimm/bus.c         |  4 +-
 drivers/nvdimm/label.c       |  2 +
 drivers/nvdimm/label.h       |  2 -
 drivers/nvdimm/pmem.c        | 11 +++++-
 drivers/s390/block/dcssblk.c |  1 +
 include/linux/dax.h          | 26 +++++++++++++
 10 files changed, 129 insertions(+), 43 deletions(-)
Merging btrfs-fixes/next-fixes (4792878ab434 Merge branch 'misc-5.2' into next-fixes)
$ git merge btrfs-fixes/next-fixes
Already up to date!
Merge made by the 'recursive' strategy.
Merging vfs-fixes/fixes (d8076bdb56af uapi: Wire up the mount API syscalls on non-x86 arches [ver #2])
$ git merge vfs-fixes/fixes
Already up to date.
Merging dma-mapping-fixes/for-linus (8c5165430c01 dma-debug: only skip one stackframe entry)
$ git merge dma-mapping-fixes/for-linus
Already up to date.
Merging i3c-fixes/master (709a53e19484 MAINTAINERS: Fix the I3C entry)
$ git merge i3c-fixes/master
Already up to date.
Merging drivers-x86-fixes/fixes (a188339ca5a3 Linux 5.2-rc1)
$ git merge drivers-x86-fixes/fixes
Already up to date.
Merging samsung-krzk-fixes/fixes (9e98c678c2d6 Linux 5.1-rc1)
$ git merge samsung-krzk-fixes/fixes
Already up to date.
Merging pinctrl-samsung-fixes/pinctrl-fixes (9e98c678c2d6 Linux 5.1-rc1)
$ git merge pinctrl-samsung-fixes/pinctrl-fixes
Already up to date.
Merging devicetree-fixes/dt/linus (31910f4476ce dt-bindings: arm: Clean up CPU binding examples)
$ git merge devicetree-fixes/dt/linus
Auto-merging MAINTAINERS
Merge made by the 'recursive' strategy.
 Documentation/devicetree/bindings/Makefile         |  2 +-
 Documentation/devicetree/bindings/arm/arm-boards   |  4 +--
 .../devicetree/bindings/arm/cpu-capacity.txt       | 12 +++----
 .../devicetree/bindings/arm/omap/crossbar.txt      |  2 +-
 .../bindings/clock/samsung,s5pv210-clock.txt       |  2 +-
 .../marvell,odmi-controller.txt                    |  2 +-
 .../devicetree/bindings/leds/irled/spi-ir-led.txt  |  2 +-
 .../sifive/sifive-blocks-ip-versioning.txt         | 38 ++++++++++++++++++++++
 MAINTAINERS                                        |  4 +--
 scripts/Makefile.lib                               |  2 +-
 10 files changed, 54 insertions(+), 16 deletions(-)
 create mode 100644 Documentation/devicetree/bindings/sifive/sifive-blocks-ip-versioning.txt
Merging scsi-fixes/fixes (8acf608e602f Revert "scsi: sd: Keep disk read-only when re-reading partition")
$ git merge scsi-fixes/fixes
Auto-merging drivers/scsi/sd.c
Auto-merging drivers/scsi/bnx2fc/bnx2fc_hwi.c
Merge made by the 'recursive' strategy.
 drivers/scsi/bnx2fc/bnx2fc_hwi.c      |   2 +-
 drivers/scsi/lpfc/lpfc_attr.c         |  37 +++---
 drivers/scsi/lpfc/lpfc_els.c          |   5 +-
 drivers/scsi/lpfc/lpfc_sli.c          |  84 ++++++++-----
 drivers/scsi/lpfc/lpfc_version.h      |   2 +-
 drivers/scsi/myrs.c                   |   2 +-
 drivers/scsi/qedi/qedi_dbg.c          |  32 ++---
 drivers/scsi/qedi/qedi_iscsi.c        |   4 -
 drivers/scsi/qla2xxx/qla_os.c         | 221 +++++++++++++---------------------
 drivers/scsi/sd.c                     |   3 +-
 drivers/scsi/smartpqi/smartpqi_init.c |  23 ++--
 11 files changed, 189 insertions(+), 226 deletions(-)
Merging drm-fixes/drm-fixes (6b0538da5a6c Merge branch 'drm-fixes-5.2' of git://people.freedesktop.org/~agd5f/linux into drm-fixes)
$ git merge drm-fixes/drm-fixes
Merge made by the 'recursive' strategy.
 drivers/gpu/drm/amd/amdgpu/amdgpu_psp.c            | 17 +++++++------
 drivers/gpu/drm/amd/amdgpu/gmc_v9_0.c              | 11 +++++++-
 drivers/gpu/drm/amd/amdgpu/soc15.c                 |  5 ++++
 drivers/gpu/drm/amd/amdkfd/kfd_device.c            | 17 +++++++++++++
 .../gpu/drm/amd/amdkfd/kfd_device_queue_manager.c  | 11 ++++----
 drivers/gpu/drm/amd/amdkfd/kfd_priv.h              |  7 ++++++
 drivers/gpu/drm/amd/display/amdgpu_dm/amdgpu_dm.c  | 12 +++++++--
 drivers/gpu/drm/amd/display/include/dal_asic_id.h  |  7 +++---
 drivers/gpu/drm/amd/powerplay/amdgpu_smu.c         |  2 +-
 drivers/gpu/drm/gma500/cdv_intel_lvds.c            |  3 +++
 drivers/gpu/drm/gma500/intel_bios.c                |  3 +++
 drivers/gpu/drm/gma500/psb_drv.h                   |  1 +
 drivers/gpu/drm/panfrost/Kconfig                   |  1 +
 drivers/gpu/drm/panfrost/panfrost_devfreq.c        | 13 ++--------
 drivers/gpu/drm/sun4i/sun6i_mipi_dsi.c             |  5 ++--
 drivers/gpu/drm/sun4i/sun8i_hdmi_phy.c             | 29 ++++++++++++----------
 drivers/gpu/drm/vmwgfx/ttm_object.c                |  2 +-
 drivers/gpu/drm/vmwgfx/vmwgfx_drv.c                |  8 +++++-
 drivers/gpu/drm/vmwgfx/vmwgfx_drv.h                |  2 +-
 drivers/gpu/drm/vmwgfx/vmwgfx_execbuf.c            | 20 ++++++++++++++-
 drivers/gpu/drm/vmwgfx/vmwgfx_ttm_buffer.c         | 27 ++++++--------------
 21 files changed, 134 insertions(+), 69 deletions(-)
Merging amdgpu-fixes/drm-fixes (f7b1844bacec drm/amdgpu: Update gc golden setting for vega family)
$ git merge amdgpu-fixes/drm-fixes
Already up to date.
Merging drm-intel-fixes/for-linux-next-fixes (57cb853d1d5b Merge tag 'gvt-fixes-2019-05-21' of https://github.com/intel/gvt-linux into drm-intel-fixes)
$ git merge drm-intel-fixes/for-linux-next-fixes
Merge made by the 'recursive' strategy.
 drivers/gpu/drm/i915/gvt/cmd_parser.c       |  14 +-
 drivers/gpu/drm/i915/gvt/gtt.c              |   4 +-
 drivers/gpu/drm/i915/gvt/handlers.c         |  15 --
 drivers/gpu/drm/i915/gvt/mmio_context.c     |  23 ++-
 drivers/gpu/drm/i915/gvt/scheduler.c        |  23 ++-
 drivers/gpu/drm/i915/i915_priolist_types.h  |   5 +-
 drivers/gpu/drm/i915/i915_request.c         |  42 ++---
 drivers/gpu/drm/i915/i915_scheduler.c       | 255 +++++++++++++++-------------
 drivers/gpu/drm/i915/i915_scheduler_types.h |   3 +-
 drivers/gpu/drm/i915/intel_lrc.c            |   2 +-
 drivers/gpu/drm/i915/selftests/intel_lrc.c  |  12 +-
 11 files changed, 202 insertions(+), 196 deletions(-)
Merging mmc-fixes/fixes (ec0970e0a1b2 mmc: sdhci-iproc: Set NO_HISPD bit to fix HS50 data hold time problem)
$ git merge mmc-fixes/fixes
Merge made by the 'recursive' strategy.
 drivers/mmc/host/sdhci-iproc.c | 6 ++++--
 1 file changed, 4 insertions(+), 2 deletions(-)
Merging rtc-fixes/rtc-fixes (a188339ca5a3 Linux 5.2-rc1)
$ git merge rtc-fixes/rtc-fixes
Already up to date.
Merging gnss-fixes/gnss-linus (a188339ca5a3 Linux 5.2-rc1)
$ git merge gnss-fixes/gnss-linus
Already up to date.
Merging hyperv-fixes/hyperv-fixes (69c8caafb72d hv: tools: fixed Python pep8/flake8 warnings for lsvmbus)
$ git merge hyperv-fixes/hyperv-fixes
Merge made by the 'recursive' strategy.
 drivers/hv/channel.c         |  2 +-
 tools/hv/hv_get_dhcp_info.sh |  2 +-
 tools/hv/hv_kvp_daemon.c     |  8 +++--
 tools/hv/hv_set_ifconfig.sh  |  2 +-
 tools/hv/hv_vss_daemon.c     |  4 ++-
 tools/hv/lsvmbus             | 75 +++++++++++++++++++++++++-------------------
 6 files changed, 53 insertions(+), 40 deletions(-)
Merging soc-fsl-fixes/fix (5674a92ca4b7 soc/fsl/qe: Fix an error code in qe_pin_request())
$ git merge soc-fsl-fixes/fix
Already up to date.
Merging drm-misc-fixes/for-linux-next-fixes (f3617b449d0b drm/panfrost: Select devfreq)
$ git merge drm-misc-fixes/for-linux-next-fixes
Already up to date.
$ git am -3 ../patches/0001-Revert-Input-mtk-pmic-keys-add-support-for-MT6392.patch
Applying: Revert "Input: mtk-pmic-keys - add support for MT6392"
$ git am -3 ../patches/0001-Revert-drm-amd-display-Don-t-load-DMCU-for-Raven-1.patch
Applying: Revert "drm/amd/display: Don't load DMCU for Raven 1"
Merging kbuild/for-next (5bdd9ad875b6 Merge tag 'kbuild-fixes-v5.2' of git://git.kernel.org/pub/scm/linux/kernel/git/masahiroy/linux-kbuild)
$ git merge kbuild/for-next
Already up to date.
Merging compiler-attributes/compiler-attributes (a188339ca5a3 Linux 5.2-rc1)
$ git merge compiler-attributes/compiler-attributes
Already up to date.
Merging leaks/leaks-next (9e98c678c2d6 Linux 5.1-rc1)
$ git merge leaks/leaks-next
Already up to date.
Merging dma-mapping/for-next (13bf5ced9377 dma-mapping: add a Kconfig symbol to indicate arch_dma_prep_coherent presence)
$ git merge dma-mapping/for-next
Already up to date.
Merging asm-generic/master (6edd1dbace0e asm-generic: optimize generic uaccess for 8-byte loads and stores)
$ git merge asm-generic/master
Already up to date.
Merging arc/for-next (3c0c3c1418e4 ARC: entry: EV_Trap expects r10 (vs. r9) to have exception cause)
$ git merge arc/for-next
Merge made by the 'recursive' strategy.
 arch/arc/include/asm/entry-arcv2.h   | 361 ++++++++++++++++++-----------------
 arch/arc/include/asm/entry-compact.h |   4 +-
 arch/arc/include/asm/linkage.h       |  18 ++
 arch/arc/kernel/asm-offsets.c        |   7 +
 arch/arc/kernel/entry-arcv2.S        |   4 +-
 arch/arc/kernel/entry.S              |   4 +-
 arch/arc/mm/fault.c                  | 185 ++++++++----------
 arch/arc/mm/tlbex.S                  |  11 ++
 8 files changed, 309 insertions(+), 285 deletions(-)
Merging arm/for-next (d486065b35e4 Merge branches 'fixes' and 'misc' into for-next)
$ git merge arm/for-next
Already up to date!
Merge made by the 'recursive' strategy.
Merging arm64/for-next/core (6127bf372add Merge branch 'for-next/mmiowb' of git://git.kernel.org/pub/scm/linux/kernel/git/arm64/linux into for-next/core)
$ git merge arm64/for-next/core
Already up to date!
Merge made by the 'recursive' strategy.
Merging arm-perf/for-next/perf (9bcb929f969e perf/arm-ccn: Clean up CPU hotplug handling)
$ git merge arm-perf/for-next/perf
Already up to date.
Merging arm-soc/for-next (7ad1b252cabe ARM: Document merges)
$ git merge arm-soc/for-next
Merge made by the 'recursive' strategy.
 arch/arm/arm-soc-for-next-contents.txt | 37 ++++++++++++++++++++++++++++++++++
 1 file changed, 37 insertions(+)
 create mode 100644 arch/arm/arm-soc-for-next-contents.txt
Merging actions/for-next (fb9c1c1deb5e Merge branch 'v4.20/drivers+s900-sps' into next)
$ git merge actions/for-next
Already up to date!
Merge made by the 'recursive' strategy.
Merging amlogic/for-next (7dd6d6c8a625 Merge branch 'v5.3/drivers' into tmp/aml-rebuild)
$ git merge amlogic/for-next
Removing Documentation/devicetree/bindings/arm/amlogic.txt
Merge made by the 'recursive' strategy.
 Documentation/devicetree/bindings/arm/amlogic.txt  |  142 --
 Documentation/devicetree/bindings/arm/amlogic.yaml |  138 ++
 .../arm/amlogic/amlogic,meson-gx-ao-secure.txt     |   28 +
 .../bindings/soc/amlogic/amlogic,canvas.txt        |   10 +-
 arch/arm/boot/dts/meson8.dtsi                      |   27 +-
 arch/arm/boot/dts/meson8b.dtsi                     |   33 +-
 arch/arm/boot/dts/meson8m2-mxiii-plus.dts          |    9 +-
 arch/arm/boot/dts/meson8m2.dtsi                    |   10 +
 arch/arm64/boot/dts/amlogic/meson-axg-s400.dts     |    4 +-
 arch/arm64/boot/dts/amlogic/meson-axg.dtsi         |   31 +-
 arch/arm64/boot/dts/amlogic/meson-g12a-sei510.dts  |  145 +-
 arch/arm64/boot/dts/amlogic/meson-g12a-u200.dts    |  122 +-
 arch/arm64/boot/dts/amlogic/meson-g12a-x96-max.dts |    6 +
 arch/arm64/boot/dts/amlogic/meson-g12a.dtsi        | 1767 +++++++++++++++++++-
 .../arm64/boot/dts/amlogic/meson-gx-p23x-q20x.dtsi |    4 +-
 .../boot/dts/amlogic/meson-gxbb-nanopi-k2.dts      |    6 +-
 .../boot/dts/amlogic/meson-gxbb-nexbox-a95x.dts    |    2 +-
 .../arm64/boot/dts/amlogic/meson-gxbb-odroidc2.dts |    6 +-
 arch/arm64/boot/dts/amlogic/meson-gxbb-p20x.dtsi   |    2 +-
 .../boot/dts/amlogic/meson-gxbb-vega-s95.dtsi      |    4 +-
 arch/arm64/boot/dts/amlogic/meson-gxbb-wetek.dtsi  |    4 +-
 arch/arm64/boot/dts/amlogic/meson-gxbb.dtsi        |   35 +-
 .../boot/dts/amlogic/meson-gxl-s805x-p241.dts      |    2 +-
 .../boot/dts/amlogic/meson-gxl-s905d-p230.dts      |    2 +-
 .../dts/amlogic/meson-gxl-s905x-libretech-cc.dts   |   14 +-
 .../dts/amlogic/meson-gxl-s905x-nexbox-a95x.dts    |    2 +-
 .../boot/dts/amlogic/meson-gxl-s905x-p212.dtsi     |    4 +-
 arch/arm64/boot/dts/amlogic/meson-gxl.dtsi         |   35 +-
 .../boot/dts/amlogic/meson-gxm-khadas-vim2.dts     |   15 +-
 .../arm64/boot/dts/amlogic/meson-gxm-nexbox-a1.dts |    4 +-
 arch/arm64/boot/dts/amlogic/meson-gxm-q200.dts     |    2 +-
 arch/arm64/boot/dts/amlogic/meson-gxm-rbox-pro.dts |    6 +-
 drivers/clk/meson/axg.c                            |   10 +-
 drivers/clk/meson/clk-mpll.c                       |   36 +-
 drivers/clk/meson/clk-mpll.h                       |    3 +
 drivers/clk/meson/g12a.c                           |   36 +-
 drivers/clk/meson/g12a.h                           |    2 +-
 drivers/clk/meson/gxbb.c                           |    5 -
 drivers/clk/meson/meson-eeclk.c                    |    3 +
 drivers/clk/meson/meson-eeclk.h                    |    2 +
 drivers/clk/meson/meson8b.c                        |   10 +-
 drivers/soc/amlogic/meson-canvas.c                 |   14 +-
 include/dt-bindings/clock/g12a-clkc.h              |    2 +-
 43 files changed, 2411 insertions(+), 333 deletions(-)
 delete mode 100644 Documentation/devicetree/bindings/arm/amlogic.txt
 create mode 100644 Documentation/devicetree/bindings/arm/amlogic.yaml
 create mode 100644 Documentation/devicetree/bindings/arm/amlogic/amlogic,meson-gx-ao-secure.txt
Merging aspeed/for-next (ce9bbc3bc2d5 ARM: dts: aspeed: Add Microsoft Olympus BMC)
$ git merge aspeed/for-next
Merge made by the 'recursive' strategy.
 arch/arm/boot/dts/Makefile                         |   4 +
 arch/arm/boot/dts/aspeed-bmc-facebook-cmm.dts      |   8 +
 arch/arm/boot/dts/aspeed-bmc-facebook-yamp.dts     | 160 ++++
 arch/arm/boot/dts/aspeed-bmc-lenovo-hr630.dts      | 566 ++++++++++++
 arch/arm/boot/dts/aspeed-bmc-microsoft-olympus.dts | 207 +++++
 arch/arm/boot/dts/aspeed-bmc-opp-swift.dts         | 964 +++++++++++++++++++++
 arch/arm/boot/dts/aspeed-bmc-opp-zaius.dts         | 121 ++-
 arch/arm/boot/dts/aspeed-bmc-quanta-q71l.dts       |   5 +
 arch/arm/boot/dts/aspeed-g4.dtsi                   |   4 +
 arch/arm/boot/dts/aspeed-g5.dtsi                   |   5 +
 10 files changed, 2036 insertions(+), 8 deletions(-)
 create mode 100644 arch/arm/boot/dts/aspeed-bmc-facebook-yamp.dts
 create mode 100644 arch/arm/boot/dts/aspeed-bmc-lenovo-hr630.dts
 create mode 100644 arch/arm/boot/dts/aspeed-bmc-microsoft-olympus.dts
 create mode 100644 arch/arm/boot/dts/aspeed-bmc-opp-swift.dts
Merging at91/at91-next (32dfd9cfa4c6 Merge branch 'at91-dt' into at91-next)
$ git merge at91/at91-next
Auto-merging arch/arm/boot/dts/sama5d3.dtsi
Auto-merging arch/arm/boot/dts/at91sam9x5.dtsi
Auto-merging arch/arm/boot/dts/at91sam9rl.dtsi
Auto-merging arch/arm/boot/dts/at91sam9g45.dtsi
Merge made by the 'recursive' strategy.
 arch/arm/boot/dts/at91-wb50n.dtsi   |  2 +-
 arch/arm/boot/dts/at91sam9261ek.dts |  8 --------
 arch/arm/boot/dts/at91sam9g45.dtsi  | 25 +++----------------------
 arch/arm/boot/dts/at91sam9rl.dtsi   | 25 +++----------------------
 arch/arm/boot/dts/at91sam9x5.dtsi   | 23 +++--------------------
 arch/arm/boot/dts/sama5d3.dtsi      | 27 ++++-----------------------
 6 files changed, 14 insertions(+), 96 deletions(-)
Merging bcm2835/for-next (1ee128f4fff2 Merge branch 'bcm2835-drivers-next' into for-next)
$ git merge bcm2835/for-next
Auto-merging arch/arm/boot/dts/Makefile
Merge made by the 'recursive' strategy.
Merging imx-mxs/for-next (83d02ffe0144 Merge branch 'imx/defconfig' into for-next)
$ git merge imx-mxs/for-next
Auto-merging arch/arm64/Kconfig.platforms
Merge made by the 'recursive' strategy.
 arch/arm/boot/dts/imx53-m53menlo.dts           | 237 ++++++++++++++++++++-----
 arch/arm/boot/dts/imx53-smd.dts                |  73 ++++++++
 arch/arm/boot/dts/imx53.dtsi                   |  12 ++
 arch/arm/boot/dts/imx6qdl-sabresd.dtsi         |  12 ++
 arch/arm/boot/dts/imx6qdl.dtsi                 |  10 +-
 arch/arm/boot/dts/imx6sl-evk.dts               |  12 ++
 arch/arm/boot/dts/imx6sl.dtsi                  |  12 +-
 arch/arm/boot/dts/imx6sll-evk.dts              |   4 +
 arch/arm/boot/dts/imx6sx-sdb-reva.dts          |  12 ++
 arch/arm/boot/dts/imx6sx-sdb.dts               |  12 ++
 arch/arm/boot/dts/imx6sx.dtsi                  |   6 +-
 arch/arm/boot/dts/imx6ul-geam.dts              |   2 +-
 arch/arm/boot/dts/imx6ul-isiot.dtsi            |   2 +-
 arch/arm/boot/dts/imx6ul.dtsi                  |   1 +
 arch/arm/boot/dts/imx6ull.dtsi                 |   1 +
 arch/arm/boot/dts/imx7d-sdb.dts                |   8 +
 arch/arm/boot/dts/imx7s.dtsi                   |   6 +-
 arch/arm/boot/dts/imx7ulp-evk.dts              |  20 +++
 arch/arm/boot/dts/imx7ulp.dtsi                 |  10 ++
 arch/arm/boot/dts/vf610-zii-dev.dtsi           |  52 +++++-
 arch/arm/configs/imx_v6_v7_defconfig           |   8 +
 arch/arm/mach-imx/cpuidle-imx6sx.c             |   3 +-
 arch/arm64/Kconfig.platforms                   |   1 +
 arch/arm64/boot/dts/freescale/fsl-ls1028a.dtsi |  58 ++++++
 arch/arm64/boot/dts/freescale/imx8mm-evk.dts   | 131 ++++++++++++++
 arch/arm64/boot/dts/freescale/imx8mm.dtsi      |  24 ++-
 arch/arm64/boot/dts/freescale/imx8mq.dtsi      |  52 +++++-
 arch/arm64/boot/dts/freescale/imx8qxp.dtsi     |   8 +
 arch/arm64/configs/defconfig                   |  14 ++
 drivers/clk/imx/clk-imx6q.c                    |  13 +-
 drivers/clk/imx/clk-imx6sl.c                   |   5 +-
 drivers/clk/imx/clk-imx6sll.c                  |   5 +-
 drivers/clk/imx/clk-imx6sx.c                   |   7 +-
 drivers/clk/imx/clk-imx6ul.c                   |   7 +-
 drivers/clk/imx/clk-imx7ulp.c                  |   2 +-
 drivers/clk/imx/clk-imx8mm.c                   |  12 +-
 drivers/clk/imx/clk-imx8mq.c                   |   5 +
 drivers/clk/imx/clk.c                          |  15 ++
 drivers/clk/imx/clk.h                          |   1 +
 drivers/firmware/imx/imx-scu-irq.c             |   3 +
 drivers/soc/imx/soc-imx8.c                     |  29 +++
 include/dt-bindings/clock/imx8mm-clock.h       |  11 +-
 include/dt-bindings/clock/imx8mq-clock.h       |   5 +-
 43 files changed, 815 insertions(+), 108 deletions(-)
Merging keystone/next (3c3a43c81bda Merge branch 'for_5.1/soc-drivers' into next)
$ git merge keystone/next
Already up to date!
Merge made by the 'recursive' strategy.
Merging mediatek/for-next (73ade6a62931 Merge branch 'v5.1-next/soc' into for-next)
$ git merge mediatek/for-next
Already up to date!
Merge made by the 'recursive' strategy.
Merging mvebu/for-next (891f0f865c37 Merge branch 'mvebu/dt64' into mvebu/for-next)
$ git merge mvebu/for-next
Already up to date!
Merge made by the 'recursive' strategy.
Merging omap/for-next (4ee23cd76c0c Merge branch 'omap-for-v5.2/ti-sysc' into fixes)
$ git merge omap/for-next
Already up to date.
Merging reset/reset/next (21a5d26b8164 reset: Switch to SPDX license identifier for reset-simple)
$ git merge reset/reset/next
Auto-merging drivers/reset/Kconfig
Merge made by the 'recursive' strategy.
 .../bindings/reset/bitmain,bm1880-reset.txt        | 18 ++++++++
 drivers/reset/Kconfig                              |  3 +-
 drivers/reset/reset-simple.c                       |  8 ++--
 include/dt-bindings/reset/bitmain,bm1880-reset.h   | 51 ++++++++++++++++++++++
 4 files changed, 74 insertions(+), 6 deletions(-)
 create mode 100644 Documentation/devicetree/bindings/reset/bitmain,bm1880-reset.txt
 create mode 100644 include/dt-bindings/reset/bitmain,bm1880-reset.h
Merging qcom/for-next (1d31c0b1a28a Merge tag 'qcom-arm64-for-5.2-1' into really-done-for-5.2)
$ git merge qcom/for-next
Auto-merging arch/arm64/configs/defconfig
Merge made by the 'recursive' strategy.
 arch/arm64/configs/defconfig | 9 +++++++++
 1 file changed, 9 insertions(+)
Merging renesas/next (f5636b6cf8ef Merge branches 'arm-dt-for-v5.3' and 'arm64-dt-for-v5.3' into next)
$ git merge renesas/next
Auto-merging arch/arm64/configs/defconfig
Merge made by the 'recursive' strategy.
 Documentation/devicetree/bindings/arm/renesas.yaml |   8 +
 .../devicetree/bindings/vendor-prefixes.yaml       |   2 +
 arch/arm/boot/dts/emev2-kzm9d.dts                  |   2 +-
 arch/arm/boot/dts/r7s72100-genmai.dts              |   2 +-
 arch/arm/boot/dts/r7s72100-rskrza1.dts             |  38 +++
 arch/arm/boot/dts/r7s72100.dtsi                    |  19 ++
 arch/arm/boot/dts/r7s9210-rza2mevb.dts             | 117 +++++++++
 arch/arm/boot/dts/r7s9210.dtsi                     | 267 +++++++++++++++++++++
 arch/arm/boot/dts/r8a73a4-ape6evm.dts              |   2 +-
 arch/arm/boot/dts/r8a7740-armadillo800eva.dts      |   2 +-
 arch/arm/boot/dts/r8a7743-sk-rzg1m.dts             |   2 +-
 arch/arm/boot/dts/r8a7745-iwg22d-sodimm.dts        |   2 +-
 arch/arm/boot/dts/r8a7745-sk-rzg1e.dts             |   2 +-
 arch/arm/boot/dts/r8a77470-iwg23s-sbc.dts          |   2 +-
 arch/arm/boot/dts/r8a7778-bockw.dts                |   2 +-
 arch/arm/boot/dts/r8a7779-marzen.dts               |   2 +-
 arch/arm/boot/dts/r8a7790-lager.dts                |   9 +-
 arch/arm/boot/dts/r8a7790-stout.dts                |   9 +-
 arch/arm/boot/dts/r8a7791-koelsch.dts              |   9 +-
 arch/arm/boot/dts/r8a7791-porter.dts               |   9 +-
 arch/arm/boot/dts/r8a7792-blanche.dts              |   9 +-
 arch/arm/boot/dts/r8a7792-wheat.dts                |   2 +-
 arch/arm/boot/dts/r8a7793-gose.dts                 |   9 +-
 arch/arm/boot/dts/r8a7794-alt.dts                  |   2 +-
 arch/arm/boot/dts/r8a7794-silk.dts                 |   2 +-
 arch/arm/boot/dts/sh73a0-kzm9g.dts                 |   2 +-
 arch/arm64/boot/dts/renesas/r8a774a1.dtsi          | 169 +++++++++++++
 arch/arm64/boot/dts/renesas/r8a774c0-cat874.dts    | 197 ++++++++++++++-
 arch/arm64/boot/dts/renesas/r8a774c0.dtsi          |   4 +-
 arch/arm64/boot/dts/renesas/r8a7795.dtsi           |  11 +
 arch/arm64/boot/dts/renesas/r8a7796.dtsi           |  11 +
 arch/arm64/boot/dts/renesas/r8a77965.dtsi          |  11 +
 arch/arm64/boot/dts/renesas/r8a77970-eagle.dts     |   2 +-
 arch/arm64/boot/dts/renesas/r8a77990-ebisu.dts     |   2 +-
 arch/arm64/boot/dts/renesas/r8a77995-draak.dts     |   9 +-
 arch/arm64/boot/dts/renesas/salvator-common.dtsi   |   2 +-
 arch/arm64/boot/dts/renesas/ulcb-kf.dtsi           |  49 ++++
 arch/arm64/boot/dts/renesas/ulcb.dtsi              |   2 +-
 arch/arm64/configs/defconfig                       |   1 +
 39 files changed, 968 insertions(+), 35 deletions(-)
Merging rockchip/for-next (958bf721f5d2 Merge branch 'v5.3-armsoc/dts32' into for-next)
$ git merge rockchip/for-next
Merge made by the 'recursive' strategy.
 arch/arm/boot/dts/rk3288-veyron-jerry.dts         | 207 +++++++++++++++++++++
 arch/arm/boot/dts/rk3288-veyron-mickey.dts        |  83 ++++++++-
 arch/arm/boot/dts/rk3288-veyron-minnie.dts        | 216 +++++++++++++++++++++-
 arch/arm/boot/dts/rk3288-veyron-speedy.dts        |  12 ++
 arch/arm/boot/dts/rk3288-veyron.dtsi              |  13 ++
 arch/arm/boot/dts/rk3288.dtsi                     |  19 +-
 arch/arm/mach-rockchip/platsmp.c                  |  12 +-
 arch/arm/mach-rockchip/pm.c                       |   2 +
 arch/arm64/boot/dts/rockchip/rk3399-ficus.dts     |   6 +
 arch/arm64/boot/dts/rockchip/rk3399-rock960.dts   |  10 +
 arch/arm64/boot/dts/rockchip/rk3399-rockpro64.dts |  18 ++
 drivers/clk/rockchip/clk-mmc-phase.c              |  14 +-
 drivers/clk/rockchip/clk-rk3228.c                 |   1 +
 13 files changed, 580 insertions(+), 33 deletions(-)
Merging samsung-krzk/for-next (831c75782772 Merge branch 'next/dt64' into for-next)
$ git merge samsung-krzk/for-next
Already up to date!
Merge made by the 'recursive' strategy.
Merging sunxi/sunxi/for-next (e1152002eef6 Merge branches 'sunxi/dt64-for-5.3' and 'sunxi/dt-for-5.3' into sunxi/for-next)
$ git merge sunxi/sunxi/for-next
Auto-merging arch/arm64/configs/defconfig
CONFLICT (content): Merge conflict in arch/arm64/configs/defconfig
Removing Documentation/devicetree/bindings/bus/sunxi-rsb.txt
Resolved 'arch/arm64/configs/defconfig' using previous resolution.
Automatic merge failed; fix conflicts and then commit the result.
$ git commit -v -a
[master e71675177c09] Merge remote-tracking branch 'sunxi/sunxi/for-next'
$ git diff -M --stat --summary HEAD^..
 .../bindings/bus/allwinner,sun8i-a23-rsb.yaml      |  79 +++++++++++++
 .../devicetree/bindings/bus/sunxi-rsb.txt          |  47 --------
 arch/arm/boot/dts/sun8i-h3-beelink-x2.dts          |   4 +
 arch/arm/boot/dts/sun8i-r40-bananapi-m2-ultra.dts  |   7 +-
 arch/arm/boot/dts/sun8i-v40-bananapi-m2-berry.dts  | 123 +++++++++++++++++++++
 arch/arm64/boot/dts/allwinner/axp803.dtsi          |   6 +
 .../dts/allwinner/sun50i-a64-amarula-relic.dts     |  25 ++++-
 .../boot/dts/allwinner/sun50i-a64-bananapi-m64.dts |   7 +-
 .../boot/dts/allwinner/sun50i-a64-nanopi-a64.dts   |   6 -
 .../allwinner/sun50i-a64-oceanic-5205-5inmfd.dts   |  23 ++++
 .../boot/dts/allwinner/sun50i-a64-orangepi-win.dts |  23 ++++
 .../arm64/boot/dts/allwinner/sun50i-a64-pine64.dts |   2 -
 .../boot/dts/allwinner/sun50i-a64-teres-i.dts      |  44 +++++++-
 arch/arm64/boot/dts/allwinner/sun50i-a64.dtsi      |  14 +++
 .../boot/dts/allwinner/sun50i-h6-pine-h64.dts      |  10 ++
 arch/arm64/configs/defconfig                       |   1 +
 16 files changed, 359 insertions(+), 62 deletions(-)
 create mode 100644 Documentation/devicetree/bindings/bus/allwinner,sun8i-a23-rsb.yaml
 delete mode 100644 Documentation/devicetree/bindings/bus/sunxi-rsb.txt
Merging tegra/for-next (c47cf10c6cb2 Merge branch for-5.3/arm64/dt into for-next)
$ git merge tegra/for-next
Merge made by the 'recursive' strategy.
 arch/arm64/boot/dts/nvidia/tegra186-p2771-0000.dts |  6 ++--
 arch/arm64/boot/dts/nvidia/tegra186-p3310.dtsi     |  2 +-
 arch/arm64/boot/dts/nvidia/tegra194-p2888.dtsi     |  2 +-
 arch/arm64/boot/dts/nvidia/tegra194-p2972-0000.dts |  2 +-
 include/dt-bindings/gpio/tegra186-gpio.h           | 41 ----------------------
 5 files changed, 6 insertions(+), 47 deletions(-)
Merging clk/clk-next (a188339ca5a3 Linux 5.2-rc1)
$ git merge clk/clk-next
Already up to date.
Merging clk-samsung/for-next (3c297d9e65d8 clk: samsung: exynos5410: Add gate clock for ADC)
$ git merge clk-samsung/for-next
Merge made by the 'recursive' strategy.
Merging c6x/for-linux-next (8adcc59974b8 Merge branch 'work.misc' of git://git.kernel.org/pub/scm/linux/kernel/git/viro/vfs)
$ git merge c6x/for-linux-next
Already up to date.
Merging csky/linux-next (6b436744a0b7 csky: Fixup no panic in kernel for some traps)
$ git merge csky/linux-next
Auto-merging arch/csky/Kconfig
Merge made by the 'recursive' strategy.
 arch/csky/Kconfig        | 4 ++++
 arch/csky/kernel/traps.c | 6 ++++++
 2 files changed, 10 insertions(+)
Merging h8300/h8300-next (21c7acc439b5 h8300: pci: Remove local declaration of pcibios_penalize_isa_irq)
$ git merge h8300/h8300-next
Already up to date.
Merging ia64/next (c51836246f97 ia64: generate uapi header and system call table files)
$ git merge ia64/next
Already up to date.
Merging m68k/for-next (fdd20ec8786a Documentation/features/time: Mark m68k having modern-timekeeping)
$ git merge m68k/for-next
Already up to date.
Merging m68knommu/for-next (a188339ca5a3 Linux 5.2-rc1)
$ git merge m68knommu/for-next
Already up to date.
Merging microblaze/next (226a893bbb1f microblaze: no need to check return value of debugfs_create functions)
$ git merge microblaze/next
Already up to date.
Merging mips/mips-next (b1e479e3dcbc MIPS: Alchemy: add DMA masks for on-chip ethernet)
$ git merge mips/mips-next
Already up to date.
Merging nds32/next (b315419b7f0b nds32: add new emulations for floating point instruction)
$ git merge nds32/next
Auto-merging arch/nds32/math-emu/Makefile
Removing arch/nds32/include/uapi/asm/udftrap.h
Merge made by the 'recursive' strategy.
 arch/nds32/include/asm/bitfield.h            |  2 +-
 arch/nds32/include/asm/fpu.h                 |  2 +-
 arch/nds32/include/asm/fpuemu.h              | 12 ++++++
 arch/nds32/include/asm/syscalls.h            |  2 +-
 arch/nds32/include/uapi/asm/fp_udfiex_crtl.h | 16 ++++++++
 arch/nds32/include/uapi/asm/sigcontext.h     | 24 ++++++++----
 arch/nds32/include/uapi/asm/udftrap.h        | 13 -------
 arch/nds32/include/uapi/asm/unistd.h         |  4 +-
 arch/nds32/kernel/fpu.c                      | 15 +++-----
 arch/nds32/kernel/sys_nds32.c                | 26 +++++++------
 arch/nds32/math-emu/Makefile                 |  4 +-
 arch/nds32/math-emu/fd2si.c                  | 30 +++++++++++++++
 arch/nds32/math-emu/fd2siz.c                 | 30 +++++++++++++++
 arch/nds32/math-emu/fd2ui.c                  | 30 +++++++++++++++
 arch/nds32/math-emu/fd2uiz.c                 | 30 +++++++++++++++
 arch/nds32/math-emu/fpuemu.c                 | 57 ++++++++++++++++++++++++++--
 arch/nds32/math-emu/fs2si.c                  | 29 ++++++++++++++
 arch/nds32/math-emu/fs2siz.c                 | 29 ++++++++++++++
 arch/nds32/math-emu/fs2ui.c                  | 29 ++++++++++++++
 arch/nds32/math-emu/fs2uiz.c                 | 30 +++++++++++++++
 arch/nds32/math-emu/fsi2d.c                  | 22 +++++++++++
 arch/nds32/math-emu/fsi2s.c                  | 22 +++++++++++
 arch/nds32/math-emu/fui2d.c                  | 22 +++++++++++
 arch/nds32/math-emu/fui2s.c                  | 22 +++++++++++
 24 files changed, 451 insertions(+), 51 deletions(-)
 create mode 100644 arch/nds32/include/uapi/asm/fp_udfiex_crtl.h
 delete mode 100644 arch/nds32/include/uapi/asm/udftrap.h
 create mode 100644 arch/nds32/math-emu/fd2si.c
 create mode 100644 arch/nds32/math-emu/fd2siz.c
 create mode 100644 arch/nds32/math-emu/fd2ui.c
 create mode 100644 arch/nds32/math-emu/fd2uiz.c
 create mode 100644 arch/nds32/math-emu/fs2si.c
 create mode 100644 arch/nds32/math-emu/fs2siz.c
 create mode 100644 arch/nds32/math-emu/fs2ui.c
 create mode 100644 arch/nds32/math-emu/fs2uiz.c
 create mode 100644 arch/nds32/math-emu/fsi2d.c
 create mode 100644 arch/nds32/math-emu/fsi2s.c
 create mode 100644 arch/nds32/math-emu/fui2d.c
 create mode 100644 arch/nds32/math-emu/fui2s.c
Merging nios2/for-next (21e6bff5e0ef nios2: Fix update_mmu_cache preload the TLB with the new PTE)
$ git merge nios2/for-next
Already up to date.
Merging openrisc/for-next (57ce8ba0fd3a openrisc: Fix broken paths to arch/or32)
$ git merge openrisc/for-next
Already up to date.
Merging parisc-hd/for-next (200036a8e802 parisc: Allow building 64-bit kernel without -mlong-calls compiler option)
$ git merge parisc-hd/for-next
Merge made by the 'recursive' strategy.
 arch/parisc/Kconfig              |  4 ++--
 arch/parisc/kernel/vmlinux.lds.S | 21 ++++++++++++++-------
 2 files changed, 16 insertions(+), 9 deletions(-)
Merging powerpc/next (8150a153c013 powerpc/64s: Use early_mmu_has_feature() in set_kuap())
$ git merge powerpc/next
Already up to date.
Merging fsl/next (63d86876f324 Revert "powerpc/fsl_pci: simplify fsl_pci_dma_set_mask")
$ git merge fsl/next
Already up to date.
Merging soc-fsl/next (5d1d046e2868 soc: fsl: qbman_portals: add APIs to retrieve the probing status)
$ git merge soc-fsl/next
Auto-merging drivers/soc/fsl/Makefile
Auto-merging drivers/soc/fsl/Kconfig
Auto-merging MAINTAINERS
Merge made by the 'recursive' strategy.
 .../devicetree/bindings/misc/fsl,dpaa2-console.txt |  11 +
 MAINTAINERS                                        |   1 +
 drivers/bus/fsl-mc/dprc.c                          |  30 +-
 drivers/bus/fsl-mc/fsl-mc-bus.c                    |  15 +-
 drivers/bus/fsl-mc/fsl-mc-private.h                |  17 +-
 drivers/soc/fsl/Kconfig                            |  10 +
 drivers/soc/fsl/Makefile                           |   1 +
 drivers/soc/fsl/dpaa2-console.c                    | 329 +++++++++++++++++++++
 drivers/soc/fsl/dpio/dpio-driver.c                 |  23 +-
 drivers/soc/fsl/dpio/qbman-portal.c                | 148 +++++++--
 drivers/soc/fsl/dpio/qbman-portal.h                |   9 +-
 drivers/soc/fsl/guts.c                             |   6 +
 drivers/soc/fsl/qbman/bman_portal.c                |  20 +-
 drivers/soc/fsl/qbman/qman_ccsr.c                  |   2 +-
 drivers/soc/fsl/qbman/qman_portal.c                |  21 +-
 drivers/soc/fsl/qbman/qman_priv.h                  |   9 +-
 include/soc/fsl/bman.h                             |   8 +
 include/soc/fsl/qman.h                             |   9 +
 18 files changed, 618 insertions(+), 51 deletions(-)
 create mode 100644 Documentation/devicetree/bindings/misc/fsl,dpaa2-console.txt
 create mode 100644 drivers/soc/fsl/dpaa2-console.c
Merging risc-v-pjw/for-next (467e050e9760 Merge branch 'i2c/for-current' of git://git.kernel.org/pub/scm/linux/kernel/git/wsa/linux)
$ git merge risc-v-pjw/for-next
Already up to date.
Merging risc-v/for-next (8fef9900d43f riscv: fix locking violation in page fault handler)
$ git merge risc-v/for-next
Already up to date.
Merging sifive/for-next (467e050e9760 Merge branch 'i2c/for-current' of git://git.kernel.org/pub/scm/linux/kernel/git/wsa/linux)
$ git merge sifive/for-next
Already up to date.
Merging s390/features (f3e20ad67b4c s390: move arch/s390/defconfig to arch/s390/configs/defconfig)
$ git merge s390/features
Already up to date.
Merging sparc-next/master (b71acb0e3721 Merge branch 'linus' of git://git.kernel.org/pub/scm/linux/kernel/git/herbert/crypto-2.6)
$ git merge sparc-next/master
Already up to date.
Merging uml/linux-next (1987b1b8f9f1 um: irq: don't set the chip for all irqs)
$ git merge uml/linux-next
Already up to date.
Merging xtensa/xtensa-for-next (0542593fff0f Merge branch 'xtensa-for-next' into xtensa-5.2-fixes)
$ git merge xtensa/xtensa-for-next
Already up to date!
Merge made by the 'recursive' strategy.
Merging fscrypt/master (2c58d548f570 fscrypt: cache decrypted symlink target in ->i_link)
$ git merge fscrypt/master
Already up to date.
Merging btrfs/next (29dcea88779c Linux 4.17)
$ git merge btrfs/next
Already up to date.
Merging btrfs-kdave/for-next (6fc9f4e59957 Merge branch 'for-next-current-v5.1-20190509' into for-next-20190509)
$ git merge btrfs-kdave/for-next
Already up to date!
Merge made by the 'recursive' strategy.
Merging ceph/master (00abf69dd24f ceph: flush dirty inodes before proceeding with remount)
$ git merge ceph/master
Already up to date.
Merging cifs/for-next (63f538a448ce cifs: fix memory leak of pneg_inbuf on -EOPNOTSUPP ioctl case)
$ git merge cifs/for-next
Merge made by the 'recursive' strategy.
 fs/cifs/smb2pdu.c | 3 ++-
 1 file changed, 2 insertions(+), 1 deletion(-)
Merging configfs/for-next (35399f87e271 configfs: fix possible use-after-free in configfs_register_group)
$ git merge configfs/for-next
Already up to date.
Merging ecryptfs/next (d43388dea04b eCryptfs: fix permission denied with ecryptfs_xattr mount option when create readonly file)
$ git merge ecryptfs/next
Auto-merging fs/ecryptfs/keystore.c
Auto-merging fs/ecryptfs/crypto.c
Merge made by the 'recursive' strategy.
 fs/ecryptfs/crypto.c   | 29 +++++++++++++++++++++++------
 fs/ecryptfs/keystore.c |  5 +++--
 2 files changed, 26 insertions(+), 8 deletions(-)
Merging ext3/for_next (38fa0e8e4a3b ext2: code cleanup by using test_opt() and clear_opt())
$ git merge ext3/for_next
Auto-merging fs/ext2/super.c
Merge made by the 'recursive' strategy.
 Documentation/filesystems/ext2.txt |   8 ++-
 fs/ext2/super.c                    |  17 +++---
 fs/ext2/xattr.c                    | 116 +++++++++++++++++++++----------------
 fs/quota/dquot.c                   |  11 +++-
 4 files changed, 88 insertions(+), 64 deletions(-)
Merging ext4/dev (0a944e8a6c66 ext4: don't perform block validity checks on the journal inode)
$ git merge ext4/dev
Merge made by the 'recursive' strategy.
 fs/ext4/extents.c | 12 ++++++++----
 1 file changed, 8 insertions(+), 4 deletions(-)
Merging f2fs/dev (b1820efff17a f2fs: add error prints for debugging mount failure)
$ git merge f2fs/dev
Merge made by the 'recursive' strategy.
 Documentation/filesystems/f2fs.txt | 89 +++++++++++++++++++++++++++++++++----
 fs/f2fs/checkpoint.c               | 17 +------
 fs/f2fs/data.c                     | 91 ++++++++++++++++++++++++++++++++++----
 fs/f2fs/f2fs.h                     |  7 +++
 fs/f2fs/gc.c                       |  3 +-
 fs/f2fs/segment.c                  | 54 +++++++++++++++++++++-
 fs/f2fs/super.c                    | 19 +++++---
 7 files changed, 238 insertions(+), 42 deletions(-)
Merging fuse/for-next (9031a69cf9f0 fuse: clean up fuse_alloc_inode)
$ git merge fuse/for-next
Already up to date.
Merging jfs/jfs-next (a5fdd713d256 jfs: fix bogus variable self-initialization)
$ git merge jfs/jfs-next
Already up to date.
Merging nfs/linux-next (54dee406374c Merge tag 'arm64-fixes' of git://git.kernel.org/pub/scm/linux/kernel/git/arm64/linux)
$ git merge nfs/linux-next
Already up to date.
Merging nfs-anna/linux-next (5940d1cf9f42 SUNRPC: Rebalance a kref in auth_gss.c)
$ git merge nfs-anna/linux-next
Already up to date.
Merging nfsd/nfsd-next (06d447d77a28 nfsd: note inadequate stats locking)
$ git merge nfsd/nfsd-next
Auto-merging fs/nfsd/nfsctl.c
Auto-merging fs/nfsd/netns.h
Merge made by the 'recursive' strategy.
 fs/nfsd/cache.h    |   5 +-
 fs/nfsd/netns.h    |  38 +++++++++
 fs/nfsd/nfscache.c | 227 +++++++++++++++++++++++++----------------------------
 fs/nfsd/nfsctl.c   |  14 ++--
 4 files changed, 158 insertions(+), 126 deletions(-)
Merging orangefs/for-next (33713cd09ccd orangefs: truncate before updating size)
$ git merge orangefs/for-next
Already up to date.
Merging overlayfs/overlayfs-next (acf3062a7e1c ovl: relax WARN_ON() for overlapping layers use case)
$ git merge overlayfs/overlayfs-next
Already up to date.
Merging ubifs/linux-next (c16e73587ad6 ubifs: Don't leak orphans on memory during commit)
$ git merge ubifs/linux-next
Merge made by the 'recursive' strategy.
 fs/ubifs/orphan.c | 50 ++++++++++++++++++++++++--------------------------
 fs/ubifs/tnc.c    | 16 +++++++++++-----
 2 files changed, 35 insertions(+), 31 deletions(-)
Merging v9fs/9p-next (80a316ff1627 9p/xen: Add cleanup path in p9_trans_xen_init)
$ git merge v9fs/9p-next
Auto-merging net/9p/trans_xen.c
Merge made by the 'recursive' strategy.
 net/9p/trans_virtio.c | 8 +++++++-
 net/9p/trans_xen.c    | 8 +++++++-
 2 files changed, 14 insertions(+), 2 deletions(-)
Merging xfs/for-next (5cd213b0fec6 xfs: don't reserve per-AG space for an internal log)
$ git merge xfs/for-next
Already up to date.
Merging file-locks/locks-next (945ab8f6de94 locks: wake any locks blocked on request before deadlock check)
$ git merge file-locks/locks-next
Already up to date.
Merging vfs/for-next (6e14c3cf8bc4 Merge branch 'work.icache' into for-next)
$ git merge vfs/for-next
Auto-merging Documentation/filesystems/porting
CONFLICT (content): Merge conflict in Documentation/filesystems/porting
Resolved 'Documentation/filesystems/porting' using previous resolution.
Automatic merge failed; fix conflicts and then commit the result.
$ git commit -v -a
[master a6b9b685eaea] Merge remote-tracking branch 'vfs/for-next'
$ git diff -M --stat --summary HEAD^..
Merging printk/for-next (967aa2217b6d Merge branch 'for-5.2-fixes' into for-next)
$ git merge printk/for-next
Already up to date!
Merge made by the 'recursive' strategy.
Merging pci/next (a188339ca5a3 Linux 5.2-rc1)
$ git merge pci/next
Already up to date.
Merging pstore/for-next/pstore (6b1be4a047a0 pstore/ram: Improve backward compatibility with older Chromebooks)
$ git merge pstore/for-next/pstore
Merge made by the 'recursive' strategy.
 fs/pstore/platform.c |  4 +++-
 fs/pstore/ram.c      | 21 +++++++++++++++++++++
 2 files changed, 24 insertions(+), 1 deletion(-)
Merging hid/for-next (f32a0c18e370 Merge branch 'for-5.2/fixes' into for-next)
$ git merge hid/for-next
Merge made by the 'recursive' strategy.
 drivers/hid/hid-ids.h                    |  1 +
 drivers/hid/hid-lg.c                     |  2 -
 drivers/hid/hid-logitech-dj.c            | 25 ++++++---
 drivers/hid/hid-logitech-hidpp.c         | 11 +++-
 drivers/hid/hid-multitouch.c             |  7 +++
 drivers/hid/hid-rmi.c                    | 15 +++++-
 drivers/hid/i2c-hid/i2c-hid-dmi-quirks.c |  8 +++
 drivers/hid/wacom_sys.c                  |  3 ++
 drivers/hid/wacom_wac.c                  | 90 ++++++++++++++++++++------------
 drivers/hid/wacom_wac.h                  |  1 +
 10 files changed, 121 insertions(+), 42 deletions(-)
Merging i2c/i2c/for-next (a188339ca5a3 Linux 5.2-rc1)
$ git merge i2c/i2c/for-next
Already up to date.
Merging i3c/i3c/next (476c7e1d34f2 i3c: Fix a shift wrap bug in i3c_bus_set_addr_slot_status())
$ git merge i3c/i3c/next
Already up to date.
Merging dmi/master (57361846b52b Linux 4.19-rc2)
$ git merge dmi/master
Already up to date.
Merging hwmon-staging/hwmon-next (39abe9d88b30 hwmon: (lm75) Add support for TMP75B)
$ git merge hwmon-staging/hwmon-next
Already up to date.
Merging jc_docs/docs-next (a65fd4f0def5 Documentation: kdump: fix minor typo)
$ git merge jc_docs/docs-next
Already up to date.
Merging v4l-dvb/master (3d3515312f97 media: rc-main: clean-up two warnings)
$ git merge v4l-dvb/master
Auto-merging drivers/media/usb/dvb-usb-v2/dvb_usb_urb.c
Auto-merging drivers/media/usb/dvb-usb-v2/af9035.c
Auto-merging drivers/media/tuners/Kconfig
Auto-merging drivers/media/spi/Kconfig
Auto-merging drivers/media/platform/coda/Makefile
CONFLICT (content): Merge conflict in drivers/media/platform/coda/Makefile
Auto-merging drivers/media/i2c/Kconfig
Recorded preimage for 'drivers/media/platform/coda/Makefile'
Automatic merge failed; fix conflicts and then commit the result.
$ git commit -v -a
Recorded resolution for 'drivers/media/platform/coda/Makefile'.
[master 0bac0042a8c0] Merge remote-tracking branch 'v4l-dvb/master'
$ git diff -M --stat --summary HEAD^..
 .../bindings/media/marvell,mmp2-ccic.txt           |  50 ++++
 Documentation/media/uapi/cec/cec-ioc-g-mode.rst    |   3 +-
 Documentation/media/uapi/cec/cec-ioc-receive.rst   |  15 +-
 drivers/media/cec/cec-adap.c                       | 112 +++++----
 drivers/media/cec/cec-api.c                        |   8 -
 drivers/media/cec/cec-core.c                       |   3 +-
 drivers/media/cec/cec-priv.h                       |   5 +
 drivers/media/common/videobuf2/videobuf2-core.c    |   5 +
 drivers/media/common/videobuf2/videobuf2-dma-sg.c  |   2 +-
 drivers/media/dvb-frontends/Kconfig                |   2 +-
 drivers/media/dvb-frontends/si2168.c               |   7 +-
 drivers/media/i2c/Kconfig                          |   4 +-
 drivers/media/i2c/ov7740.c                         |  24 +-
 drivers/media/i2c/smiapp/smiapp-quirk.c            |   2 +-
 drivers/media/media-device.c                       |   9 +-
 drivers/media/platform/atmel/atmel-isc-regs.h      |   6 +-
 drivers/media/platform/atmel/atmel-isc.c           | 263 ++++++++++++++++++---
 drivers/media/platform/cec-gpio/cec-gpio.c         |  28 +--
 drivers/media/platform/coda/Makefile               |   1 -
 drivers/media/platform/coda/coda-bit.c             |  56 ++++-
 drivers/media/platform/coda/coda-common.c          |  81 ++++---
 drivers/media/platform/coda/coda-h264.c            |   3 +-
 drivers/media/platform/coda/coda.h                 |   3 +
 drivers/media/platform/coda/coda_regs.h            |   2 +-
 drivers/media/platform/coda/trace.h                |   2 +-
 drivers/media/platform/davinci/vpss.c              |   7 +-
 drivers/media/platform/marvell-ccic/mcam-core.c    |  11 +-
 drivers/media/platform/qcom/venus/core.c           |   4 +-
 drivers/media/platform/qcom/venus/helpers.c        |   7 +
 drivers/media/platform/qcom/venus/hfi_cmds.c       |   2 +
 drivers/media/platform/qcom/venus/venc_ctrls.c     |  21 +-
 drivers/media/rc/ir-spi.c                          |   1 +
 drivers/media/rc/meson-ir.c                        |   8 +-
 drivers/media/rc/rc-main.c                         |   6 +-
 drivers/media/spi/Kconfig                          |   2 +-
 drivers/media/tuners/Kconfig                       |   2 +-
 drivers/media/usb/au0828/au0828-core.c             |  12 +-
 drivers/media/usb/dvb-usb-v2/af9035.c              |   2 -
 drivers/media/usb/dvb-usb-v2/dvb_usb_urb.c         |  15 +-
 drivers/media/usb/dvb-usb-v2/dvbsky.c              |  11 -
 drivers/media/usb/dvb-usb/dvb-usb-init.c           |   7 +-
 drivers/media/v4l2-core/v4l2-ctrls.c               |   1 +
 drivers/media/v4l2-core/v4l2-fwnode.c              |   8 +-
 drivers/staging/media/imx/Kconfig                  |   2 +-
 drivers/staging/media/ipu3/ipu3-css.c              |  14 +-
 include/media/videobuf2-core.h                     |   3 +-
 include/uapi/linux/cec.h                           |   1 +
 47 files changed, 617 insertions(+), 226 deletions(-)
 create mode 100644 Documentation/devicetree/bindings/media/marvell,mmp2-ccic.txt
Merging v4l-dvb-next/master (a188339ca5a3 Linux 5.2-rc1)
$ git merge v4l-dvb-next/master
Already up to date.
Merging fbdev/fbdev-for-next (73ee89436047 Merge tag 'v5.2-rc1' of https://git.kernel.org/pub/scm/linux/kernel/git/torvalds/linux into fbdev-for-next)
$ git merge fbdev/fbdev-for-next
Already up to date!
Merge made by the 'recursive' strategy.
Merging pm/linux-next (03216f1a350e Merge branch 'acpi-pm' into linux-next)
$ git merge pm/linux-next
Already up to date!
Merge made by the 'recursive' strategy.
Merging cpufreq-arm/cpufreq/arm/linux-next (a02177a39344 dt-bindings: imx-cpufreq-dt: Document opp-supported-hw usage)
$ git merge cpufreq-arm/cpufreq/arm/linux-next
Auto-merging drivers/soc/imx/soc-imx8.c
Auto-merging drivers/cpufreq/Kconfig.arm
Merge made by the 'recursive' strategy.
 .../devicetree/bindings/cpufreq/imx-cpufreq-dt.txt | 37 +++++++++
 drivers/cpufreq/Kconfig.arm                        |  9 ++
 drivers/cpufreq/Makefile                           |  1 +
 drivers/cpufreq/cpufreq-dt-platdev.c               |  3 +
 drivers/cpufreq/imx-cpufreq-dt.c                   | 96 ++++++++++++++++++++++
 drivers/soc/imx/soc-imx8.c                         |  3 +
 6 files changed, 149 insertions(+)
 create mode 100644 Documentation/devicetree/bindings/cpufreq/imx-cpufreq-dt.txt
 create mode 100644 drivers/cpufreq/imx-cpufreq-dt.c
Merging cpupower/cpupower (21027e78e7c1 cpupower: correct spelling of interval)
$ git merge cpupower/cpupower
Merge made by the 'recursive' strategy.
 tools/power/cpupower/man/cpupower-monitor.1 | 2 +-
 tools/power/cpupower/po/cs.po               | 2 +-
 tools/power/cpupower/po/de.po               | 2 +-
 tools/power/cpupower/po/fr.po               | 2 +-
 tools/power/cpupower/po/it.po               | 2 +-
 tools/power/cpupower/po/pt.po               | 2 +-
 6 files changed, 6 insertions(+), 6 deletions(-)
Merging opp/opp/linux-next (c0ab9e0812da opp: Allocate genpd_virt_devs from dev_pm_opp_attach_genpd())
$ git merge opp/opp/linux-next
Merge made by the 'recursive' strategy.
 drivers/opp/core.c     | 138 ++++++++++++++++++++++++++++++++-----------------
 drivers/opp/of.c       |  30 +----------
 include/linux/pm_opp.h |   8 +--
 3 files changed, 98 insertions(+), 78 deletions(-)
Merging thermal/next (6df24c3e81b9 Merge branches 'thermal-core', 'thermal-built-it' and 'thermal-intel' into next)
$ git merge thermal/next
Already up to date.
Merging thermal-soc/next (37bcec5d9f71 hwmon: (pwm-fan) Use devm_thermal_of_cooling_device_register)
$ git merge thermal-soc/next
Already up to date.
Merging ieee1394/for-next (812cd88749e0 firewire: mark expected switch fall-throughs)
$ git merge ieee1394/for-next
Auto-merging drivers/firewire/core-iso.c
Merge made by the 'recursive' strategy.
Merging dlm/next (54cca4bad076 dlm: allow binding to all network interfaces)
$ git merge dlm/next
Merge made by the 'recursive' strategy.
 fs/dlm/config.c    | 42 ++++++++++++++++++++++++
 fs/dlm/config.h    |  3 +-
 fs/dlm/lockspace.c |  6 ++--
 fs/dlm/lowcomms.c  | 95 +++++++++++++++++++++++++++++++++++++++++++-----------
 fs/dlm/lowcomms.h  |  1 +
 5 files changed, 125 insertions(+), 22 deletions(-)
Merging swiotlb/linux-next (063b8271ec8f swiotlb-xen: ensure we have a single callsite for xen_dma_map_page)
$ git merge swiotlb/linux-next
Already up to date.
Merging rdma/for-next (a188339ca5a3 Linux 5.2-rc1)
$ git merge rdma/for-next
Already up to date.
Merging net-next/master (9395da4efbd4 net: qualcomm: rmnet: Move common struct definitions to include)
$ git merge net-next/master
Auto-merging net/ipv6/route.c
Merge made by the 'recursive' strategy.
 .../devicetree/bindings/net/ti,dp83867.txt         |  14 +-
 drivers/net/ethernet/chelsio/cxgb4/cxgb4.h         |   2 +
 drivers/net/ethernet/chelsio/cxgb4/cxgb4_filter.c  |  41 ++--
 drivers/net/ethernet/chelsio/cxgb4/cxgb4_filter.h  |   2 +-
 drivers/net/ethernet/chelsio/cxgb4/cxgb4_main.c    |  52 ++++-
 drivers/net/ethernet/chelsio/cxgb4/cxgb4_uld.h     |   1 +
 drivers/net/ethernet/chelsio/cxgb4/t4_hw.c         |  79 ++++++-
 drivers/net/ethernet/chelsio/cxgb4/t4_regs.h       |   4 +
 drivers/net/ethernet/chelsio/cxgb4/t4fw_api.h      |  25 ++
 drivers/net/ethernet/freescale/dpaa2/dpaa2-eth.c   |   7 +-
 drivers/net/ethernet/freescale/fec_main.c          |   1 -
 drivers/net/ethernet/qualcomm/rmnet/rmnet_map.h    |  25 +-
 drivers/net/ethernet/xilinx/ll_temac.h             |   5 +-
 drivers/net/ethernet/xilinx/ll_temac_main.c        | 255 ++++++++++++++-------
 drivers/net/ethernet/xilinx/ll_temac_mdio.c        |  20 +-
 drivers/net/phy/dp83867.c                          | 190 +++++++++++----
 drivers/net/phy/lxt.c                              |   6 +
 drivers/net/phy/phy-core.c                         |   4 +-
 drivers/net/phy/phy_device.c                       |   2 +-
 include/dt-bindings/net/ti-dp83867.h               |   2 +
 include/linux/if_rmnet.h                           |  55 +++++
 include/linux/igmp.h                               |   2 +-
 include/linux/platform_data/xilinx-ll-temac.h      |   3 +-
 include/net/devlink.h                              |   2 +
 include/net/fib_rules.h                            |   1 +
 include/net/ip6_fib.h                              |   7 +
 include/net/ip_fib.h                               |   9 +-
 include/net/ipv6_stubs.h                           |   5 +
 include/trace/events/neigh.h                       |  49 ++++
 include/uapi/linux/ethtool.h                       |   2 +
 include/uapi/linux/unix_diag.h                     |   2 +
 net/core/devlink.c                                 |  38 +++
 net/core/neighbour.c                               |   2 +
 net/ipv4/fib_frontend.c                            |   3 +-
 net/ipv4/fib_semantics.c                           |  27 ++-
 net/ipv4/fib_trie.c                                |  72 ++++++
 net/ipv6/addrconf_core.c                           |   6 +
 net/ipv6/af_inet6.c                                |   3 +
 net/ipv6/ip6_fib.c                                 |  16 +-
 net/ipv6/route.c                                   |  33 +++
 net/unix/diag.c                                    |  12 +
 net/vmw_vsock/hyperv_transport.c                   |  95 ++++++--
 tools/testing/selftests/net/fib-onlink-tests.sh    |  48 +++-
 tools/testing/selftests/net/pmtu.sh                |  17 +-
 44 files changed, 975 insertions(+), 271 deletions(-)
 create mode 100644 include/linux/if_rmnet.h
Merging bpf-next/master (29c677c86a15 Merge branch 'bpf-jmp-seq-limit')
$ git merge bpf-next/master
Merge made by the 'recursive' strategy.
 kernel/bpf/verifier.c                              |   7 +-
 tools/lib/bpf/Makefile                             |  10 +
 .../selftests/bpf/prog_tests/bpf_verif_scale.c     |  31 ++-
 tools/testing/selftests/bpf/progs/pyperf.h         | 268 +++++++++++++++++++++
 tools/testing/selftests/bpf/progs/pyperf100.c      |   4 +
 tools/testing/selftests/bpf/progs/pyperf180.c      |   4 +
 tools/testing/selftests/bpf/progs/pyperf50.c       |   4 +
 tools/testing/selftests/bpf/test_verifier.c        |  31 +--
 8 files changed, 329 insertions(+), 30 deletions(-)
 create mode 100644 tools/testing/selftests/bpf/progs/pyperf.h
 create mode 100644 tools/testing/selftests/bpf/progs/pyperf100.c
 create mode 100644 tools/testing/selftests/bpf/progs/pyperf180.c
 create mode 100644 tools/testing/selftests/bpf/progs/pyperf50.c
Merging ipsec-next/master (f49aa1de9836 Merge tag 'for-5.2-rc1-tag' of git://git.kernel.org/pub/scm/linux/kernel/git/kdave/linux)
$ git merge ipsec-next/master
Already up to date.
Merging mlx5-next/mlx5-next (a188339ca5a3 Linux 5.2-rc1)
$ git merge mlx5-next/mlx5-next
Already up to date.
Merging netfilter-next/master (f49aa1de9836 Merge tag 'for-5.2-rc1-tag' of git://git.kernel.org/pub/scm/linux/kernel/git/kdave/linux)
$ git merge netfilter-next/master
Already up to date.
Merging nfc-next/master (1f008cfec5d5 NFC: fdp: Fix unused variable warnings)
$ git merge nfc-next/master
Auto-merging net/nfc/netlink.c
Auto-merging net/nfc/hci/core.c
Auto-merging drivers/nfc/st95hf/core.c
Auto-merging drivers/nfc/st21nfca/dep.c
Auto-merging drivers/nfc/fdp/i2c.c
Merge made by the 'recursive' strategy.
 drivers/nfc/fdp/fdp.c      | 35 +++++------------------------------
 drivers/nfc/fdp/i2c.c      | 26 +++++++++++++-------------
 drivers/nfc/st21nfca/dep.c |  3 ++-
 drivers/nfc/st21nfca/se.c  |  5 +++--
 drivers/nfc/st95hf/core.c  |  7 ++-----
 net/nfc/netlink.c          |  6 ++++--
 6 files changed, 29 insertions(+), 53 deletions(-)
Merging ipvs-next/master (f49aa1de9836 Merge tag 'for-5.2-rc1-tag' of git://git.kernel.org/pub/scm/linux/kernel/git/kdave/linux)
$ git merge ipvs-next/master
Already up to date.
Merging wireless-drivers-next/master (14a1eaa8820e hv_sock: perf: loop in send() to maximize bandwidth)
$ git merge wireless-drivers-next/master
Already up to date.
Merging bluetooth/master (62a91990f4c5 Bluetooth: hci_qca: Rename STATE_<flags> to QCA_<flags>)
$ git merge bluetooth/master
Already up to date.
Merging mac80211-next/master (80f232121b69 Merge git://git.kernel.org/pub/scm/linux/kernel/git/davem/net-next)
$ git merge mac80211-next/master
Already up to date.
Merging gfs2/for-next (d8e126ba276a gfs2: Clean up freeing struct gfs2_sbd)
$ git merge gfs2/for-next
Merge made by the 'recursive' strategy.
 fs/gfs2/ops_fstype.c | 23 ++++++++++++++---------
 fs/gfs2/super.h      |  2 ++
 fs/gfs2/sys.c        |  3 +--
 3 files changed, 17 insertions(+), 11 deletions(-)
Merging mtd/mtd/next (a188339ca5a3 Linux 5.2-rc1)
$ git merge mtd/mtd/next
Already up to date.
Merging nand/nand/next (84db7797ffd3 mtd: rawnand: fsmc: Use nand_op_trace for operation tracing)
$ git merge nand/nand/next
Auto-merging drivers/mtd/nand/raw/nand_base.c
Merge made by the 'recursive' strategy.
 drivers/mtd/nand/raw/fsmc_nand.c       | 19 +-------
 drivers/mtd/nand/raw/nand_base.c       | 80 ++++++++++++++++------------------
 drivers/mtd/nand/raw/stm32_fmc2_nand.c |  6 +++
 include/linux/mtd/rawnand.h            | 36 +++++++++++++++
 4 files changed, 82 insertions(+), 59 deletions(-)
Merging spi-nor/spi-nor/next (a188339ca5a3 Linux 5.2-rc1)
$ git merge spi-nor/spi-nor/next
Already up to date.
Merging crypto/master (0f7a81374060 crypto: crypto4xx - block ciphers should only accept complete blocks)
$ git merge crypto/master
Auto-merging drivers/crypto/caam/ctrl.c
Merge made by the 'recursive' strategy.
 arch/arm/crypto/sha512-glue.c              |   2 +-
 crypto/drbg.c                              |  94 +++++++++-
 drivers/crypto/amcc/crypto4xx_alg.c        |  36 ++--
 drivers/crypto/amcc/crypto4xx_core.c       |  24 +--
 drivers/crypto/amcc/crypto4xx_core.h       |  10 +-
 drivers/crypto/caam/Kconfig                |  46 ++---
 drivers/crypto/caam/Makefile               |  18 +-
 drivers/crypto/caam/caamalg.c              |  95 +++++-----
 drivers/crypto/caam/caamalg_qi.c           | 124 ++++++-------
 drivers/crypto/caam/caamalg_qi2.c          |  72 ++++++--
 drivers/crypto/caam/caamhash.c             |  81 +++-----
 drivers/crypto/caam/caampkc.c              |  57 +-----
 drivers/crypto/caam/caamrng.c              |  54 +-----
 drivers/crypto/caam/ctrl.c                 |  50 ++---
 drivers/crypto/caam/desc_constr.h          |  11 ++
 drivers/crypto/caam/intern.h               | 102 +++++++++-
 drivers/crypto/caam/jr.c                   |  43 +++++
 drivers/crypto/caam/qi.c                   |  52 +++---
 drivers/crypto/ccp/ccp-crypto-aes.c        |   8 +-
 drivers/crypto/ccp/ccp-ops.c               |  21 +--
 drivers/crypto/qat/qat_common/qat_algs.c   | 288 ++++++++++++++++++++---------
 drivers/crypto/qat/qat_common/qat_crypto.h |   2 +
 drivers/crypto/talitos.c                   |   4 +
 include/crypto/drbg.h                      |   2 +
 24 files changed, 778 insertions(+), 518 deletions(-)
Merging drm/drm-next (a188339ca5a3 Linux 5.2-rc1)
$ git merge drm/drm-next
Already up to date.
Merging amdgpu/drm-next (792e39db0e6d drm/amdkfd: Add domain number into gpu_id)
$ git merge amdgpu/drm-next
Auto-merging drivers/gpu/drm/amd/powerplay/amdgpu_smu.c
Auto-merging drivers/gpu/drm/amd/display/amdgpu_dm/amdgpu_dm.c
CONFLICT (content): Merge conflict in drivers/gpu/drm/amd/display/amdgpu_dm/amdgpu_dm.c
Auto-merging drivers/gpu/drm/amd/display/Kconfig
Auto-merging drivers/gpu/drm/amd/amdkfd/kfd_priv.h
Auto-merging drivers/gpu/drm/amd/amdkfd/kfd_device_queue_manager.c
CONFLICT (content): Merge conflict in drivers/gpu/drm/amd/amdkfd/kfd_device_queue_manager.c
Auto-merging drivers/gpu/drm/amd/amdkfd/kfd_device.c
Auto-merging drivers/gpu/drm/amd/amdgpu/soc15.c
Auto-merging drivers/gpu/drm/amd/amdgpu/gmc_v9_0.c
Auto-merging drivers/gpu/drm/amd/amdgpu/amdgpu_psp.c
Auto-merging drivers/gpu/drm/amd/amdgpu/Kconfig
Recorded preimage for 'drivers/gpu/drm/amd/amdkfd/kfd_device_queue_manager.c'
Recorded preimage for 'drivers/gpu/drm/amd/display/amdgpu_dm/amdgpu_dm.c'
Automatic merge failed; fix conflicts and then commit the result.
$ git commit -v -a
Recorded resolution for 'drivers/gpu/drm/amd/amdkfd/kfd_device_queue_manager.c'.
Recorded resolution for 'drivers/gpu/drm/amd/display/amdgpu_dm/amdgpu_dm.c'.
[master 6475daee6597] Merge remote-tracking branch 'amdgpu/drm-next'
$ git diff -M --stat --summary HEAD^..
 drivers/gpu/drm/amd/amdgpu/Kconfig                 |   7 +-
 drivers/gpu/drm/amd/amdgpu/Makefile                |   4 +-
 drivers/gpu/drm/amd/amdgpu/amdgpu.h                |  27 +-
 drivers/gpu/drm/amd/amdgpu/amdgpu_amdkfd.c         |  29 +-
 drivers/gpu/drm/amd/amdgpu/amdgpu_amdkfd.h         |   3 +-
 drivers/gpu/drm/amd/amdgpu/amdgpu_amdkfd_gfx_v7.c  |   2 +-
 drivers/gpu/drm/amd/amdgpu/amdgpu_amdkfd_gfx_v8.c  |   2 +-
 drivers/gpu/drm/amd/amdgpu/amdgpu_amdkfd_gfx_v9.c  |  83 ++--
 drivers/gpu/drm/amd/amdgpu/amdgpu_amdkfd_gpuvm.c   | 122 ++----
 drivers/gpu/drm/amd/amdgpu/amdgpu_bo_list.c        |   6 +-
 drivers/gpu/drm/amd/amdgpu/amdgpu_bo_list.h        |   2 +-
 drivers/gpu/drm/amd/amdgpu/amdgpu_cs.c             | 144 +++---
 drivers/gpu/drm/amd/amdgpu/amdgpu_device.c         | 109 +++--
 .../amdgpu/{amdgpu_prime.c => amdgpu_dma_buf.c}    | 131 +++---
 drivers/gpu/drm/amd/amdgpu/amdgpu_dma_buf.h        |  46 ++
 drivers/gpu/drm/amd/amdgpu/amdgpu_dpm.h            |  14 +
 drivers/gpu/drm/amd/amdgpu/amdgpu_drv.c            |  83 +++-
 drivers/gpu/drm/amd/amdgpu/amdgpu_fence.c          |  35 +-
 drivers/gpu/drm/amd/amdgpu/amdgpu_gds.h            |  21 +-
 drivers/gpu/drm/amd/amdgpu/amdgpu_gem.c            |  14 +-
 drivers/gpu/drm/amd/amdgpu/amdgpu_gem.h            |  16 -
 drivers/gpu/drm/amd/amdgpu/amdgpu_job.c            |   2 +
 drivers/gpu/drm/amd/amdgpu/amdgpu_kms.c            |  11 +-
 drivers/gpu/drm/amd/amdgpu/amdgpu_mn.c             | 185 ++++----
 drivers/gpu/drm/amd/amdgpu/amdgpu_mn.h             |   8 +-
 drivers/gpu/drm/amd/amdgpu/amdgpu_pm.c             | 222 +++++++++-
 drivers/gpu/drm/amd/amdgpu/amdgpu_psp.c            |  28 ++
 drivers/gpu/drm/amd/amdgpu/amdgpu_psp.h            |  37 +-
 drivers/gpu/drm/amd/amdgpu/amdgpu_ras.c            | 228 +++++++++-
 drivers/gpu/drm/amd/amdgpu/amdgpu_ras.h            |  11 +-
 drivers/gpu/drm/amd/amdgpu/amdgpu_ring.h           |   1 +
 drivers/gpu/drm/amd/amdgpu/amdgpu_ttm.c            | 289 ++++++------
 drivers/gpu/drm/amd/amdgpu/amdgpu_ttm.h            |  16 +-
 drivers/gpu/drm/amd/amdgpu/amdgpu_ucode.c          |  63 +++
 drivers/gpu/drm/amd/amdgpu/amdgpu_ucode.h          |   2 +
 drivers/gpu/drm/amd/amdgpu/amdgpu_vcn.c            | 130 +-----
 drivers/gpu/drm/amd/amdgpu/amdgpu_vcn.h            |  23 +
 drivers/gpu/drm/amd/amdgpu/amdgpu_virt.c           |  44 ++
 drivers/gpu/drm/amd/amdgpu/amdgpu_virt.h           |  13 +
 drivers/gpu/drm/amd/amdgpu/amdgpu_xgmi.c           |  53 ++-
 drivers/gpu/drm/amd/amdgpu/amdgpu_xgmi.h           |   3 +-
 drivers/gpu/drm/amd/amdgpu/cik.c                   |  13 +
 drivers/gpu/drm/amd/amdgpu/df_v3_6.c               | 428 ++++++++++++++++++
 drivers/gpu/drm/amd/amdgpu/df_v3_6.h               |  17 +
 drivers/gpu/drm/amd/amdgpu/gfx_v7_0.c              |  32 +-
 drivers/gpu/drm/amd/amdgpu/gfx_v8_0.c              |  32 +-
 drivers/gpu/drm/amd/amdgpu/gfx_v9_0.c              | 424 ++++++++++++++----
 drivers/gpu/drm/amd/amdgpu/gfxhub_v1_0.c           |  20 +-
 drivers/gpu/drm/amd/amdgpu/gmc_v8_0.c              |  14 +-
 drivers/gpu/drm/amd/amdgpu/gmc_v9_0.c              |  35 +-
 drivers/gpu/drm/amd/amdgpu/mmhub_v1_0.c            |  25 +-
 drivers/gpu/drm/amd/amdgpu/mxgpu_ai.c              |  21 +-
 drivers/gpu/drm/amd/amdgpu/nbio_v7_0.c             |  15 +-
 drivers/gpu/drm/amd/amdgpu/nbio_v7_4.c             |  15 +-
 drivers/gpu/drm/amd/amdgpu/psp_gfx_if.h            |   8 +
 drivers/gpu/drm/amd/amdgpu/psp_v3_1.c              | 131 ++++--
 drivers/gpu/drm/amd/amdgpu/sdma_v4_0.c             |  43 +-
 drivers/gpu/drm/amd/amdgpu/si.c                    |  13 +
 drivers/gpu/drm/amd/amdgpu/soc15.c                 |  86 +++-
 drivers/gpu/drm/amd/amdgpu/soc15.h                 |  10 +
 drivers/gpu/drm/amd/amdgpu/soc15_common.h          |  68 ++-
 drivers/gpu/drm/amd/amdgpu/uvd_v4_2.c              |   1 +
 drivers/gpu/drm/amd/amdgpu/uvd_v5_0.c              |   1 +
 drivers/gpu/drm/amd/amdgpu/uvd_v6_0.c              |   3 +
 drivers/gpu/drm/amd/amdgpu/uvd_v7_0.c              |   2 +
 drivers/gpu/drm/amd/amdgpu/vce_v2_0.c              |   1 +
 drivers/gpu/drm/amd/amdgpu/vce_v3_0.c              |   2 +
 drivers/gpu/drm/amd/amdgpu/vce_v4_0.c              |   1 +
 drivers/gpu/drm/amd/amdgpu/vcn_v1_0.c              | 135 +++++-
 drivers/gpu/drm/amd/amdgpu/vega10_ih.c             |  91 +++-
 drivers/gpu/drm/amd/amdgpu/vi.c                    |  13 +
 drivers/gpu/drm/amd/amdkfd/cwsr_trap_handler.h     | 483 ++++++++++-----------
 .../gpu/drm/amd/amdkfd/cwsr_trap_handler_gfx8.asm  |  13 -
 .../gpu/drm/amd/amdkfd/cwsr_trap_handler_gfx9.asm  |  63 +--
 drivers/gpu/drm/amd/amdkfd/kfd_chardev.c           |  10 +-
 drivers/gpu/drm/amd/amdkfd/kfd_crat.c              |  12 +-
 drivers/gpu/drm/amd/amdkfd/kfd_crat.h              |   3 +-
 drivers/gpu/drm/amd/amdkfd/kfd_device.c            |  35 ++
 .../gpu/drm/amd/amdkfd/kfd_device_queue_manager.c  | 375 +++++++++-------
 .../gpu/drm/amd/amdkfd/kfd_device_queue_manager.h  |  14 +-
 .../drm/amd/amdkfd/kfd_device_queue_manager_cik.c  |   2 +
 .../drm/amd/amdkfd/kfd_device_queue_manager_v9.c   |   1 +
 .../drm/amd/amdkfd/kfd_device_queue_manager_vi.c   |   2 +
 drivers/gpu/drm/amd/amdkfd/kfd_events.c            |   2 +-
 drivers/gpu/drm/amd/amdkfd/kfd_flat_memory.c       |   3 +-
 drivers/gpu/drm/amd/amdkfd/kfd_kernel_queue.c      |   6 +-
 drivers/gpu/drm/amd/amdkfd/kfd_kernel_queue_v9.c   |   4 +-
 drivers/gpu/drm/amd/amdkfd/kfd_kernel_queue_vi.c   |   4 +-
 drivers/gpu/drm/amd/amdkfd/kfd_mqd_manager.c       |  70 +--
 drivers/gpu/drm/amd/amdkfd/kfd_mqd_manager.h       |   8 +
 drivers/gpu/drm/amd/amdkfd/kfd_mqd_manager_cik.c   |  53 ++-
 drivers/gpu/drm/amd/amdkfd/kfd_mqd_manager_v9.c    |  85 ++--
 drivers/gpu/drm/amd/amdkfd/kfd_mqd_manager_vi.c    |  55 ++-
 drivers/gpu/drm/amd/amdkfd/kfd_packet_manager.c    |   4 +-
 drivers/gpu/drm/amd/amdkfd/kfd_pm4_headers_ai.h    |   7 +-
 drivers/gpu/drm/amd/amdkfd/kfd_pm4_headers_vi.h    |   7 +-
 drivers/gpu/drm/amd/amdkfd/kfd_priv.h              |   9 +-
 .../gpu/drm/amd/amdkfd/kfd_process_queue_manager.c |  14 +-
 drivers/gpu/drm/amd/amdkfd/kfd_topology.c          |  13 +-
 drivers/gpu/drm/amd/amdkfd/kfd_topology.h          |   2 +
 drivers/gpu/drm/amd/display/Kconfig                |   6 -
 drivers/gpu/drm/amd/display/amdgpu_dm/amdgpu_dm.c  |  16 +-
 drivers/gpu/drm/amd/display/dc/bios/bios_parser2.c |   2 +
 .../amd/display/dc/bios/command_table_helper2.c    |   5 -
 drivers/gpu/drm/amd/display/dc/core/dc.c           |  95 ++--
 .../gpu/drm/amd/display/dc/core/dc_hw_sequencer.c  |  29 +-
 drivers/gpu/drm/amd/display/dc/core/dc_link.c      |  37 +-
 drivers/gpu/drm/amd/display/dc/core/dc_resource.c  | 130 ++----
 drivers/gpu/drm/amd/display/dc/core/dc_stream.c    |  51 +--
 drivers/gpu/drm/amd/display/dc/dc.h                |   5 +-
 drivers/gpu/drm/amd/display/dc/dc_helper.c         |   2 +-
 drivers/gpu/drm/amd/display/dc/dc_hw_types.h       |   1 +
 drivers/gpu/drm/amd/display/dc/dc_link.h           |   1 +
 drivers/gpu/drm/amd/display/dc/dc_types.h          |   2 +-
 drivers/gpu/drm/amd/display/dc/dce/dce_abm.c       |   2 +
 drivers/gpu/drm/amd/display/dc/dce/dce_clk_mgr.c   |  78 +++-
 drivers/gpu/drm/amd/display/dc/dce/dce_clk_mgr.h   |  23 +
 .../gpu/drm/amd/display/dc/dce/dce_clock_source.c  |   4 +-
 drivers/gpu/drm/amd/display/dc/dce/dce_i2c_hw.c    |   7 +-
 drivers/gpu/drm/amd/display/dc/dce/dce_i2c_hw.h    |   3 +
 .../drm/amd/display/dc/dce/dce_stream_encoder.c    |   1 +
 .../drm/amd/display/dc/dce100/dce100_resource.c    |  44 +-
 .../drm/amd/display/dc/dce100/dce100_resource.h    |   5 +
 .../amd/display/dc/dce110/dce110_hw_sequencer.c    |  97 ++---
 .../drm/amd/display/dc/dce110/dce110_resource.c    |  40 +-
 .../drm/amd/display/dc/dce110/dce110_resource.h    |   5 +
 .../display/dc/dce110/dce110_timing_generator.c    |   5 +
 .../display/dc/dce110/dce110_timing_generator.h    |   5 +
 .../display/dc/dce110/dce110_timing_generator_v.c  |   5 +
 .../drm/amd/display/dc/dce112/dce112_resource.c    |   3 +-
 .../drm/amd/display/dc/dce120/dce120_resource.c    |   9 +-
 .../display/dc/dce120/dce120_timing_generator.c    |  96 +++-
 .../gpu/drm/amd/display/dc/dce80/dce80_resource.c  |   3 +-
 .../amd/display/dc/dce80/dce80_timing_generator.c  |   7 +-
 .../gpu/drm/amd/display/dc/dcn10/dcn10_clk_mgr.c   |  78 +++-
 .../gpu/drm/amd/display/dc/dcn10/dcn10_hubbub.c    | 430 +++++++++---------
 .../gpu/drm/amd/display/dc/dcn10/dcn10_hubbub.h    |  16 +
 .../drm/amd/display/dc/dcn10/dcn10_hw_sequencer.c  |  55 ++-
 .../drm/amd/display/dc/dcn10/dcn10_hw_sequencer.h  |   2 +
 .../drm/amd/display/dc/dcn10/dcn10_link_encoder.c  |   2 +
 drivers/gpu/drm/amd/display/dc/dcn10/dcn10_optc.c  | 152 ++++---
 drivers/gpu/drm/amd/display/dc/dcn10/dcn10_optc.h  |  20 +-
 .../gpu/drm/amd/display/dc/dcn10/dcn10_resource.c  |  91 ++--
 .../gpu/drm/amd/display/dc/dcn10/dcn10_resource.h  |   5 +
 .../amd/display/dc/dcn10/dcn10_stream_encoder.c    | 107 ++++-
 .../amd/display/dc/dcn10/dcn10_stream_encoder.h    |  22 +
 drivers/gpu/drm/amd/display/dc/dm_pp_smu.h         |   2 +-
 .../drm/amd/display/dc/dml/display_mode_structs.h  |   5 +
 drivers/gpu/drm/amd/display/dc/gpio/hw_factory.c   |   4 -
 drivers/gpu/drm/amd/display/dc/gpio/hw_translate.c |   5 -
 drivers/gpu/drm/amd/display/dc/inc/core_types.h    |  25 ++
 drivers/gpu/drm/amd/display/dc/inc/hw/clk_mgr.h    |   8 +-
 .../gpu/drm/amd/display/dc/inc/hw/link_encoder.h   |   1 +
 .../gpu/drm/amd/display/dc/inc/hw/stream_encoder.h |   7 +-
 .../drm/amd/display/dc/inc/hw/timing_generator.h   |  25 +-
 drivers/gpu/drm/amd/display/dc/inc/hw_sequencer.h  |   5 +
 .../drm/amd/display/include/bios_parser_types.h    |   3 +-
 drivers/gpu/drm/amd/display/include/dal_asic_id.h  |   7 +-
 drivers/gpu/drm/amd/display/include/dal_types.h    |   2 -
 .../gpu/drm/amd/display/include/set_mode_types.h   |   5 +-
 .../drm/amd/display/modules/color/color_gamma.c    |  56 ++-
 .../drm/amd/display/modules/color/color_gamma.h    |   1 +
 .../amd/display/modules/info_packet/info_packet.c  |   4 +-
 .../drm/amd/include/asic_reg/df/df_3_6_offset.h    |  18 +
 .../drm/amd/include/asic_reg/gc/gc_9_0_offset.h    |  31 ++
 .../drm/amd/include/asic_reg/nbio/nbio_6_1_smn.h   |   3 +
 .../drm/amd/include/asic_reg/nbio/nbio_7_0_smn.h   |   3 +
 .../drm/amd/include/asic_reg/nbio/nbio_7_4_0_smn.h |   3 +
 drivers/gpu/drm/amd/include/cik_structs.h          |   3 +-
 drivers/gpu/drm/amd/include/kgd_kfd_interface.h    |   1 +
 drivers/gpu/drm/amd/include/kgd_pp_interface.h     |  11 +
 drivers/gpu/drm/amd/include/v9_structs.h           |   3 +-
 drivers/gpu/drm/amd/include/vi_structs.h           |   3 +-
 drivers/gpu/drm/amd/powerplay/amdgpu_smu.c         |  76 ++--
 .../gpu/drm/amd/powerplay/hwmgr/hardwaremanager.c  |  18 +-
 drivers/gpu/drm/amd/powerplay/hwmgr/smu7_hwmgr.c   |   5 +-
 drivers/gpu/drm/amd/powerplay/hwmgr/vega10_hwmgr.c | 143 +++++-
 drivers/gpu/drm/amd/powerplay/hwmgr/vega12_hwmgr.c | 113 +++--
 drivers/gpu/drm/amd/powerplay/hwmgr/vega12_hwmgr.h |   3 +
 drivers/gpu/drm/amd/powerplay/hwmgr/vega20_hwmgr.c |  74 +++-
 drivers/gpu/drm/amd/powerplay/inc/amdgpu_smu.h     |  12 +-
 drivers/gpu/drm/amd/powerplay/inc/power_state.h    |   7 +
 drivers/gpu/drm/amd/powerplay/inc/pp_thermal.h     |  12 +-
 drivers/gpu/drm/amd/powerplay/inc/smu_v11_0.h      |   3 +
 drivers/gpu/drm/amd/powerplay/inc/smumgr.h         |   1 +
 drivers/gpu/drm/amd/powerplay/smu_v11_0.c          | 191 ++++++--
 drivers/gpu/drm/amd/powerplay/smumgr/ci_smumgr.c   |   2 +
 drivers/gpu/drm/amd/powerplay/smumgr/fiji_smumgr.c |   2 +
 .../gpu/drm/amd/powerplay/smumgr/iceland_smumgr.c  |   2 +
 .../drm/amd/powerplay/smumgr/polaris10_smumgr.c    |   2 +
 .../gpu/drm/amd/powerplay/smumgr/tonga_smumgr.c    |   2 +
 .../gpu/drm/amd/powerplay/smumgr/vega12_smumgr.c   |  21 +
 .../gpu/drm/amd/powerplay/smumgr/vegam_smumgr.c    |   2 +
 drivers/gpu/drm/amd/powerplay/vega20_ppt.c         | 153 +++++++
 drivers/gpu/drm/amd/powerplay/vega20_ppt.h         |  44 ++
 include/uapi/linux/kfd_ioctl.h                     |  15 +-
 196 files changed, 5868 insertions(+), 2411 deletions(-)
 rename drivers/gpu/drm/amd/amdgpu/{amdgpu_prime.c => amdgpu_dma_buf.c} (93%)
 create mode 100644 drivers/gpu/drm/amd/amdgpu/amdgpu_dma_buf.h
Merging drm-intel/for-linux-next (b3ca0d44917c drm/i915: remove unused IO_TLB_SEGPAGES which should be defined by swiotlb)
$ git merge drm-intel/for-linux-next
Auto-merging drivers/misc/mei/hdcp/mei_hdcp.c
Auto-merging drivers/gpu/drm/i915/intel_runtime_pm.c
Auto-merging drivers/gpu/drm/i915/intel_pipe_crc.c
CONFLICT (content): Merge conflict in drivers/gpu/drm/i915/intel_pipe_crc.c
Auto-merging drivers/gpu/drm/i915/intel_hdmi.c
Auto-merging drivers/gpu/drm/i915/intel_guc_submission.c
CONFLICT (content): Merge conflict in drivers/gpu/drm/i915/intel_guc_submission.c
Auto-merging drivers/gpu/drm/i915/intel_display.c
CONFLICT (content): Merge conflict in drivers/gpu/drm/i915/intel_display.c
Removing drivers/gpu/drm/i915/intel_context.h
CONFLICT (modify/delete): drivers/gpu/drm/i915/intel_context.c deleted in drm-intel/for-linux-next and modified in HEAD. Version HEAD of drivers/gpu/drm/i915/intel_context.c left in tree.
Auto-merging drivers/gpu/drm/i915/intel_color.c
Auto-merging drivers/gpu/drm/i915/i915_vma.c
Auto-merging drivers/gpu/drm/i915/i915_scheduler_types.h
Auto-merging drivers/gpu/drm/i915/i915_scheduler.c
CONFLICT (content): Merge conflict in drivers/gpu/drm/i915/i915_scheduler.c
Auto-merging drivers/gpu/drm/i915/i915_request.c
CONFLICT (content): Merge conflict in drivers/gpu/drm/i915/i915_request.c
Auto-merging drivers/gpu/drm/i915/i915_gem_execbuffer.c
Auto-merging drivers/gpu/drm/i915/i915_gem.c
Auto-merging drivers/gpu/drm/i915/gvt/scheduler.c
Auto-merging drivers/gpu/drm/i915/gvt/mmio_context.c
Auto-merging drivers/gpu/drm/i915/gt/selftest_lrc.c
Auto-merging drivers/gpu/drm/i915/gt/intel_workarounds.c
Auto-merging drivers/gpu/drm/i915/gt/intel_lrc.c
CONFLICT (content): Merge conflict in drivers/gpu/drm/i915/gt/intel_lrc.c
Auto-merging drivers/gpu/drm/i915/gt/intel_context_types.h
CONFLICT (content): Merge conflict in drivers/gpu/drm/i915/gt/intel_context_types.h
Auto-merging drivers/gpu/drm/i915/gt/intel_breadcrumbs.c
CONFLICT (content): Merge conflict in drivers/gpu/drm/i915/gt/intel_breadcrumbs.c
Auto-merging drivers/gpu/drm/i915/Kconfig
Auto-merging drivers/gpu/drm/drm_connector.c
Resolved 'drivers/gpu/drm/i915/gt/intel_breadcrumbs.c' using previous resolution.
Resolved 'drivers/gpu/drm/i915/gt/intel_context_types.h' using previous resolution.
Resolved 'drivers/gpu/drm/i915/gt/intel_lrc.c' using previous resolution.
Resolved 'drivers/gpu/drm/i915/i915_request.c' using previous resolution.
Resolved 'drivers/gpu/drm/i915/i915_scheduler.c' using previous resolution.
Resolved 'drivers/gpu/drm/i915/intel_display.c' using previous resolution.
Resolved 'drivers/gpu/drm/i915/intel_guc_submission.c' using previous resolution.
Resolved 'drivers/gpu/drm/i915/intel_pipe_crc.c' using previous resolution.
Automatic merge failed; fix conflicts and then commit the result.
$ git rm -f drivers/gpu/drm/i915/intel_context.c
drivers/gpu/drm/i915/intel_context.c: needs merge
rm 'drivers/gpu/drm/i915/intel_context.c'
$ git commit -v -a
[master 371b351d7459] Merge remote-tracking branch 'drm-intel/for-linux-next'
$ git diff -M --stat --summary HEAD^..
 Documentation/gpu/drm-kms-helpers.rst              |    6 +
 drivers/gpu/drm/Makefile                           |    2 +-
 drivers/gpu/drm/bridge/analogix/analogix_dp_core.c |   12 +-
 drivers/gpu/drm/bridge/analogix/analogix_dp_core.h |    2 +-
 drivers/gpu/drm/bridge/analogix/analogix_dp_reg.c  |   10 +-
 drivers/gpu/drm/drm_atomic_uapi.c                  |    4 +-
 drivers/gpu/drm/drm_connector.c                    |   43 -
 drivers/gpu/drm/drm_hdcp.c                         |  382 +++++++
 drivers/gpu/drm/drm_internal.h                     |    5 +
 drivers/gpu/drm/drm_sysfs.c                        |    2 +
 drivers/gpu/drm/i915/Kconfig                       |    6 +
 drivers/gpu/drm/i915/Kconfig.profile               |   13 +
 drivers/gpu/drm/i915/Makefile                      |   52 +-
 drivers/gpu/drm/i915/Makefile.header-test          |   34 +-
 drivers/gpu/drm/i915/dvo_ch7017.c                  |    3 +-
 drivers/gpu/drm/i915/dvo_ch7xxx.c                  |    3 +-
 drivers/gpu/drm/i915/dvo_ivch.c                    |    3 +-
 drivers/gpu/drm/i915/dvo_ns2501.c                  |    5 +-
 drivers/gpu/drm/i915/dvo_sil164.c                  |    3 +-
 drivers/gpu/drm/i915/dvo_tfp410.c                  |    3 +-
 drivers/gpu/drm/i915/gt/Makefile                   |    2 +
 drivers/gpu/drm/i915/gt/Makefile.header-test       |   16 +
 drivers/gpu/drm/i915/{ => gt}/intel_breadcrumbs.c  |   19 +
 drivers/gpu/drm/i915/gt/intel_context.c            |  179 +++
 drivers/gpu/drm/i915/gt/intel_context.h            |  130 +++
 .../gpu/drm/i915/{ => gt}/intel_context_types.h    |   19 +-
 .../i915/{intel_ringbuffer.h => gt/intel_engine.h} |   54 +-
 drivers/gpu/drm/i915/{ => gt}/intel_engine_cs.c    |  381 +++----
 drivers/gpu/drm/i915/gt/intel_engine_pm.c          |  164 +++
 drivers/gpu/drm/i915/gt/intel_engine_pm.h          |   22 +
 drivers/gpu/drm/i915/{ => gt}/intel_engine_types.h |   38 +-
 drivers/gpu/drm/i915/{ => gt}/intel_gpu_commands.h |    0
 drivers/gpu/drm/i915/gt/intel_gt_pm.c              |  143 +++
 drivers/gpu/drm/i915/gt/intel_gt_pm.h              |   27 +
 drivers/gpu/drm/i915/{ => gt}/intel_hangcheck.c    |   29 +-
 drivers/gpu/drm/i915/{ => gt}/intel_lrc.c          | 1187 +++++++++++++++-----
 drivers/gpu/drm/i915/{ => gt}/intel_lrc.h          |   22 +-
 drivers/gpu/drm/i915/{ => gt}/intel_lrc_reg.h      |    0
 drivers/gpu/drm/i915/{ => gt}/intel_mocs.c         |    4 +-
 drivers/gpu/drm/i915/{ => gt}/intel_mocs.h         |    4 +-
 .../drm/i915/{i915_reset.c => gt/intel_reset.c}    |  114 +-
 .../drm/i915/{i915_reset.h => gt/intel_reset.h}    |    3 +-
 drivers/gpu/drm/i915/{ => gt}/intel_ringbuffer.c   |  360 +++---
 drivers/gpu/drm/i915/gt/intel_sseu.c               |  142 +++
 drivers/gpu/drm/i915/gt/intel_sseu.h               |   67 ++
 drivers/gpu/drm/i915/{ => gt}/intel_workarounds.c  |  301 +++--
 drivers/gpu/drm/i915/{ => gt}/intel_workarounds.h  |   10 +-
 .../drm/i915/{ => gt}/intel_workarounds_types.h    |    7 +-
 .../gpu/drm/i915/{selftests => gt}/mock_engine.c   |   53 +-
 .../gpu/drm/i915/{selftests => gt}/mock_engine.h   |    4 +-
 .../intel_engine_cs.c => gt/selftest_engine_cs.c}  |    0
 .../intel_hangcheck.c => gt/selftest_hangcheck.c}  |  227 +---
 .../{selftests/intel_lrc.c => gt/selftest_lrc.c}   |  538 ++++++++-
 drivers/gpu/drm/i915/gt/selftest_reset.c           |  118 ++
 .../selftest_workarounds.c}                        |  429 +++++--
 drivers/gpu/drm/i915/gvt/gvt.h                     |    2 +-
 drivers/gpu/drm/i915/gvt/kvmgt.c                   |    2 +-
 drivers/gpu/drm/i915/gvt/mmio_context.c            |    3 +-
 drivers/gpu/drm/i915/gvt/scheduler.c               |  147 +--
 drivers/gpu/drm/i915/i915_cmd_parser.c             |    3 +-
 drivers/gpu/drm/i915/i915_debugfs.c                |  121 +-
 drivers/gpu/drm/i915/i915_debugfs.h                |   20 +
 drivers/gpu/drm/i915/i915_drv.c                    |   45 +-
 drivers/gpu/drm/i915/i915_drv.h                    |  411 +------
 drivers/gpu/drm/i915/i915_fixed.h                  |    6 +-
 drivers/gpu/drm/i915/i915_gem.c                    |  551 ++-------
 drivers/gpu/drm/i915/i915_gem.h                    |    8 +-
 drivers/gpu/drm/i915/i915_gem_context.c            |  974 +++++++++++++---
 drivers/gpu/drm/i915/i915_gem_context.h            |   83 +-
 drivers/gpu/drm/i915/i915_gem_context_types.h      |   45 +-
 drivers/gpu/drm/i915/i915_gem_evict.c              |   47 +-
 drivers/gpu/drm/i915/i915_gem_execbuffer.c         |  175 ++-
 drivers/gpu/drm/i915/i915_gem_gtt.c                |  151 ++-
 drivers/gpu/drm/i915/i915_gem_gtt.h                |   32 +-
 drivers/gpu/drm/i915/i915_gem_internal.c           |    3 -
 drivers/gpu/drm/i915/i915_gem_pm.c                 |  250 +++++
 drivers/gpu/drm/i915/i915_gem_pm.h                 |   25 +
 drivers/gpu/drm/i915/i915_gem_shrinker.c           |   75 +-
 drivers/gpu/drm/i915/i915_gpu_error.c              |    5 +-
 drivers/gpu/drm/i915/i915_gpu_error.h              |    7 +-
 drivers/gpu/drm/i915/i915_irq.c                    |    8 +-
 drivers/gpu/drm/i915/i915_irq.h                    |  114 ++
 drivers/gpu/drm/i915/i915_pci.c                    |    7 +-
 drivers/gpu/drm/i915/i915_perf.c                   |   90 +-
 drivers/gpu/drm/i915/i915_pmu.c                    |    7 +-
 drivers/gpu/drm/i915/i915_query.c                  |   49 +
 drivers/gpu/drm/i915/i915_reg.h                    |   19 +-
 drivers/gpu/drm/i915/i915_request.c                |  353 +++---
 drivers/gpu/drm/i915/i915_request.h                |   17 +-
 drivers/gpu/drm/i915/i915_scheduler.c              |   57 +-
 drivers/gpu/drm/i915/i915_scheduler.h              |   18 +
 drivers/gpu/drm/i915/i915_scheduler_types.h        |    2 +-
 drivers/gpu/drm/i915/i915_suspend.c                |    3 +-
 drivers/gpu/drm/i915/i915_sysfs.c                  |   51 +-
 drivers/gpu/drm/i915/i915_timeline_types.h         |    1 +
 drivers/gpu/drm/i915/i915_trace.h                  |    4 +-
 drivers/gpu/drm/i915/i915_utils.h                  |  197 +++-
 drivers/gpu/drm/i915/i915_vma.c                    |   13 +-
 drivers/gpu/drm/i915/i915_vma.h                    |    3 +
 drivers/gpu/drm/i915/icl_dsi.c                     |   63 +-
 drivers/gpu/drm/i915/intel_acpi.c                  |    3 +
 drivers/gpu/drm/i915/intel_acpi.h                  |   17 +
 drivers/gpu/drm/i915/intel_atomic.c                |   13 +
 drivers/gpu/drm/i915/intel_atomic.h                |   49 +
 drivers/gpu/drm/i915/intel_audio.c                 |   61 +-
 drivers/gpu/drm/i915/intel_bios.c                  |    2 +
 drivers/gpu/drm/i915/intel_bios.h                  |   21 +
 drivers/gpu/drm/i915/intel_cdclk.c                 |   59 +-
 drivers/gpu/drm/i915/intel_color.c                 |   96 +-
 drivers/gpu/drm/i915/intel_combo_phy.c             |   77 +-
 drivers/gpu/drm/i915/intel_combo_phy.h             |   20 +
 drivers/gpu/drm/i915/intel_context.c               |  270 -----
 drivers/gpu/drm/i915/intel_context.h               |   87 --
 drivers/gpu/drm/i915/intel_crt.c                   |    3 +
 drivers/gpu/drm/i915/intel_csr.c                   |    2 -
 drivers/gpu/drm/i915/intel_csr.h                   |    4 +
 drivers/gpu/drm/i915/intel_ddi.c                   |   40 +-
 drivers/gpu/drm/i915/intel_device_info.h           |   33 +-
 drivers/gpu/drm/i915/intel_display.c               | 1021 ++++++++++-------
 drivers/gpu/drm/i915/intel_display.h               |   10 +-
 drivers/gpu/drm/i915/intel_dp.c                    |  263 ++++-
 drivers/gpu/drm/i915/intel_dp.h                    |    1 +
 drivers/gpu/drm/i915/intel_dp_aux_backlight.c      |    1 +
 drivers/gpu/drm/i915/intel_dp_aux_backlight.h      |   13 +
 drivers/gpu/drm/i915/intel_dp_link_training.c      |    1 +
 drivers/gpu/drm/i915/intel_dp_link_training.h      |   14 +
 drivers/gpu/drm/i915/intel_dp_mst.c                |    3 +
 drivers/gpu/drm/i915/intel_dp_mst.h                |   14 +
 drivers/gpu/drm/i915/intel_dpio_phy.c              |   39 +-
 drivers/gpu/drm/i915/intel_dpio_phy.h              |   58 +
 drivers/gpu/drm/i915/intel_dpll_mgr.c              |   67 +-
 drivers/gpu/drm/i915/intel_dpll_mgr.h              |    8 +-
 drivers/gpu/drm/i915/intel_drv.h                   |  412 +------
 drivers/gpu/drm/i915/intel_dsi.h                   |    7 +
 drivers/gpu/drm/i915/intel_dsi_dcs_backlight.c     |    8 +-
 drivers/gpu/drm/i915/intel_dsi_dcs_backlight.h     |   13 +
 drivers/gpu/drm/i915/intel_dsi_vbt.c               |   21 +-
 drivers/gpu/drm/i915/intel_dvo.c                   |    8 +-
 drivers/gpu/drm/i915/{dvo.h => intel_dvo_dev.h}    |   10 +-
 drivers/gpu/drm/i915/intel_fifo_underrun.c         |    1 +
 drivers/gpu/drm/i915/intel_fifo_underrun.h         |   27 +
 .../gpu/drm/i915/{intel_i2c.c => intel_gmbus.c}    |   33 +-
 drivers/gpu/drm/i915/intel_gmbus.h                 |   27 +
 drivers/gpu/drm/i915/intel_guc.c                   |   40 +-
 drivers/gpu/drm/i915/intel_guc.h                   |   12 +-
 drivers/gpu/drm/i915/intel_guc_ct.h                |    5 +
 drivers/gpu/drm/i915/intel_guc_fw.c                |   20 +-
 drivers/gpu/drm/i915/intel_guc_submission.c        |   32 +-
 drivers/gpu/drm/i915/intel_guc_submission.h        |    3 +-
 drivers/gpu/drm/i915/intel_hdcp.c                  |   55 +-
 drivers/gpu/drm/i915/intel_hdcp.h                  |    1 +
 drivers/gpu/drm/i915/intel_hdmi.c                  |   30 +-
 drivers/gpu/drm/i915/intel_hotplug.c               |    1 +
 drivers/gpu/drm/i915/intel_hotplug.h               |   30 +
 drivers/gpu/drm/i915/intel_huc.c                   |   74 +-
 drivers/gpu/drm/i915/intel_huc.h                   |    6 +-
 drivers/gpu/drm/i915/intel_huc_fw.c                |   49 +-
 drivers/gpu/drm/i915/intel_lpe_audio.c             |    8 +-
 drivers/gpu/drm/i915/intel_lpe_audio.h             |   22 +
 drivers/gpu/drm/i915/intel_lvds.c                  |    2 +
 drivers/gpu/drm/i915/intel_overlay.c               |    9 +-
 drivers/gpu/drm/i915/intel_overlay.h               |   29 +
 drivers/gpu/drm/i915/intel_panel.c                 |    2 +
 drivers/gpu/drm/i915/intel_pipe_crc.c              |   14 +-
 drivers/gpu/drm/i915/intel_pipe_crc.h              |    3 +
 drivers/gpu/drm/i915/intel_pm.c                    |  393 ++-----
 drivers/gpu/drm/i915/intel_pm.h                    |   10 +
 drivers/gpu/drm/i915/intel_psr.c                   |   12 +-
 drivers/gpu/drm/i915/intel_quirks.c                |    1 +
 drivers/gpu/drm/i915/intel_quirks.h                |   13 +
 drivers/gpu/drm/i915/intel_runtime_pm.c            |  885 +++++++++++++--
 drivers/gpu/drm/i915/intel_runtime_pm.h            |  142 +++
 drivers/gpu/drm/i915/intel_sdvo.c                  |    4 +
 drivers/gpu/drm/i915/intel_sideband.c              |  480 ++++++--
 drivers/gpu/drm/i915/intel_sideband.h              |  140 +++
 drivers/gpu/drm/i915/intel_sprite.c                |   34 +-
 drivers/gpu/drm/i915/intel_sprite.h                |   12 +-
 drivers/gpu/drm/i915/intel_tv.c                    |    1 +
 drivers/gpu/drm/i915/intel_uc.c                    |   90 +-
 drivers/gpu/drm/i915/intel_uc.h                    |    3 +-
 drivers/gpu/drm/i915/intel_uc_fw.c                 |  103 +-
 drivers/gpu/drm/i915/intel_uc_fw.h                 |   10 +-
 drivers/gpu/drm/i915/intel_uncore.c                |    8 +-
 drivers/gpu/drm/i915/intel_vdsc.c                  |    2 +
 drivers/gpu/drm/i915/intel_vdsc.h                  |   21 +
 drivers/gpu/drm/i915/intel_wakeref.c               |   75 ++
 drivers/gpu/drm/i915/intel_wakeref.h               |  133 +++
 drivers/gpu/drm/i915/selftests/huge_pages.c        |    3 +-
 drivers/gpu/drm/i915/selftests/i915_active.c       |    2 +-
 drivers/gpu/drm/i915/selftests/i915_gem.c          |   21 +-
 .../gpu/drm/i915/selftests/i915_gem_coherency.c    |    2 +-
 drivers/gpu/drm/i915/selftests/i915_gem_context.c  |  223 +---
 drivers/gpu/drm/i915/selftests/i915_gem_evict.c    |    3 +-
 drivers/gpu/drm/i915/selftests/i915_gem_object.c   |   31 +-
 .../gpu/drm/i915/selftests/i915_live_selftests.h   |    2 +
 drivers/gpu/drm/i915/selftests/i915_request.c      |   13 +-
 drivers/gpu/drm/i915/selftests/i915_timeline.c     |    4 +-
 drivers/gpu/drm/i915/selftests/i915_vma.c          |  246 +++-
 drivers/gpu/drm/i915/selftests/igt_atomic.h        |   56 +
 drivers/gpu/drm/i915/selftests/igt_flush_test.c    |   32 +-
 drivers/gpu/drm/i915/selftests/igt_gem_utils.c     |   34 +
 drivers/gpu/drm/i915/selftests/igt_gem_utils.h     |   17 +
 drivers/gpu/drm/i915/selftests/igt_reset.c         |   11 +-
 drivers/gpu/drm/i915/selftests/igt_reset.h         |    1 +
 drivers/gpu/drm/i915/selftests/igt_spinner.c       |    3 +-
 drivers/gpu/drm/i915/selftests/igt_spinner.h       |    3 +-
 drivers/gpu/drm/i915/selftests/lib_sw_fence.c      |    3 +
 drivers/gpu/drm/i915/selftests/mock_context.c      |   15 +-
 drivers/gpu/drm/i915/selftests/mock_gem_device.c   |   37 +-
 drivers/gpu/drm/i915/selftests/mock_request.c      |    6 +-
 drivers/gpu/drm/i915/vlv_dsi.c                     |   34 +-
 drivers/gpu/drm/i915/vlv_dsi_pll.c                 |   18 +-
 drivers/misc/mei/hdcp/mei_hdcp.c                   |    2 +-
 include/drm/drm_connector.h                        |    8 -
 include/drm/drm_dp_helper.h                        |   33 +-
 include/drm/drm_hdcp.h                             |   31 +-
 include/drm/drm_mode_config.h                      |    6 +
 include/drm/i915_pciids.h                          |    4 +-
 include/uapi/drm/i915_drm.h                        |  209 +++-
 219 files changed, 11450 insertions(+), 5292 deletions(-)
 create mode 100644 drivers/gpu/drm/drm_hdcp.c
 create mode 100644 drivers/gpu/drm/i915/Kconfig.profile
 create mode 100644 drivers/gpu/drm/i915/gt/Makefile
 create mode 100644 drivers/gpu/drm/i915/gt/Makefile.header-test
 rename drivers/gpu/drm/i915/{ => gt}/intel_breadcrumbs.c (95%)
 create mode 100644 drivers/gpu/drm/i915/gt/intel_context.c
 create mode 100644 drivers/gpu/drm/i915/gt/intel_context.h
 rename drivers/gpu/drm/i915/{ => gt}/intel_context_types.h (83%)
 rename drivers/gpu/drm/i915/{intel_ringbuffer.h => gt/intel_engine.h} (90%)
 rename drivers/gpu/drm/i915/{ => gt}/intel_engine_cs.c (88%)
 create mode 100644 drivers/gpu/drm/i915/gt/intel_engine_pm.c
 create mode 100644 drivers/gpu/drm/i915/gt/intel_engine_pm.h
 rename drivers/gpu/drm/i915/{ => gt}/intel_engine_types.h (95%)
 rename drivers/gpu/drm/i915/{ => gt}/intel_gpu_commands.h (100%)
 create mode 100644 drivers/gpu/drm/i915/gt/intel_gt_pm.c
 create mode 100644 drivers/gpu/drm/i915/gt/intel_gt_pm.h
 rename drivers/gpu/drm/i915/{ => gt}/intel_hangcheck.c (94%)
 rename drivers/gpu/drm/i915/{ => gt}/intel_lrc.c (77%)
 rename drivers/gpu/drm/i915/{ => gt}/intel_lrc.h (86%)
 rename drivers/gpu/drm/i915/{ => gt}/intel_lrc_reg.h (100%)
 rename drivers/gpu/drm/i915/{ => gt}/intel_mocs.c (99%)
 rename drivers/gpu/drm/i915/{ => gt}/intel_mocs.h (97%)
 rename drivers/gpu/drm/i915/{i915_reset.c => gt/intel_reset.c} (94%)
 rename drivers/gpu/drm/i915/{i915_reset.h => gt/intel_reset.h} (95%)
 rename drivers/gpu/drm/i915/{ => gt}/intel_ringbuffer.c (94%)
 create mode 100644 drivers/gpu/drm/i915/gt/intel_sseu.c
 create mode 100644 drivers/gpu/drm/i915/gt/intel_sseu.h
 rename drivers/gpu/drm/i915/{ => gt}/intel_workarounds.c (86%)
 rename drivers/gpu/drm/i915/{ => gt}/intel_workarounds.h (79%)
 rename drivers/gpu/drm/i915/{ => gt}/intel_workarounds_types.h (88%)
 rename drivers/gpu/drm/i915/{selftests => gt}/mock_engine.c (88%)
 rename drivers/gpu/drm/i915/{selftests => gt}/mock_engine.h (95%)
 rename drivers/gpu/drm/i915/{selftests/intel_engine_cs.c => gt/selftest_engine_cs.c} (100%)
 rename drivers/gpu/drm/i915/{selftests/intel_hangcheck.c => gt/selftest_hangcheck.c} (90%)
 rename drivers/gpu/drm/i915/{selftests/intel_lrc.c => gt/selftest_lrc.c} (71%)
 create mode 100644 drivers/gpu/drm/i915/gt/selftest_reset.c
 rename drivers/gpu/drm/i915/{selftests/intel_workarounds.c => gt/selftest_workarounds.c} (66%)
 create mode 100644 drivers/gpu/drm/i915/i915_debugfs.h
 create mode 100644 drivers/gpu/drm/i915/i915_gem_pm.c
 create mode 100644 drivers/gpu/drm/i915/i915_gem_pm.h
 create mode 100644 drivers/gpu/drm/i915/i915_irq.h
 create mode 100644 drivers/gpu/drm/i915/intel_acpi.h
 create mode 100644 drivers/gpu/drm/i915/intel_atomic.h
 create mode 100644 drivers/gpu/drm/i915/intel_combo_phy.h
 delete mode 100644 drivers/gpu/drm/i915/intel_context.c
 delete mode 100644 drivers/gpu/drm/i915/intel_context.h
 create mode 100644 drivers/gpu/drm/i915/intel_dp_aux_backlight.h
 create mode 100644 drivers/gpu/drm/i915/intel_dp_link_training.h
 create mode 100644 drivers/gpu/drm/i915/intel_dp_mst.h
 create mode 100644 drivers/gpu/drm/i915/intel_dpio_phy.h
 create mode 100644 drivers/gpu/drm/i915/intel_dsi_dcs_backlight.h
 rename drivers/gpu/drm/i915/{dvo.h => intel_dvo_dev.h} (97%)
 create mode 100644 drivers/gpu/drm/i915/intel_fifo_underrun.h
 rename drivers/gpu/drm/i915/{intel_i2c.c => intel_gmbus.c} (97%)
 create mode 100644 drivers/gpu/drm/i915/intel_gmbus.h
 create mode 100644 drivers/gpu/drm/i915/intel_hotplug.h
 create mode 100644 drivers/gpu/drm/i915/intel_lpe_audio.h
 create mode 100644 drivers/gpu/drm/i915/intel_overlay.h
 create mode 100644 drivers/gpu/drm/i915/intel_quirks.h
 create mode 100644 drivers/gpu/drm/i915/intel_runtime_pm.h
 create mode 100644 drivers/gpu/drm/i915/intel_sideband.h
 create mode 100644 drivers/gpu/drm/i915/intel_vdsc.h
 create mode 100644 drivers/gpu/drm/i915/intel_wakeref.c
 create mode 100644 drivers/gpu/drm/i915/intel_wakeref.h
 create mode 100644 drivers/gpu/drm/i915/selftests/igt_atomic.h
 create mode 100644 drivers/gpu/drm/i915/selftests/igt_gem_utils.c
 create mode 100644 drivers/gpu/drm/i915/selftests/igt_gem_utils.h
Merging drm-tegra/drm/tegra/for-next (61b51fb51c01 drm/tegra: gem: Fix CPU-cache maintenance for BO's allocated using get_pages())
$ git merge drm-tegra/drm/tegra/for-next
Already up to date.
Merging drm-misc/for-linux-next (6ac98829a414 drm/edid: Fix docbook in drm_hdmi_infoframe_set_hdr_metadata())
$ git merge drm-misc/for-linux-next
Removing include/drm/gma_drm.h
Auto-merging include/drm/drm_mode_config.h
CONFLICT (content): Merge conflict in include/drm/drm_mode_config.h
Auto-merging include/drm/drm_connector.h
Auto-merging drivers/gpu/drm/sun4i/sun6i_mipi_dsi.c
Auto-merging drivers/gpu/drm/panel/Kconfig
Auto-merging drivers/gpu/drm/mgag200/Kconfig
Auto-merging drivers/gpu/drm/i915/intel_sprite.c
Auto-merging drivers/gpu/drm/i915/intel_display.c
Auto-merging drivers/gpu/drm/hisilicon/hibmc/Kconfig
Auto-merging drivers/gpu/drm/gma500/psb_drv.h
Auto-merging drivers/gpu/drm/gma500/intel_bios.c
Auto-merging drivers/gpu/drm/gma500/cdv_intel_lvds.c
Auto-merging drivers/gpu/drm/drm_internal.h
Auto-merging drivers/gpu/drm/drm_connector.c
Auto-merging drivers/gpu/drm/drm_atomic_uapi.c
CONFLICT (content): Merge conflict in drivers/gpu/drm/drm_atomic_uapi.c
Removing drivers/gpu/drm/cirrus/cirrus_ttm.c
Removing drivers/gpu/drm/cirrus/cirrus_drv.h
Auto-merging drivers/gpu/drm/bochs/Kconfig
Auto-merging drivers/gpu/drm/ast/Kconfig
Auto-merging drivers/gpu/drm/amd/amdgpu/amdgpu_device.c
Auto-merging drivers/gpu/drm/Makefile
Auto-merging drivers/gpu/drm/Kconfig
Auto-merging MAINTAINERS
Resolved 'drivers/gpu/drm/drm_atomic_uapi.c' using previous resolution.
Resolved 'include/drm/drm_mode_config.h' using previous resolution.
Automatic merge failed; fix conflicts and then commit the result.
$ git commit -v -a
[master c280525cd970] Merge remote-tracking branch 'drm-misc/for-linux-next'
$ git diff -M --stat --summary HEAD^..
 .../bindings/display/panel/edt,et-series.txt       |  16 +
 .../display/panel/evervision,vgg804821.txt         |  12 +
 .../bindings/display/panel/friendlyarm,hd702e.txt  |  32 +
 .../display/panel/osddisplays,osd101t2045-53ts.txt |  11 +
 .../display/panel/osddisplays,osd101t2587-53ts.txt |  14 +
 .../bindings/display/panel/samsung,s6e63m0.txt     |  33 +
 .../display/panel/tfc,s9700rtwv43tr-01b.txt        |  15 +
 .../bindings/display/panel/vl050_8048nt_c01.txt    |  12 +
 .../devicetree/bindings/display/st,stm32-ltdc.txt  |   3 +
 .../devicetree/bindings/gpu/arm,mali-midgard.txt   |  19 +-
 .../devicetree/bindings/vendor-prefixes.txt        | 468 +++++++++++++
 Documentation/gpu/drm-mm.rst                       |  34 +-
 Documentation/gpu/drm-uapi.rst                     |  10 +-
 Documentation/gpu/todo.rst                         |  27 +-
 MAINTAINERS                                        |   2 +-
 drivers/dma-buf/dma-buf.c                          |  39 +-
 drivers/dma-buf/sync_debug.c                       |  26 -
 drivers/dma-buf/sync_debug.h                       |   1 -
 drivers/gpu/drm/Kconfig                            |   7 +
 drivers/gpu/drm/Makefile                           |   5 +
 drivers/gpu/drm/amd/amdgpu/amdgpu_device.c         | 146 ++--
 drivers/gpu/drm/amd/amdgpu/amdgpu_fb.c             |   4 +-
 drivers/gpu/drm/arm/malidp_crtc.c                  |  28 +-
 drivers/gpu/drm/arm/malidp_hw.c                    |   3 +-
 drivers/gpu/drm/arm/malidp_mw.c                    |   2 +-
 drivers/gpu/drm/arm/malidp_planes.c                |   8 +-
 drivers/gpu/drm/armada/armada_fb.c                 |   3 +-
 drivers/gpu/drm/ast/Kconfig                        |   3 +-
 drivers/gpu/drm/ast/ast_drv.c                      |  13 +-
 drivers/gpu/drm/ast/ast_drv.h                      |  71 +-
 drivers/gpu/drm/ast/ast_fb.c                       |  41 +-
 drivers/gpu/drm/ast/ast_main.c                     |  77 +-
 drivers/gpu/drm/ast/ast_mode.c                     | 132 ++--
 drivers/gpu/drm/ast/ast_ttm.c                      | 302 +-------
 drivers/gpu/drm/atmel-hlcdc/atmel_hlcdc_plane.c    |   9 +-
 drivers/gpu/drm/bochs/Kconfig                      |   2 +-
 drivers/gpu/drm/bochs/bochs.h                      |  54 +-
 drivers/gpu/drm/bochs/bochs_drv.c                  |  24 +-
 drivers/gpu/drm/bochs/bochs_kms.c                  |  18 +-
 drivers/gpu/drm/bochs/bochs_mm.c                   | 427 +-----------
 drivers/gpu/drm/bridge/panel.c                     |   3 +-
 drivers/gpu/drm/cirrus/cirrus_drv.h                | 250 -------
 drivers/gpu/drm/cirrus/cirrus_ttm.c                | 337 ---------
 drivers/gpu/drm/drm_atomic_helper.c                |   2 +-
 drivers/gpu/drm/drm_atomic_state_helper.c          |  41 +-
 drivers/gpu/drm/drm_atomic_uapi.c                  |  12 +
 drivers/gpu/drm/drm_auth.c                         |  20 +
 drivers/gpu/drm/drm_client.c                       |   3 +-
 drivers/gpu/drm/drm_connector.c                    |   6 +
 drivers/gpu/drm/drm_dp_aux_dev.c                   |   8 +-
 drivers/gpu/drm/drm_dp_dual_mode_helper.c          |   4 +-
 drivers/gpu/drm/drm_dp_helper.c                    |  12 +-
 drivers/gpu/drm/drm_dp_mst_topology.c              |  13 +-
 drivers/gpu/drm/drm_edid.c                         | 135 +++-
 drivers/gpu/drm/drm_edid_load.c                    |   7 +-
 drivers/gpu/drm/drm_fb_helper.c                    | 246 +++----
 drivers/gpu/drm/drm_file.c                         | 122 ++--
 drivers/gpu/drm/drm_format_helper.c                |   4 +-
 drivers/gpu/drm/drm_fourcc.c                       | 118 ----
 drivers/gpu/drm/drm_gem_vram_helper.c              | 772 +++++++++++++++++++++
 drivers/gpu/drm/drm_internal.h                     |   2 +
 drivers/gpu/drm/drm_legacy.h                       |   2 +
 drivers/gpu/drm/drm_legacy_misc.c                  |  20 +
 drivers/gpu/drm/drm_prime.c                        |  77 +-
 drivers/gpu/drm/drm_vram_helper_common.c           |  96 +++
 drivers/gpu/drm/drm_vram_mm_helper.c               | 295 ++++++++
 drivers/gpu/drm/etnaviv/etnaviv_dump.c             |   5 -
 drivers/gpu/drm/etnaviv/etnaviv_sched.c            |   2 +-
 drivers/gpu/drm/gma500/accel_2d.c                  |  18 +-
 drivers/gpu/drm/gma500/blitter.h                   |   2 +
 drivers/gpu/drm/gma500/cdv_device.c                |  13 +-
 drivers/gpu/drm/gma500/cdv_device.h                |   4 +
 drivers/gpu/drm/gma500/cdv_intel_crt.c             |   8 +-
 drivers/gpu/drm/gma500/cdv_intel_display.c         |  10 +-
 drivers/gpu/drm/gma500/cdv_intel_dp.c              |   9 +-
 drivers/gpu/drm/gma500/cdv_intel_hdmi.c            |   9 +-
 drivers/gpu/drm/gma500/cdv_intel_lvds.c            |   9 +-
 drivers/gpu/drm/gma500/framebuffer.c               |  26 +-
 drivers/gpu/drm/gma500/framebuffer.h               |   1 -
 drivers/gpu/drm/gma500/gem.c                       |   5 +-
 drivers/gpu/drm/gma500/gma_device.c                |   1 -
 drivers/gpu/drm/gma500/gma_device.h                |   1 +
 drivers/gpu/drm/gma500/gma_display.c               |  12 +-
 drivers/gpu/drm/gma500/gma_display.h               |   3 +
 drivers/gpu/drm/gma500/gtt.c                       |   5 +-
 drivers/gpu/drm/gma500/gtt.h                       |   1 -
 drivers/gpu/drm/gma500/intel_bios.c                |   6 +-
 drivers/gpu/drm/gma500/intel_bios.h                |   3 +-
 drivers/gpu/drm/gma500/intel_gmbus.c               |  11 +-
 drivers/gpu/drm/gma500/intel_i2c.c                 |   4 +-
 drivers/gpu/drm/gma500/mdfld_device.c              |  16 +-
 drivers/gpu/drm/gma500/mdfld_dsi_dpi.c             |   4 +-
 drivers/gpu/drm/gma500/mdfld_dsi_output.c          |  12 +-
 drivers/gpu/drm/gma500/mdfld_dsi_output.h          |   8 +-
 drivers/gpu/drm/gma500/mdfld_dsi_pkg_sender.c      |   4 +-
 drivers/gpu/drm/gma500/mdfld_intel_display.c       |  11 +-
 drivers/gpu/drm/gma500/mdfld_tmd_vid.c             |   2 +
 drivers/gpu/drm/gma500/mid_bios.c                  |   5 +-
 drivers/gpu/drm/gma500/mid_bios.h                  |   1 +
 drivers/gpu/drm/gma500/mmu.c                       |   6 +-
 drivers/gpu/drm/gma500/oaktrail.h                  |   2 +
 drivers/gpu/drm/gma500/oaktrail_crtc.c             |   8 +-
 drivers/gpu/drm/gma500/oaktrail_device.c           |  20 +-
 drivers/gpu/drm/gma500/oaktrail_hdmi.c             |   8 +-
 drivers/gpu/drm/gma500/oaktrail_lvds.c             |   6 +-
 drivers/gpu/drm/gma500/oaktrail_lvds_i2c.c         |  11 +-
 drivers/gpu/drm/gma500/power.h                     |   4 +-
 drivers/gpu/drm/gma500/psb_device.c                |  12 +-
 drivers/gpu/drm/gma500/psb_drv.c                   |  33 +-
 drivers/gpu/drm/gma500/psb_drv.h                   |  16 +-
 drivers/gpu/drm/gma500/psb_intel_display.c         |   7 +-
 drivers/gpu/drm/gma500/psb_intel_lvds.c            |   5 +-
 drivers/gpu/drm/gma500/psb_intel_modes.c           |   2 +-
 drivers/gpu/drm/gma500/psb_intel_sdvo.c            |  15 +-
 drivers/gpu/drm/gma500/psb_irq.c                   |   9 +-
 drivers/gpu/drm/gma500/psb_irq.h                   |   2 +-
 drivers/gpu/drm/gma500/psb_lid.c                   |   6 +-
 drivers/gpu/drm/gma500/tc35876x-dsi-lvds.c         |  13 +-
 drivers/gpu/drm/hisilicon/hibmc/Kconfig            |   2 +-
 drivers/gpu/drm/hisilicon/hibmc/hibmc_drm_de.c     |  19 +-
 drivers/gpu/drm/hisilicon/hibmc/hibmc_drm_drv.c    |  14 +-
 drivers/gpu/drm/hisilicon/hibmc/hibmc_drm_drv.h    |  33 +-
 drivers/gpu/drm/hisilicon/hibmc/hibmc_drm_fbdev.c  |  37 +-
 drivers/gpu/drm/hisilicon/hibmc/hibmc_ttm.c        | 341 +--------
 drivers/gpu/drm/i915/intel_display.c               |   5 +-
 drivers/gpu/drm/i915/intel_sprite.c                |   3 +-
 drivers/gpu/drm/imx/ipuv3-plane.c                  |  15 +-
 drivers/gpu/drm/lima/lima_drv.c                    |   2 +-
 drivers/gpu/drm/lima/lima_pp.c                     |   8 +-
 drivers/gpu/drm/lima/lima_sched.c                  |  13 +-
 drivers/gpu/drm/mediatek/mtk_drm_fb.c              |   8 +-
 drivers/gpu/drm/mediatek/mtk_hdmi.c                |   3 +
 drivers/gpu/drm/meson/meson_overlay.c              |  14 +-
 drivers/gpu/drm/mgag200/Kconfig                    |   2 +-
 drivers/gpu/drm/mgag200/mgag200_cursor.c           |  96 +--
 drivers/gpu/drm/mgag200/mgag200_drv.c              |  13 +-
 drivers/gpu/drm/mgag200/mgag200_drv.h              |  74 +-
 drivers/gpu/drm/mgag200/mgag200_fb.c               |  41 +-
 drivers/gpu/drm/mgag200/mgag200_main.c             |  87 +--
 drivers/gpu/drm/mgag200/mgag200_mode.c             |  59 +-
 drivers/gpu/drm/mgag200/mgag200_ttm.c              | 301 +-------
 drivers/gpu/drm/msm/disp/dpu1/dpu_crtc.c           |   6 +-
 drivers/gpu/drm/msm/disp/dpu1/dpu_formats.c        |   9 +-
 drivers/gpu/drm/msm/disp/dpu1/dpu_plane.c          |   9 +-
 drivers/gpu/drm/msm/disp/mdp5/mdp5_crtc.c          |  31 +-
 drivers/gpu/drm/msm/disp/mdp5/mdp5_plane.c         |  24 +-
 drivers/gpu/drm/msm/disp/mdp5/mdp5_smp.c           |   7 +-
 drivers/gpu/drm/msm/msm_fb.c                       |  18 +-
 drivers/gpu/drm/nouveau/dispnv50/head.c            |  13 +-
 drivers/gpu/drm/nouveau/nvkm/subdev/bus/nv04.c     |   2 -
 drivers/gpu/drm/omapdrm/omap_fb.c                  |   6 +-
 drivers/gpu/drm/panel/Kconfig                      |  18 +
 drivers/gpu/drm/panel/Makefile                     |   2 +
 drivers/gpu/drm/panel/panel-osd-osd101t2587-53ts.c | 254 +++++++
 .../gpu/drm/panel/panel-raspberrypi-touchscreen.c  |   1 -
 drivers/gpu/drm/panel/panel-samsung-s6e63m0.c      | 514 ++++++++++++++
 drivers/gpu/drm/panel/panel-simple.c               | 212 +++++-
 drivers/gpu/drm/panfrost/panfrost_device.c         |  22 +
 drivers/gpu/drm/panfrost/panfrost_device.h         |   1 +
 drivers/gpu/drm/panfrost/panfrost_job.c            |   2 +-
 drivers/gpu/drm/radeon/radeon_fb.c                 |   4 +-
 drivers/gpu/drm/rockchip/rockchip_drm_fb.c         |  17 +-
 drivers/gpu/drm/rockchip/rockchip_drm_vop.c        |  39 +-
 drivers/gpu/drm/scheduler/sched_main.c             | 174 +++--
 drivers/gpu/drm/stm/dw_mipi_dsi-stm.c              |  60 +-
 drivers/gpu/drm/stm/ltdc.c                         |  67 +-
 drivers/gpu/drm/sun4i/sun4i_drv.c                  |  16 +-
 drivers/gpu/drm/sun4i/sun6i_mipi_dsi.c             |   1 +
 drivers/gpu/drm/tegra/dc.c                         |  17 +-
 drivers/gpu/drm/tegra/fb.c                         |  14 +-
 drivers/gpu/drm/v3d/v3d_debugfs.c                  |  35 +-
 drivers/gpu/drm/v3d/v3d_drv.c                      |  17 +-
 drivers/gpu/drm/v3d/v3d_drv.h                      | 106 +--
 drivers/gpu/drm/v3d/v3d_fence.c                    |   2 +
 drivers/gpu/drm/v3d/v3d_gem.c                      | 552 +++++++++------
 drivers/gpu/drm/v3d/v3d_irq.c                      |  55 +-
 drivers/gpu/drm/v3d/v3d_mmu.c                      |   7 +-
 drivers/gpu/drm/v3d/v3d_regs.h                     | 122 +++-
 drivers/gpu/drm/v3d/v3d_sched.c                    | 382 ++++++----
 drivers/gpu/drm/v3d/v3d_trace.h                    |  94 +++
 drivers/gpu/drm/vboxvideo/Kconfig                  |   2 +-
 drivers/gpu/drm/vboxvideo/vbox_drv.c               |  12 +-
 drivers/gpu/drm/vboxvideo/vbox_drv.h               |  75 +-
 drivers/gpu/drm/vboxvideo/vbox_fb.c                |  22 +-
 drivers/gpu/drm/vboxvideo/vbox_main.c              |  75 +-
 drivers/gpu/drm/vboxvideo/vbox_mode.c              |  36 +-
 drivers/gpu/drm/vboxvideo/vbox_ttm.c               | 355 +---------
 drivers/gpu/drm/vc4/vc4_bo.c                       |  31 +-
 drivers/gpu/drm/vc4/vc4_drv.c                      |   6 +
 drivers/gpu/drm/vc4/vc4_drv.h                      |  14 +
 drivers/gpu/drm/vc4/vc4_gem.c                      |  11 +
 drivers/gpu/drm/vc4/vc4_irq.c                      |  20 +-
 drivers/gpu/drm/vc4/vc4_plane.c                    |  15 +-
 drivers/gpu/drm/vc4/vc4_v3d.c                      |  72 +-
 drivers/gpu/drm/virtio/Makefile                    |   2 +-
 drivers/gpu/drm/virtio/virtgpu_drv.h               |   3 +-
 drivers/gpu/drm/virtio/virtgpu_fence.c             |  25 +-
 drivers/gpu/drm/virtio/virtgpu_ioctl.c             |  18 +-
 drivers/gpu/drm/virtio/virtgpu_trace.h             |  52 ++
 drivers/gpu/drm/virtio/virtgpu_trace_points.c      |   5 +
 drivers/gpu/drm/virtio/virtgpu_vq.c                |  10 +
 drivers/gpu/drm/vkms/vkms_crtc.c                   |  33 +-
 drivers/gpu/drm/zte/zx_plane.c                     |   6 +-
 drivers/video/hdmi.c                               | 257 +++++++
 include/drm/drm_atomic_state_helper.h              |   2 +
 include/drm/drm_connector.h                        |  14 +
 include/drm/drm_device.h                           |   4 +
 include/drm/drm_edid.h                             |   5 +
 include/drm/drm_fb_helper.h                        |  10 -
 include/drm/drm_fourcc.h                           |  50 +-
 include/drm/drm_gem_vram_helper.h                  | 162 +++++
 include/drm/drm_mode_config.h                      |   7 +
 include/drm/drm_vram_mm_helper.h                   | 102 +++
 include/drm/gma_drm.h                              |  25 -
 include/drm/gpu_scheduler.h                        |   8 +-
 include/linux/dma-buf.h                            |  47 +-
 include/linux/hdmi.h                               |  55 ++
 include/uapi/drm/drm.h                             |   1 +
 include/uapi/drm/drm_mode.h                        |  23 +
 include/uapi/drm/v3d_drm.h                         |  28 +
 220 files changed, 6405 insertions(+), 4593 deletions(-)
 create mode 100644 Documentation/devicetree/bindings/display/panel/evervision,vgg804821.txt
 create mode 100644 Documentation/devicetree/bindings/display/panel/friendlyarm,hd702e.txt
 create mode 100644 Documentation/devicetree/bindings/display/panel/osddisplays,osd101t2045-53ts.txt
 create mode 100644 Documentation/devicetree/bindings/display/panel/osddisplays,osd101t2587-53ts.txt
 create mode 100644 Documentation/devicetree/bindings/display/panel/samsung,s6e63m0.txt
 create mode 100644 Documentation/devicetree/bindings/display/panel/tfc,s9700rtwv43tr-01b.txt
 create mode 100644 Documentation/devicetree/bindings/display/panel/vl050_8048nt_c01.txt
 create mode 100644 Documentation/devicetree/bindings/vendor-prefixes.txt
 delete mode 100644 drivers/gpu/drm/cirrus/cirrus_drv.h
 delete mode 100644 drivers/gpu/drm/cirrus/cirrus_ttm.c
 create mode 100644 drivers/gpu/drm/drm_gem_vram_helper.c
 create mode 100644 drivers/gpu/drm/drm_vram_helper_common.c
 create mode 100644 drivers/gpu/drm/drm_vram_mm_helper.c
 create mode 100644 drivers/gpu/drm/panel/panel-osd-osd101t2587-53ts.c
 create mode 100644 drivers/gpu/drm/panel/panel-samsung-s6e63m0.c
 create mode 100644 drivers/gpu/drm/virtio/virtgpu_trace.h
 create mode 100644 drivers/gpu/drm/virtio/virtgpu_trace_points.c
 create mode 100644 include/drm/drm_gem_vram_helper.h
 create mode 100644 include/drm/drm_vram_mm_helper.h
 delete mode 100644 include/drm/gma_drm.h
$ git am -3 ../patches/0001-dt-bindings-fix-up-for-vendor-prefixes-file-conversi.patch
Applying: dt-bindings: fix up for vendor prefixes file conversion
$ git reset HEAD^
Unstaged changes after reset:
M	Documentation/devicetree/bindings/vendor-prefixes.yaml
$ git add -A .
$ git commit -v -a --amend
[master 27d4081b1334] Merge remote-tracking branch 'drm-misc/for-linux-next'
 Date: Fri May 24 10:01:53 2019 +1000
Merging drm-msm/msm-next (b02872df58ac drm/msm/a6xx: Don't enable GPU state code if dependencies are missing)
$ git merge drm-msm/msm-next
Already up to date.
Merging hdlcd/for-upstream/hdlcd (d664b851eb2b drm/arm/hdlcd: Reject atomic commits that disable only the plane)
$ git merge hdlcd/for-upstream/hdlcd
Already up to date.
Merging mali-dp/for-upstream/mali-dp (15e9122d9b5c drm/komeda: Mark the local functions as static)
$ git merge mali-dp/for-upstream/mali-dp
Already up to date.
Merging imx-drm/imx-drm/next (5d5fe9970c76 drm/imx: enable IDMAC watermark feature)
$ git merge imx-drm/imx-drm/next
Auto-merging drivers/gpu/drm/imx/ipuv3-plane.c
Auto-merging drivers/gpu/drm/imx/ipuv3-crtc.c
Merge made by the 'recursive' strategy.
 drivers/gpu/drm/imx/ipuv3-plane.c | 1 +
 1 file changed, 1 insertion(+)
Merging etnaviv/etnaviv/next (2b76f5be7c27 drm/etnaviv: initialize idle mask before querying the HW db)
$ git merge etnaviv/etnaviv/next
Already up to date.
Merging regmap/for-next (38ee2a8cc70e Merge branch 'regmap-5.2' into regmap-linus)
$ git merge regmap/for-next
Already up to date.
Merging sound/for-next (947b437e1263 ALSA: firewire-lib: unify packet handler for IR context)
$ git merge sound/for-next
Auto-merging sound/firewire/dice/Makefile
Merge made by the 'recursive' strategy.
 sound/firewire/amdtp-am824.c                |   2 +-
 sound/firewire/amdtp-stream-trace.h         | 163 ++-----------
 sound/firewire/amdtp-stream.c               | 357 +++++++++++++++-------------
 sound/firewire/amdtp-stream.h               |  41 +++-
 sound/firewire/dice/Makefile                |   2 +-
 sound/firewire/dice/dice-presonus.c         |  62 +++++
 sound/firewire/dice/dice.c                  |   9 +
 sound/firewire/dice/dice.h                  |   1 +
 sound/firewire/digi00x/amdtp-dot.c          |   2 +-
 sound/firewire/fireworks/fireworks_stream.c |   4 +-
 sound/firewire/motu/amdtp-motu.c            |   2 +-
 sound/firewire/tascam/amdtp-tascam.c        |   2 +-
 12 files changed, 322 insertions(+), 325 deletions(-)
 create mode 100644 sound/firewire/dice/dice-presonus.c
Merging sound-asoc/for-next (a41794e956b0 Merge branch 'asoc-5.3' into asoc-next)
$ git merge sound-asoc/for-next
Auto-merging sound/soc/sof/intel/Kconfig
Auto-merging sound/soc/meson/Kconfig
Auto-merging sound/soc/intel/boards/Kconfig
Auto-merging sound/soc/intel/Kconfig
Auto-merging sound/soc/codecs/Kconfig
Removing include/uapi/sound/sof/trace.h
Removing include/uapi/sound/sof/tone.h
Removing include/uapi/sound/sof/manifest.h
Removing include/uapi/sound/sof/eq.h
Removing Documentation/devicetree/bindings/sound/sunxi,sun4i-spdif.txt
Merge made by the 'recursive' strategy.
 .../bindings/sound/allwinner,sun4i-a10-spdif.yaml  |  119 ++
 .../bindings/sound/amlogic,g12a-tohdmitx.txt       |   55 +
 .../devicetree/bindings/sound/cs42xx8.txt          |    6 +
 .../bindings/sound/sunxi,sun4i-spdif.txt           |   42 -
 include/dt-bindings/sound/meson-g12a-tohdmitx.h    |   13 +
 include/sound/soc.h                                |    2 +-
 include/uapi/sound/sof/eq.h                        |  172 --
 include/uapi/sound/sof/manifest.h                  |  188 ---
 include/uapi/sound/sof/tone.h                      |   21 -
 include/uapi/sound/sof/trace.h                     |   66 -
 sound/soc/amd/raven/acp3x-pcm-dma.c                |   43 +-
 sound/soc/codecs/Kconfig                           |    7 +
 sound/soc/codecs/Makefile                          |    2 +
 sound/soc/codecs/cs42xx8.c                         |   13 +
 sound/soc/codecs/cx2072x.c                         | 1727 ++++++++++++++++++++
 sound/soc/codecs/cx2072x.h                         |  314 ++++
 sound/soc/codecs/hdmi-codec.c                      |  188 ++-
 sound/soc/codecs/max98357a.c                       |   29 +-
 sound/soc/codecs/rt5677-spi.c                      |    4 +-
 sound/soc/codecs/rt5677.c                          |   15 +-
 sound/soc/codecs/rt5677.h                          |    2 +
 sound/soc/codecs/tlv320aic3x.c                     |   14 +-
 sound/soc/fsl/fsl_asrc.c                           |  103 +-
 sound/soc/fsl/fsl_esai.c                           |  141 +-
 sound/soc/fsl/fsl_sai.c                            |   54 +-
 sound/soc/generic/simple-card.c                    |    8 +-
 sound/soc/intel/Kconfig                            |   16 +
 sound/soc/intel/boards/Kconfig                     |   11 +
 sound/soc/intel/boards/Makefile                    |    2 +
 sound/soc/intel/boards/bytcht_cx2072x.c            |  262 +++
 sound/soc/intel/boards/glk_rt5682_max98357a.c      |    7 +-
 sound/soc/intel/boards/kbl_da7219_max98927.c       |   73 +-
 sound/soc/intel/boards/sof_rt5682.c                |    1 +
 sound/soc/intel/common/soc-acpi-intel-byt-match.c  |    8 +
 sound/soc/intel/common/soc-acpi-intel-cht-match.c  |    8 +
 sound/soc/intel/skylake/skl-messages.c             |   16 +
 sound/soc/intel/skylake/skl.c                      |   10 +
 sound/soc/mediatek/common/mtk-afe-fe-dai.c         |    6 +
 sound/soc/mediatek/common/mtk-base-afe.h           |    2 +
 sound/soc/mediatek/mt8183/mt8183-afe-pcm.c         |   23 +-
 sound/soc/mediatek/mt8183/mt8183-da7219-max98357.c |   15 +-
 sound/soc/mediatek/mt8183/mt8183-dai-adda.c        |   14 +-
 .../mt8183/mt8183-mt6358-ts3a227-max98357.c        |   25 +-
 sound/soc/meson/Kconfig                            |    8 +
 sound/soc/meson/Makefile                           |    2 +
 sound/soc/meson/axg-card.c                         |   31 +-
 sound/soc/meson/g12a-tohdmitx.c                    |  413 +++++
 sound/soc/sh/rcar/core.c                           |  120 +-
 sound/soc/soc-acpi.c                               |    2 +
 sound/soc/soc-core.c                               |   84 +-
 sound/soc/soc-dapm.c                               |    2 +-
 sound/soc/soc-pcm.c                                |   88 +-
 sound/soc/sof/intel/Kconfig                        |   32 +
 sound/soc/sof/intel/cnl.c                          |   19 +
 sound/soc/sof/intel/hda.h                          |    2 +
 sound/soc/sof/pcm.c                                |   29 +-
 sound/soc/sof/sof-pci-dev.c                        |   30 +-
 sound/soc/stm/stm32_i2s.c                          |   60 +-
 sound/soc/stm/stm32_spdifrx.c                      |   37 +-
 59 files changed, 3836 insertions(+), 970 deletions(-)
 create mode 100644 Documentation/devicetree/bindings/sound/allwinner,sun4i-a10-spdif.yaml
 create mode 100644 Documentation/devicetree/bindings/sound/amlogic,g12a-tohdmitx.txt
 delete mode 100644 Documentation/devicetree/bindings/sound/sunxi,sun4i-spdif.txt
 create mode 100644 include/dt-bindings/sound/meson-g12a-tohdmitx.h
 delete mode 100644 include/uapi/sound/sof/eq.h
 delete mode 100644 include/uapi/sound/sof/manifest.h
 delete mode 100644 include/uapi/sound/sof/tone.h
 delete mode 100644 include/uapi/sound/sof/trace.h
 create mode 100644 sound/soc/codecs/cx2072x.c
 create mode 100644 sound/soc/codecs/cx2072x.h
 create mode 100644 sound/soc/intel/boards/bytcht_cx2072x.c
 create mode 100644 sound/soc/meson/g12a-tohdmitx.c
Merging modules/modules-next (dadec066d8fa module: add stubs for within_module functions)
$ git merge modules/modules-next
Already up to date.
Merging input/next (b62f97634aa9 Input: iqs5xx - remove redundant dev_set_drvdata call)
$ git merge input/next
Merge made by the 'recursive' strategy.
 drivers/input/keyboard/imx_keypad.c    |  4 +-
 drivers/input/misc/da9063_onkey.c      | 22 ++---------
 drivers/input/touchscreen/eeti_ts.c    | 71 +++++++++++++++++++++++++++-------
 drivers/input/touchscreen/imx6ul_tsc.c |  8 +---
 drivers/input/touchscreen/iqs5xx.c     |  2 -
 5 files changed, 62 insertions(+), 45 deletions(-)
Merging block/for-next (ff4dbd9c7fb8 Merge branch 'for-5.3/io_uring' into for-next)
$ git merge block/for-next
Auto-merging MAINTAINERS
Merge made by the 'recursive' strategy.
 MAINTAINERS                   |   4 +-
 block/blk-core.c              |   3 +-
 block/blk-merge.c             | 134 +++---------------------
 block/blk-mq.c                |  19 ++--
 block/blk-settings.c          |  11 ++
 drivers/nvme/host/core.c      |  89 +++++++++++-----
 drivers/nvme/host/nvme.h      |   1 +
 drivers/nvme/host/pci.c       |  27 ++---
 fs/aio.c                      |   9 +-
 fs/io_uring.c                 | 236 +++++++++++++++++++++++++++++++++---------
 fs/splice.c                   |   8 +-
 include/linux/bio.h           |   2 +-
 include/linux/blk_types.h     |   7 --
 include/linux/blkdev.h        |   7 +-
 include/linux/uio.h           |   4 +-
 include/uapi/linux/io_uring.h |   1 +
 lib/iov_iter.c                |  15 +--
 lib/sbitmap.c                 |   2 +-
 net/compat.c                  |   3 +-
 net/socket.c                  |   3 +-
 tools/io_uring/Makefile       |   2 +-
 tools/io_uring/io_uring-cp.c  |  21 ++--
 tools/io_uring/liburing.h     |  64 +++++++++---
 tools/io_uring/queue.c        |  36 +++----
 tools/io_uring/setup.c        |  10 +-
 tools/io_uring/syscall.c      |  48 +++++----
 26 files changed, 452 insertions(+), 314 deletions(-)
Merging device-mapper/for-next (51b86f9a8d1c dm: make sure to obey max_io_len_target_boundary)
$ git merge device-mapper/for-next
Already up to date.
Merging pcmcia/pcmcia-next (95691e3eddc4 pcmcia: Implement CLKRUN protocol disabling for Ricoh bridges)
$ git merge pcmcia/pcmcia-next
Already up to date.
Merging mmc/next (0a49a619e7e1 mmc: sdhci-pci: Fix BYT OCP setting)
$ git merge mmc/next
Already up to date.
Merging kgdb/kgdb-next (3bd67b37e350 kdb: print real address of pointers instead of hashed addresses)
$ git merge kgdb/kgdb-next
Auto-merging kernel/debug/kdb/kdb_support.c
Auto-merging kernel/debug/kdb/kdb_main.c
Auto-merging kernel/debug/kdb/kdb_bt.c
CONFLICT (content): Merge conflict in kernel/debug/kdb/kdb_bt.c
Resolved 'kernel/debug/kdb/kdb_bt.c' using previous resolution.
Automatic merge failed; fix conflicts and then commit the result.
$ git commit -v -a
[master e4be7d971a75] Merge remote-tracking branch 'kgdb/kgdb-next'
$ git diff -M --stat --summary HEAD^..
Merging md/for-next (e820d55cb99d md: fix raid10 hang issue caused by barrier)
$ git merge md/for-next
Already up to date.
Merging mfd/for-mfd-next (ed835136ee67 mfd: Use dev_get_drvdata() directly)
$ git merge mfd/for-mfd-next
Already up to date.
Merging backlight/for-backlight-next (53fa0f87177d backlight: lm3630a: Add firmware node support)
$ git merge backlight/for-backlight-next
Auto-merging drivers/video/backlight/Kconfig
Merge made by the 'recursive' strategy.
Merging battery/for-next (a188339ca5a3 Linux 5.2-rc1)
$ git merge battery/for-next
Already up to date.
Merging regulator/for-next (8058097924fd Merge branch 'regulator-5.3' into regulator-next)
$ git merge regulator/for-next
Auto-merging drivers/regulator/Kconfig
Auto-merging MAINTAINERS
Removing Documentation/devicetree/bindings/regulator/max8660.txt
Removing Documentation/devicetree/bindings/regulator/gpio-regulator.txt
Merge made by the 'recursive' strategy.
 .../bindings/regulator/arizona-regulator.txt       |   3 +-
 .../bindings/regulator/fixed-regulator.yaml        |   5 +-
 .../bindings/regulator/gpio-regulator.txt          |  57 ---
 .../bindings/regulator/gpio-regulator.yaml         | 118 +++++
 .../devicetree/bindings/regulator/max8660.txt      |  47 --
 .../devicetree/bindings/regulator/max8660.yaml     |  77 +++
 .../devicetree/bindings/regulator/regulator.txt    | 140 +-----
 .../devicetree/bindings/regulator/regulator.yaml   | 200 ++++++++
 .../devicetree/bindings/regulator/slg51000.txt     |  88 ++++
 MAINTAINERS                                        |   2 +
 drivers/regulator/Kconfig                          |  26 +-
 drivers/regulator/Makefile                         |   1 +
 drivers/regulator/arizona-ldo1.c                   |  83 +++-
 drivers/regulator/arizona-micsupp.c                |  71 ++-
 drivers/regulator/core.c                           |   6 +-
 drivers/regulator/da9063-regulator.c               |  61 ++-
 drivers/regulator/max77650-regulator.c             | 134 ++----
 drivers/regulator/slg51000-regulator.c             | 528 +++++++++++++++++++++
 drivers/regulator/slg51000-regulator.h             | 505 ++++++++++++++++++++
 include/linux/mfd/da9063/pdata.h                   |  49 --
 20 files changed, 1788 insertions(+), 413 deletions(-)
 delete mode 100644 Documentation/devicetree/bindings/regulator/gpio-regulator.txt
 create mode 100644 Documentation/devicetree/bindings/regulator/gpio-regulator.yaml
 delete mode 100644 Documentation/devicetree/bindings/regulator/max8660.txt
 create mode 100644 Documentation/devicetree/bindings/regulator/max8660.yaml
 create mode 100644 Documentation/devicetree/bindings/regulator/regulator.yaml
 create mode 100644 Documentation/devicetree/bindings/regulator/slg51000.txt
 create mode 100644 drivers/regulator/slg51000-regulator.c
 create mode 100644 drivers/regulator/slg51000-regulator.h
Merging security/next-testing (5664f5faac11 Merge branch 'next-smack' into next-testing)
$ git merge security/next-testing
Auto-merging security/tomoyo/Kconfig
Auto-merging security/keys/trusted.c
Merge made by the 'recursive' strategy.
Merging apparmor/apparmor-next (06c13f554a71 apparmor: re-introduce a variant of PROFILE_MEDIATES_SAFE)
$ git merge apparmor/apparmor-next
Auto-merging security/apparmor/apparmorfs.c
Auto-merging security/apparmor/Kconfig
Merge made by the 'recursive' strategy.
 security/apparmor/Kconfig                 |   2 +
 security/apparmor/apparmorfs.c            | 132 ++++++++++++++++++++++++++++--
 security/apparmor/include/apparmor.h      |   1 +
 security/apparmor/include/policy.h        |   8 ++
 security/apparmor/include/policy_unpack.h |   8 +-
 security/apparmor/lsm.c                   |  47 +++++++++++
 security/apparmor/policy.c                |   5 +-
 security/apparmor/policy_unpack.c         | 116 +++++++++++++++++++++++++-
 8 files changed, 305 insertions(+), 14 deletions(-)
Merging integrity/next-integrity (5d99fe052ddd x86/ima: check EFI SetupMode too)
$ git merge integrity/next-integrity
Merge made by the 'recursive' strategy.
 arch/x86/kernel/ima_arch.c          | 17 +++++++++++++++--
 security/integrity/ima/ima_policy.c |  7 ++++---
 2 files changed, 19 insertions(+), 5 deletions(-)
Merging selinux/next (beee56f3543a selinux: remove some no-op BUG_ONs)
$ git merge selinux/next
Merge made by the 'recursive' strategy.
 security/selinux/ss/ebitmap.c  | 10 ++++++----
 security/selinux/ss/services.c |  4 ----
 2 files changed, 6 insertions(+), 8 deletions(-)
Merging tpmdd/next (ff89e2f4b34d tpm: Actually fail on TPM errors during "get random")
$ git merge tpmdd/next
Auto-merging security/keys/trusted.c
Merge made by the 'recursive' strategy.
 drivers/char/tpm/tpm1-cmd.c | 7 +++++--
 drivers/char/tpm/tpm2-cmd.c | 7 +++++--
 2 files changed, 10 insertions(+), 4 deletions(-)
Merging watchdog/master (a9f0bda567e3 watchdog: Enforce that at least one pretimeout governor is enabled)
$ git merge watchdog/master
Already up to date.
Merging iommu/next (b5531563e8a0 Merge branches 'arm/tegra', 'arm/mediatek', 'arm/smmu', 'x86/vt-d', 'x86/amd' and 'core' into next)
$ git merge iommu/next
Already up to date.
Merging vfio/next (15c80c1659f2 vfio: Add Cornelia Huck as reviewer)
$ git merge vfio/next
Already up to date.
Merging audit/next (b48345aafb20 audit: deliver signal_info regarless of syscall)
$ git merge audit/next
Auto-merging kernel/signal.c
Merge made by the 'recursive' strategy.
 include/linux/audit.h |  9 +++++++++
 kernel/audit.c        | 27 +++++++++++++++++++++++++++
 kernel/audit.h        |  8 ++++++--
 kernel/auditsc.c      | 19 +++----------------
 kernel/signal.c       |  2 +-
 5 files changed, 46 insertions(+), 19 deletions(-)
Merging devicetree/for-next (2a656cb5a4a3 of: unittest: Remove error printing on OOM)
$ git merge devicetree/for-next
Already up to date.
Merging mailbox/mailbox-for-next (8fbbfd966efa mailbox: Add support for Armada 37xx rWTM mailbox)
$ git merge mailbox/mailbox-for-next
Already up to date.
Merging spi/for-next (85be041dd1f9 Merge remote-tracking branch 'spi/topic/pump-rt' into spi-next)
$ git merge spi/for-next
Auto-merging drivers/spi/Kconfig
Removing Documentation/devicetree/bindings/spi/spi_pl022.txt
Removing Documentation/devicetree/bindings/spi/spi-sun6i.txt
Removing Documentation/devicetree/bindings/spi/spi-sun4i.txt
Removing Documentation/devicetree/bindings/spi/spi-gpio.txt
Merge made by the 'recursive' strategy.
 .../devicetree/bindings/mfd/atmel-usart.txt        |  20 +-
 .../bindings/spi/allwinner,sun4i-a10-spi.yaml      |  86 ++++++
 .../bindings/spi/allwinner,sun6i-a31-spi.yaml      | 106 +++++++
 Documentation/devicetree/bindings/spi/spi-bus.txt  | 112 +------
 .../devicetree/bindings/spi/spi-controller.yaml    | 161 ++++++++++
 Documentation/devicetree/bindings/spi/spi-gpio.txt |  43 ---
 .../devicetree/bindings/spi/spi-gpio.yaml          |  72 +++++
 .../devicetree/bindings/spi/spi-pl022.yaml         | 165 +++++++++++
 .../devicetree/bindings/spi/spi-sun4i.txt          |  23 --
 .../devicetree/bindings/spi/spi-sun6i.txt          |  44 ---
 .../devicetree/bindings/spi/spi_pl022.txt          |  70 -----
 drivers/spi/Kconfig                                |   4 +-
 drivers/spi/spi-at91-usart.c                       | 221 +++++++++++++-
 drivers/spi/spi-bcm2835.c                          | 328 +++++++++++++--------
 drivers/spi/spi-bcm2835aux.c                       |   4 +-
 drivers/spi/spi-rockchip.c                         |   4 +-
 drivers/spi/spi-tegra114.c                         | 170 ++++++++++-
 drivers/spi/spi.c                                  | 104 ++++++-
 drivers/spi/spidev.c                               |   1 +
 include/linux/spi/spi.h                            |  35 +++
 20 files changed, 1312 insertions(+), 461 deletions(-)
 create mode 100644 Documentation/devicetree/bindings/spi/allwinner,sun4i-a10-spi.yaml
 create mode 100644 Documentation/devicetree/bindings/spi/allwinner,sun6i-a31-spi.yaml
 create mode 100644 Documentation/devicetree/bindings/spi/spi-controller.yaml
 delete mode 100644 Documentation/devicetree/bindings/spi/spi-gpio.txt
 create mode 100644 Documentation/devicetree/bindings/spi/spi-gpio.yaml
 create mode 100644 Documentation/devicetree/bindings/spi/spi-pl022.yaml
 delete mode 100644 Documentation/devicetree/bindings/spi/spi-sun4i.txt
 delete mode 100644 Documentation/devicetree/bindings/spi/spi-sun6i.txt
 delete mode 100644 Documentation/devicetree/bindings/spi/spi_pl022.txt
Merging tip/auto-latest (9883872cc373 Merge branch 'core/urgent')
$ git merge tip/auto-latest
Auto-merging arch/x86/kernel/tsc.c
Auto-merging arch/x86/kernel/apic/apic.c
Merge made by the 'recursive' strategy.
 arch/x86/include/asm/apic.h    |  2 +-
 arch/x86/kernel/apic/apic.c    | 20 +++++++--------
 arch/x86/kernel/cpu/mshyperv.c |  4 +--
 arch/x86/kernel/cpu/vmware.c   |  2 +-
 arch/x86/kernel/jailhouse.c    |  2 +-
 arch/x86/kernel/tsc.c          | 57 +++++++++++++++++++++++++++---------------
 arch/x86/kernel/tsc_msr.c      |  4 +--
 7 files changed, 54 insertions(+), 37 deletions(-)
Merging clockevents/clockevents/next (8c9374068ef6 misc: atmel_tclib: Do not probe already used TCBs)
$ git merge clockevents/clockevents/next
Already up to date.
Merging edac-amd/for-next (8de9930a4618 Revert "EDAC/amd64: Support more than two controllers for chip select handling")
$ git merge edac-amd/for-next
Already up to date.
Merging irqchip/irq/irqchip-next (16e32c3cde77 iommu/dma-iommu: Remove iommu_dma_map_msi_msg())
$ git merge irqchip/irq/irqchip-next
Already up to date.
Merging ftrace/for-next (693713cbdb3a x86: Hide the int3_emulate_call/jmp functions from UML)
$ git merge ftrace/for-next
Already up to date.
Merging rcu/rcu/next (91df49e187c1 Merge LKMM and RCU commits)
$ git merge rcu/rcu/next
Already up to date.
Merging kvm/linux-next (94830f188a80 Merge tag 'kvm-s390-master-5.2-1' of git://git.kernel.org/pub/scm/linux/kernel/git/kvms390/linux into HEAD)
$ git merge kvm/linux-next
Already up to date.
Merging kvm-arm/next (9eecfc22e0bf KVM: arm64: Fix ptrauth ID register masking logic)
$ git merge kvm-arm/next
Already up to date.
Merging kvm-ppc/kvm-ppc-next (4894fbcce856 KVM: PPC: Book3S: Remove useless checks in 'release' method of KVM device)
$ git merge kvm-ppc/kvm-ppc-next
Already up to date.
Merging kvms390/next (6e9b622d1c36 KVM: s390: change default halt poll time to 50us)
$ git merge kvms390/next
Already up to date.
Merging xen-tip/linux-next (fe846979d305 xen/arm: Use p2m entry with lock protection)
$ git merge xen-tip/linux-next
Already up to date.
Merging percpu/for-next (558ac86039fc Merge branch 'for-5.3' into for-next)
$ git merge percpu/for-next
Auto-merging lib/percpu-refcount.c
Auto-merging fs/io_uring.c
Auto-merging drivers/md/md.c
Merge made by the 'recursive' strategy.
 drivers/md/md.c                 |  3 ++-
 fs/io_uring.c                   |  3 ++-
 include/linux/percpu-refcount.h | 10 +++++++++-
 lib/percpu-refcount.c           | 13 +++++++++++--
 4 files changed, 24 insertions(+), 5 deletions(-)
Merging workqueues/for-next (24acfb718225 workqueue: Use normal rcu)
$ git merge workqueues/for-next
Already up to date.
Merging drivers-x86/for-next (a188339ca5a3 Linux 5.2-rc1)
$ git merge drivers-x86/for-next
Already up to date.
Merging chrome-platform/for-next (7dadf88f8d4e platform/chrome: cros_ec_spi: Move to real time priority for transfers)
$ git merge chrome-platform/for-next
Auto-merging drivers/platform/chrome/Kconfig
Merge made by the 'recursive' strategy.
 Documentation/ABI/testing/debugfs-wilco-ec        |  16 +-
 Documentation/ABI/testing/sysfs-platform-wilco-ec |   9 +
 drivers/platform/chrome/Kconfig                   |  13 +
 drivers/platform/chrome/Makefile                  |   1 +
 drivers/platform/chrome/cros_ec_ishtp.c           | 763 ++++++++++++++++++++++
 drivers/platform/chrome/cros_ec_spi.c             |  67 +-
 drivers/platform/chrome/wilco_ec/Makefile         |   2 +-
 drivers/platform/chrome/wilco_ec/core.c           |  13 +-
 drivers/platform/chrome/wilco_ec/debugfs.c        |  10 +-
 drivers/platform/chrome/wilco_ec/mailbox.c        |  21 +-
 drivers/platform/chrome/wilco_ec/properties.c     | 132 ++++
 drivers/platform/chrome/wilco_ec/sysfs.c          |  77 +++
 include/linux/platform_data/wilco-ec.h            |  92 ++-
 13 files changed, 1159 insertions(+), 57 deletions(-)
 create mode 100644 Documentation/ABI/testing/sysfs-platform-wilco-ec
 create mode 100644 drivers/platform/chrome/cros_ec_ishtp.c
 create mode 100644 drivers/platform/chrome/wilco_ec/properties.c
 create mode 100644 drivers/platform/chrome/wilco_ec/sysfs.c
Merging hsi/for-next (a188339ca5a3 Linux 5.2-rc1)
$ git merge hsi/for-next
Already up to date.
Merging leds/for-next (52940fd03211 leds: TI LMU: fix u8 variable comparisons with less than zero)
$ git merge leds/for-next
Auto-merging drivers/regulator/Kconfig
Auto-merging drivers/mfd/Kconfig
Auto-merging drivers/leds/Kconfig
Merge made by the 'recursive' strategy.
 .../devicetree/bindings/leds/leds-lm36274.txt      |  82 +++++
 .../devicetree/bindings/leds/leds-lm3697.txt       |  73 ++++
 .../devicetree/bindings/leds/leds-spi-byte.txt     |  44 +++
 Documentation/devicetree/bindings/mfd/ti-lmu.txt   |  88 +++--
 drivers/leds/Kconfig                               |  33 ++
 drivers/leds/Makefile                              |   4 +
 drivers/leds/leds-lm36274.c                        | 174 +++++++++
 drivers/leds/leds-lm3697.c                         | 395 +++++++++++++++++++++
 drivers/leds/leds-spi-byte.c                       | 161 +++++++++
 drivers/leds/leds-ti-lmu-common.c                  | 156 ++++++++
 drivers/mfd/Kconfig                                |   5 +-
 drivers/mfd/ti-lmu.c                               |  23 +-
 drivers/regulator/Kconfig                          |   2 +-
 drivers/regulator/lm363x-regulator.c               |  56 ++-
 include/linux/leds-ti-lmu-common.h                 |  47 +++
 include/linux/mfd/ti-lmu-register.h                |  63 ++--
 include/linux/mfd/ti-lmu.h                         |   5 +-
 17 files changed, 1328 insertions(+), 83 deletions(-)
 create mode 100644 Documentation/devicetree/bindings/leds/leds-lm36274.txt
 create mode 100644 Documentation/devicetree/bindings/leds/leds-lm3697.txt
 create mode 100644 Documentation/devicetree/bindings/leds/leds-spi-byte.txt
 create mode 100644 drivers/leds/leds-lm36274.c
 create mode 100644 drivers/leds/leds-lm3697.c
 create mode 100644 drivers/leds/leds-spi-byte.c
 create mode 100644 drivers/leds/leds-ti-lmu-common.c
 create mode 100644 include/linux/leds-ti-lmu-common.h
Merging ipmi/for-next (dd7450cab711 ipmi_si: use bool type for initialized variable)
$ git merge ipmi/for-next
Merge made by the 'recursive' strategy.
 drivers/char/ipmi/ipmi_si_intf.c     | 4 ++--
 drivers/char/ipmi/ipmi_si_platform.c | 6 +++++-
 2 files changed, 7 insertions(+), 3 deletions(-)
Merging driver-core/driver-core-next (a188339ca5a3 Linux 5.2-rc1)
$ git merge driver-core/driver-core-next
Already up to date.
Merging usb/usb-next (6e9aed4ed4ca dt-bindings: usb: renesas_usbhs: Add support for r7s9210)
$ git merge usb/usb-next
Merge made by the 'recursive' strategy.
 .../devicetree/bindings/phy/rcar-gen3-phy-usb2.txt |  13 +-
 .../devicetree/bindings/usb/renesas_usbhs.txt      |   2 +
 drivers/usb/atm/Kconfig                            |   1 -
 drivers/usb/core/Kconfig                           |   1 -
 drivers/usb/core/hub.c                             |  32 +++--
 drivers/usb/dwc2/Kconfig                           |   1 -
 drivers/usb/gadget/legacy/Kconfig                  |   2 -
 drivers/usb/host/Kconfig                           |   5 -
 drivers/usb/host/ehci-exynos.c                     |  11 ++
 drivers/usb/host/ohci-exynos.c                     |  11 ++
 drivers/usb/host/ohci-pci.c                        |   2 +-
 drivers/usb/renesas_usbhs/Kconfig                  |   1 -
 drivers/usb/renesas_usbhs/Makefile                 |   2 +-
 drivers/usb/renesas_usbhs/common.c                 | 156 ++++++++++++---------
 drivers/usb/renesas_usbhs/common.h                 |   8 +-
 drivers/usb/renesas_usbhs/fifo.c                   |   9 +-
 drivers/usb/renesas_usbhs/rza.h                    |   1 +
 drivers/usb/renesas_usbhs/rza2.c                   |  72 ++++++++++
 drivers/usb/usbip/stub_main.c                      |   8 +-
 include/linux/usb/renesas_usbhs.h                  |   4 +
 20 files changed, 239 insertions(+), 103 deletions(-)
 create mode 100644 drivers/usb/renesas_usbhs/rza2.c
Merging usb-gadget/next (2e487d280525 usb: dwc3: Rename DWC3_DCTL_LPM_ERRATA)
$ git merge usb-gadget/next
Already up to date.
Merging usb-serial/usb-next (a188339ca5a3 Linux 5.2-rc1)
$ git merge usb-serial/usb-next
Already up to date.
Merging usb-chipidea-next/ci-for-usb-next (bc65fae4b1f0 usb: chipidea: imx: set power polarity)
$ git merge usb-chipidea-next/ci-for-usb-next
Auto-merging drivers/usb/chipidea/ci_hdrc_imx.c
Merge made by the 'recursive' strategy.
Merging phy-next/next (708310711e6c dt-bindings: phy-qcom-qmp: Tweak qcom,msm8998-qmp-ufs-phy)
$ git merge phy-next/next
Already up to date.
Merging tty/tty-next (9c12d739d69b tty: max310x: Split uart characters insertion loop)
$ git merge tty/tty-next
Auto-merging drivers/tty/serial/max310x.c
Merge made by the 'recursive' strategy.
 drivers/tty/serial/8250/8250_of.c  |   9 +--
 drivers/tty/serial/8250/8250_pnp.c |   4 +-
 drivers/tty/serial/amba-pl011.c    |   2 +-
 drivers/tty/serial/max310x.c       | 157 ++++++++++++++++++++++---------------
 4 files changed, 101 insertions(+), 71 deletions(-)
Merging char-misc/char-misc-next (b728ddde769c mei: Convert to use DEFINE_SHOW_ATTRIBUTE macro)
$ git merge char-misc/char-misc-next
Merge made by the 'recursive' strategy.
 drivers/misc/mei/debugfs.c | 184 +++++++++++++--------------------------------
 1 file changed, 52 insertions(+), 132 deletions(-)
Merging extcon/extcon-next (00053de52231 extcon: arizona: Disable mic detect if running when driver is removed)
$ git merge extcon/extcon-next
Already up to date.
Merging soundwire/next (a188339ca5a3 Linux 5.2-rc1)
$ git merge soundwire/next
Already up to date.
Merging thunderbolt/next (a188339ca5a3 Linux 5.2-rc1)
$ git merge thunderbolt/next
Already up to date.
Merging staging/staging-next (dcb76ad1f4c7 staging: kpc2000: remove invalid spaces in cell_probe.c)
$ git merge staging/staging-next
Auto-merging drivers/staging/wilc1000/wilc_wlan.c
Auto-merging drivers/staging/vc04_services/interface/vchiq_arm/vchiq_2835_arm.c
Auto-merging drivers/staging/vc04_services/bcm2835-camera/controls.c
Removing drivers/staging/kpc2000/kpc_spi/spi_parts.h
Removing drivers/staging/kpc2000/kpc_spi/Makefile
Removing drivers/staging/kpc2000/kpc_i2c/i2c_driver.c
Removing drivers/staging/kpc2000/kpc_i2c/fileops.c
Removing drivers/staging/kpc2000/kpc_i2c/Makefile
Auto-merging drivers/staging/kpc2000/kpc_dma/fileops.c
Removing drivers/staging/kpc2000/kpc2000/kp2000_module.c
Removing drivers/staging/kpc2000/kpc2000/fileops.c
Auto-merging drivers/iio/dac/ds4424.c
Auto-merging drivers/iio/accel/kxsd9-spi.c
Auto-merging MAINTAINERS
Removing Documentation/devicetree/bindings/iio/light/tsl2772.txt
Removing Documentation/devicetree/bindings/iio/light/tsl2583.txt
Removing Documentation/devicetree/bindings/iio/light/isl29018.txt
Removing Documentation/devicetree/bindings/iio/accel/adxl345.txt
Merge made by the 'recursive' strategy.
 Documentation/ABI/testing/sysfs-bus-iio-cros-ec    |   10 +-
 .../devicetree/bindings/iio/accel/adi,adxl345.yaml |   72 ++
 .../devicetree/bindings/iio/accel/adxl345.txt      |   39 -
 .../devicetree/bindings/iio/adc/mt6577_auxadc.txt  |    2 +
 .../devicetree/bindings/iio/light/isl29018.txt     |   27 -
 .../devicetree/bindings/iio/light/isl29018.yaml    |   56 ++
 .../devicetree/bindings/iio/light/tsl2583.txt      |   25 -
 .../devicetree/bindings/iio/light/tsl2583.yaml     |   46 +
 .../devicetree/bindings/iio/light/tsl2772.txt      |   42 -
 .../devicetree/bindings/iio/light/tsl2772.yaml     |   83 ++
 MAINTAINERS                                        |    1 +
 drivers/iio/accel/adxl372_spi.c                    |    9 +
 drivers/iio/accel/kxsd9-spi.c                      |    9 +
 drivers/iio/adc/at91-sama5d2_adc.c                 |   12 +-
 drivers/iio/adc/at91_adc.c                         |    4 +-
 drivers/iio/adc/mt6577_auxadc.c                    |   54 +-
 drivers/iio/adc/rcar-gyroadc.c                     |    4 +-
 drivers/iio/adc/stm32-dfsdm-adc.c                  |    6 +
 drivers/iio/adc/stm32-dfsdm-core.c                 |    8 +-
 drivers/iio/adc/stmpe-adc.c                        |   40 +-
 drivers/iio/adc/sun4i-gpadc-iio.c                  |    5 +-
 .../common/cros_ec_sensors/cros_ec_sensors_core.c  |   14 +
 drivers/iio/dac/ad5758.c                           |   18 +-
 drivers/iio/dac/ds4424.c                           |    6 -
 drivers/iio/frequency/ad9523.c                     |    8 +-
 drivers/iio/temperature/maxim_thermocouple.c       |   10 +
 drivers/staging/erofs/Makefile                     |    2 +-
 drivers/staging/erofs/unzip_pagevec.h              |    5 +-
 drivers/staging/fieldbus/anybuss/arcx-anybus.c     |   44 +-
 drivers/staging/fieldbus/dev_core.c                |    6 +-
 drivers/staging/fsl-dpaa2/Kconfig                  |    8 +-
 drivers/staging/iio/adc/Kconfig                    |    3 +
 drivers/staging/iio/addac/adt7316.c                |    2 +-
 drivers/staging/kpc2000/Makefile                   |    4 +-
 drivers/staging/kpc2000/TODO                       |    3 -
 drivers/staging/kpc2000/kpc2000/Makefile           |    2 +-
 drivers/staging/kpc2000/kpc2000/cell_probe.c       |  748 ++++++++-------
 drivers/staging/kpc2000/kpc2000/core.c             | 1007 ++++++++++++--------
 drivers/staging/kpc2000/kpc2000/dma_common_defs.h  |   19 -
 drivers/staging/kpc2000/kpc2000/fileops.c          |  131 ---
 drivers/staging/kpc2000/kpc2000/kp2000_module.c    |   54 --
 drivers/staging/kpc2000/kpc2000/pcie.h             |  125 ++-
 drivers/staging/kpc2000/kpc2000/uapi.h             |   22 +-
 drivers/staging/kpc2000/kpc2000_i2c.c              |  655 +++++++++++++
 .../{kpc_spi/spi_driver.c => kpc2000_spi.c}        |   45 +-
 drivers/staging/kpc2000/kpc_dma/dma.c              |  138 +--
 drivers/staging/kpc2000/kpc_dma/fileops.c          |  217 +++--
 drivers/staging/kpc2000/kpc_dma/kpc_dma_driver.c   |  119 +--
 drivers/staging/kpc2000/kpc_dma/kpc_dma_driver.h   |   32 +-
 drivers/staging/kpc2000/kpc_i2c/Makefile           |    4 -
 drivers/staging/kpc2000/kpc_i2c/fileops.c          |  181 ----
 drivers/staging/kpc2000/kpc_i2c/i2c_driver.c       |  699 --------------
 drivers/staging/kpc2000/kpc_spi/Makefile           |    4 -
 drivers/staging/kpc2000/kpc_spi/spi_parts.h        |   48 -
 drivers/staging/most/Kconfig                       |    2 +-
 drivers/staging/mt7621-dma/mtk-hsdma.c             |    3 +-
 drivers/staging/pi433/rf69.c                       |    4 +-
 drivers/staging/pi433/rf69_registers.h             |    2 +-
 drivers/staging/rtl8188eu/Kconfig                  |    4 +-
 drivers/staging/rtl8188eu/core/rtw_mlme.c          |   26 +-
 drivers/staging/rtl8188eu/core/rtw_recv.c          |   14 +-
 drivers/staging/rtl8188eu/os_dep/mlme_linux.c      |    8 +-
 drivers/staging/rtl8188eu/os_dep/rtw_android.c     |    2 +-
 drivers/staging/rtl8192e/rtl8192e/rtl_dm.c         |    4 +-
 .../staging/rtl8192u/ieee80211/ieee80211_module.c  |    2 +-
 drivers/staging/rtl8192u/ieee80211/ieee80211_rx.c  |   33 +-
 .../staging/rtl8192u/ieee80211/ieee80211_softmac.c |   13 +-
 .../rtl8192u/ieee80211/ieee80211_softmac_wx.c      |    4 +-
 drivers/staging/rtl8192u/ieee80211/ieee80211_tx.c  |   58 +-
 drivers/staging/rtl8192u/ieee80211/ieee80211_wx.c  |   36 +-
 .../staging/rtl8192u/ieee80211/rtl819x_TSProc.c    |   10 +-
 drivers/staging/rtl8712/rtl8712_xmit.c             |    2 +-
 drivers/staging/rtl8712/rtl871x_recv.c             |   14 +-
 drivers/staging/rtl8712/rtl871x_security.c         |    4 +-
 drivers/staging/rtl8712/rtl871x_xmit.c             |   12 +-
 drivers/staging/rtl8712/wifi.h                     |   11 -
 drivers/staging/rtl8723bs/Kconfig                  |    2 +-
 drivers/staging/rtl8723bs/core/rtw_ap.c            |    8 +-
 drivers/staging/rtl8723bs/core/rtw_cmd.c           |    2 +-
 drivers/staging/rtl8723bs/core/rtw_ioctl_set.c     |    2 +-
 drivers/staging/rtl8723bs/core/rtw_mlme.c          |    2 +-
 drivers/staging/rtl8723bs/core/rtw_mlme_ext.c      |   65 +-
 drivers/staging/rtl8723bs/core/rtw_pwrctrl.c       |    2 +-
 drivers/staging/rtl8723bs/core/rtw_recv.c          |   54 +-
 drivers/staging/rtl8723bs/core/rtw_wlan_util.c     |    2 +-
 drivers/staging/rtl8723bs/core/rtw_xmit.c          |    6 +-
 drivers/staging/rtl8723bs/hal/HalHWImg8723B_BB.c   |    4 +-
 drivers/staging/rtl8723bs/hal/HalHWImg8723B_MAC.c  |    2 +-
 drivers/staging/rtl8723bs/hal/HalHWImg8723B_RF.c   |    2 +-
 drivers/staging/rtl8723bs/hal/HalPhyRf_8723B.c     |    6 +-
 drivers/staging/rtl8723bs/hal/hal_com.c            |    2 +-
 drivers/staging/rtl8723bs/hal/odm_DIG.c            |    2 +-
 drivers/staging/rtl8723bs/hal/sdio_ops.c           |    1 -
 drivers/staging/rtl8723bs/os_dep/ioctl_cfg80211.c  |   30 +-
 drivers/staging/rtl8723bs/os_dep/ioctl_linux.c     |  447 +++++----
 drivers/staging/rtl8723bs/os_dep/sdio_intf.c       |   18 +-
 drivers/staging/unisys/Kconfig                     |    4 +-
 drivers/staging/unisys/visornic/visornic_main.c    |    4 +-
 .../vc04_services/bcm2835-camera/bcm2835-camera.c  |   11 +-
 .../vc04_services/bcm2835-camera/controls.c        |    5 +-
 .../vc04_services/bcm2835-camera/mmal-msg.h        |    4 +-
 .../interface/vchiq_arm/vchiq_2835_arm.c           |    2 +-
 .../vc04_services/interface/vchiq_arm/vchiq_arm.c  |   85 +-
 .../interface/vchiq_arm/vchiq_connected.c          |    4 +-
 .../vc04_services/interface/vchiq_arm/vchiq_core.c |   53 +-
 .../interface/vchiq_arm/vchiq_debugfs.c            |    4 +-
 .../vc04_services/interface/vchiq_arm/vchiq_util.c |    6 +-
 drivers/staging/vt6655/Kconfig                     |    5 +-
 drivers/staging/vt6656/Kconfig                     |    5 +-
 drivers/staging/vt6656/baseband.c                  |  130 ++-
 drivers/staging/vt6656/baseband.h                  |    8 +-
 drivers/staging/vt6656/card.c                      |   20 +-
 drivers/staging/vt6656/firmware.c                  |   91 +-
 drivers/staging/vt6656/int.c                       |    8 +-
 drivers/staging/vt6656/int.h                       |    2 +-
 drivers/staging/vt6656/mac.c                       |   19 +-
 drivers/staging/vt6656/mac.h                       |    6 +-
 drivers/staging/vt6656/main_usb.c                  |  230 +++--
 drivers/staging/vt6656/rf.c                        |   38 +-
 drivers/staging/vt6656/rf.h                        |    2 +-
 drivers/staging/vt6656/usbpipe.c                   |  115 ++-
 drivers/staging/vt6656/usbpipe.h                   |    4 +-
 drivers/staging/wilc1000/wilc_wlan.c               |    3 -
 drivers/staging/wlan-ng/cfg80211.c                 |   14 +-
 124 files changed, 3403 insertions(+), 3343 deletions(-)
 create mode 100644 Documentation/devicetree/bindings/iio/accel/adi,adxl345.yaml
 delete mode 100644 Documentation/devicetree/bindings/iio/accel/adxl345.txt
 delete mode 100644 Documentation/devicetree/bindings/iio/light/isl29018.txt
 create mode 100644 Documentation/devicetree/bindings/iio/light/isl29018.yaml
 delete mode 100644 Documentation/devicetree/bindings/iio/light/tsl2583.txt
 create mode 100644 Documentation/devicetree/bindings/iio/light/tsl2583.yaml
 delete mode 100644 Documentation/devicetree/bindings/iio/light/tsl2772.txt
 create mode 100644 Documentation/devicetree/bindings/iio/light/tsl2772.yaml
 delete mode 100644 drivers/staging/kpc2000/kpc2000/fileops.c
 delete mode 100644 drivers/staging/kpc2000/kpc2000/kp2000_module.c
 create mode 100644 drivers/staging/kpc2000/kpc2000_i2c.c
 rename drivers/staging/kpc2000/{kpc_spi/spi_driver.c => kpc2000_spi.c} (90%)
 delete mode 100644 drivers/staging/kpc2000/kpc_i2c/Makefile
 delete mode 100644 drivers/staging/kpc2000/kpc_i2c/fileops.c
 delete mode 100644 drivers/staging/kpc2000/kpc_i2c/i2c_driver.c
 delete mode 100644 drivers/staging/kpc2000/kpc_spi/Makefile
 delete mode 100644 drivers/staging/kpc2000/kpc_spi/spi_parts.h
Merging mux/for-next (561eb7335f13 Merge branch 'i2c-mux/for-next' into for-next)
$ git merge mux/for-next
Auto-merging drivers/i2c/muxes/i2c-demux-pinctrl.c
Removing Documentation/devicetree/bindings/mux/mmio-mux.txt
Merge made by the 'recursive' strategy.
 Documentation/devicetree/bindings/mux/mmio-mux.txt |  60 ----------
 Documentation/devicetree/bindings/mux/reg-mux.txt  | 129 +++++++++++++++++++++
 drivers/mux/Kconfig                                |  12 +-
 drivers/mux/mmio.c                                 |   6 +-
 4 files changed, 140 insertions(+), 67 deletions(-)
 delete mode 100644 Documentation/devicetree/bindings/mux/mmio-mux.txt
 create mode 100644 Documentation/devicetree/bindings/mux/reg-mux.txt
Merging icc/icc-next (83fdb2dfb0c2 interconnect: convert to DEFINE_SHOW_ATTRIBUTE)
$ git merge icc/icc-next
Already up to date.
Merging slave-dma/next (f935d7dc8125 dmaengine: xilinx_dma: Remove set but unused tail_desc)
$ git merge slave-dma/next
Removing include/linux/sudmac.h
Removing drivers/dma/sh/sudmac.c
Auto-merging drivers/dma/dma-jz4780.c
Merge made by the 'recursive' strategy.
 drivers/dma/dma-axi-dmac.c      |  29 ++-
 drivers/dma/dma-jz4780.c        |   6 +-
 drivers/dma/sh/Kconfig          |   6 -
 drivers/dma/sh/Makefile         |   1 -
 drivers/dma/sh/sudmac.c         | 414 ----------------------------------------
 drivers/dma/stm32-dma.c         |   1 -
 drivers/dma/xilinx/xilinx_dma.c |   4 +-
 include/linux/sudmac.h          |  52 -----
 8 files changed, 29 insertions(+), 484 deletions(-)
 delete mode 100644 drivers/dma/sh/sudmac.c
 delete mode 100644 include/linux/sudmac.h
Merging cgroup/for-next (05b289263772 signal: unconditionally leave the frozen state in ptrace_stop())
$ git merge cgroup/for-next
Already up to date.
Merging scsi/for-next (dda5c4009563 Merge branch 'misc' into for-next)
$ git merge scsi/for-next
Auto-merging lib/sg_pool.c
Auto-merging drivers/scsi/st.c
CONFLICT (content): Merge conflict in drivers/scsi/st.c
Auto-merging drivers/scsi/sr.c
CONFLICT (content): Merge conflict in drivers/scsi/sr.c
Auto-merging drivers/scsi/sd.c
CONFLICT (content): Merge conflict in drivers/scsi/sd.c
Auto-merging drivers/scsi/scsi_sysfs.c
CONFLICT (content): Merge conflict in drivers/scsi/scsi_sysfs.c
Auto-merging drivers/scsi/scsi_pm.c
CONFLICT (content): Merge conflict in drivers/scsi/scsi_pm.c
Auto-merging drivers/scsi/scsi_lib.c
CONFLICT (content): Merge conflict in drivers/scsi/scsi_lib.c
Auto-merging drivers/scsi/scsi_ioctl.c
CONFLICT (content): Merge conflict in drivers/scsi/scsi_ioctl.c
Auto-merging drivers/scsi/scsi_error.c
CONFLICT (content): Merge conflict in drivers/scsi/scsi_error.c
Auto-merging drivers/scsi/scsi.c
CONFLICT (content): Merge conflict in drivers/scsi/scsi.c
Removing drivers/scsi/osst_options.h
Removing drivers/scsi/osst_detect.h
Removing drivers/scsi/osst.h
CONFLICT (modify/delete): drivers/scsi/osst.c deleted in scsi/for-next and modified in HEAD. Version HEAD of drivers/scsi/osst.c left in tree.
Auto-merging drivers/scsi/megaraid/megaraid_sas_fusion.h
Auto-merging drivers/scsi/megaraid/megaraid_sas_fusion.c
Auto-merging drivers/scsi/megaraid/megaraid_sas_fp.c
Auto-merging drivers/scsi/megaraid/megaraid_sas_base.c
Auto-merging drivers/scsi/megaraid/megaraid_sas.h
Auto-merging drivers/scsi/megaraid/Kconfig.megaraid
Auto-merging drivers/scsi/libsas/sas_task.c
CONFLICT (content): Merge conflict in drivers/scsi/libsas/sas_task.c
Auto-merging drivers/scsi/hosts.c
CONFLICT (content): Merge conflict in drivers/scsi/hosts.c
Auto-merging drivers/scsi/Kconfig
Auto-merging MAINTAINERS
Removing Documentation/scsi/osst.txt
Resolved 'drivers/scsi/hosts.c' using previous resolution.
Resolved 'drivers/scsi/libsas/sas_task.c' using previous resolution.
Resolved 'drivers/scsi/scsi.c' using previous resolution.
Resolved 'drivers/scsi/scsi_error.c' using previous resolution.
Resolved 'drivers/scsi/scsi_ioctl.c' using previous resolution.
Resolved 'drivers/scsi/scsi_lib.c' using previous resolution.
Resolved 'drivers/scsi/scsi_pm.c' using previous resolution.
Resolved 'drivers/scsi/scsi_sysfs.c' using previous resolution.
Resolved 'drivers/scsi/sd.c' using previous resolution.
Resolved 'drivers/scsi/sr.c' using previous resolution.
Resolved 'drivers/scsi/st.c' using previous resolution.
Automatic merge failed; fix conflicts and then commit the result.
$ git rm -f drivers/scsi/osst.c
drivers/scsi/osst.c: needs merge
rm 'drivers/scsi/osst.c'
$ git commit -v -a
[master b7e5123ddad6] Merge remote-tracking branch 'scsi/for-next'
$ git diff -M --stat --summary HEAD^..
 Documentation/scsi/osst.txt                  |  218 -
 MAINTAINERS                                  |   10 -
 drivers/nvme/host/fc.c                       |    7 +-
 drivers/nvme/host/rdma.c                     |    7 +-
 drivers/nvme/target/loop.c                   |    4 +-
 drivers/scsi/Kconfig                         |   57 +-
 drivers/scsi/Makefile                        |    4 +-
 drivers/scsi/fcoe/fcoe.c                     |   14 +-
 drivers/scsi/fcoe/fcoe.h                     |   14 +-
 drivers/scsi/fcoe/fcoe_ctlr.c                |   14 +-
 drivers/scsi/fcoe/fcoe_sysfs.c               |   14 +-
 drivers/scsi/fcoe/fcoe_transport.c           |   14 +-
 drivers/scsi/fdomain.c                       |  586 +++
 drivers/scsi/fdomain.h                       |   53 +
 drivers/scsi/fdomain_isa.c                   |  222 +
 drivers/scsi/fdomain_pci.c                   |   68 +
 drivers/scsi/hosts.c                         |    2 +-
 drivers/scsi/hpsa.c                          |  278 +-
 drivers/scsi/hpsa.h                          |    6 +-
 drivers/scsi/hpsa_cmd.h                      |    2 +-
 drivers/scsi/libfc/fc_disc.c                 |   14 +-
 drivers/scsi/libfc/fc_elsct.c                |   14 +-
 drivers/scsi/libfc/fc_exch.c                 |   14 +-
 drivers/scsi/libfc/fc_fcp.c                  |   14 +-
 drivers/scsi/libfc/fc_frame.c                |   14 +-
 drivers/scsi/libfc/fc_libfc.c                |   14 +-
 drivers/scsi/libfc/fc_libfc.h                |   14 +-
 drivers/scsi/libfc/fc_lport.c                |   14 +-
 drivers/scsi/libfc/fc_npiv.c                 |   14 +-
 drivers/scsi/libfc/fc_rport.c                |   14 +-
 drivers/scsi/libiscsi.c                      |   15 +-
 drivers/scsi/libiscsi_tcp.c                  |   13 +-
 drivers/scsi/libsas/sas_ata.c                |   16 +-
 drivers/scsi/libsas/sas_discover.c           |   18 +-
 drivers/scsi/libsas/sas_event.c              |   18 +-
 drivers/scsi/libsas/sas_expander.c           |   16 +-
 drivers/scsi/libsas/sas_host_smp.c           |    5 +-
 drivers/scsi/libsas/sas_init.c               |   19 +-
 drivers/scsi/libsas/sas_internal.h           |   19 +-
 drivers/scsi/libsas/sas_phy.c                |   18 +-
 drivers/scsi/libsas/sas_port.c               |   18 +-
 drivers/scsi/libsas/sas_scsi_host.c          |   19 +-
 drivers/scsi/libsas/sas_task.c               |    3 +-
 drivers/scsi/megaraid/Kconfig.megaraid       |    1 +
 drivers/scsi/megaraid/Makefile               |    2 +-
 drivers/scsi/megaraid/megaraid_sas.h         |   27 +-
 drivers/scsi/megaraid/megaraid_sas_base.c    |  335 +-
 drivers/scsi/megaraid/megaraid_sas_debugfs.c |  180 +
 drivers/scsi/megaraid/megaraid_sas_fp.c      |    1 +
 drivers/scsi/megaraid/megaraid_sas_fusion.c  |  303 +-
 drivers/scsi/megaraid/megaraid_sas_fusion.h  |    6 +-
 drivers/scsi/osst.c                          | 6108 --------------------------
 drivers/scsi/osst.h                          |  651 ---
 drivers/scsi/osst_detect.h                   |    7 -
 drivers/scsi/osst_options.h                  |  107 -
 drivers/scsi/scsi.c                          |   14 +-
 drivers/scsi/scsi_debugfs.h                  |    1 +
 drivers/scsi/scsi_error.c                    |    2 +-
 drivers/scsi/scsi_ioctl.c                    |    2 +-
 drivers/scsi/scsi_lib.c                      |   33 +-
 drivers/scsi/scsi_logging.c                  |    3 +-
 drivers/scsi/scsi_pm.c                       |    8 +-
 drivers/scsi/scsi_priv.h                     |    1 -
 drivers/scsi/scsi_sysctl.c                   |    2 +-
 drivers/scsi/scsi_sysfs.c                    |    2 +-
 drivers/scsi/scsi_trace.c                    |   14 +-
 drivers/scsi/scsi_transport_fc.c             |   18 +-
 drivers/scsi/scsi_transport_iscsi.c          |   15 +-
 drivers/scsi/scsi_transport_sas.c            |    2 +-
 drivers/scsi/scsi_transport_spi.c            |   15 +-
 drivers/scsi/scsi_transport_srp.c            |   16 +-
 drivers/scsi/sd.c                            |  113 +-
 drivers/scsi/sd_dif.c                        |   16 +-
 drivers/scsi/sd_zbc.c                        |   16 +-
 drivers/scsi/ses.c                           |   20 +-
 drivers/scsi/sg.c                            |    7 +-
 drivers/scsi/sr.c                            |    2 +-
 drivers/scsi/st.c                            |    8 +-
 include/linux/scatterlist.h                  |   11 +-
 include/scsi/fc/fc_encaps.h                  |   14 +-
 include/scsi/fc/fc_fc2.h                     |   14 +-
 include/scsi/fc/fc_fcoe.h                    |   14 +-
 include/scsi/fc/fc_fcp.h                     |   14 +-
 include/scsi/fc/fc_fip.h                     |   14 +-
 include/scsi/fc/fc_ms.h                      |   17 +-
 include/scsi/iscsi_if.h                      |   13 +-
 include/scsi/iscsi_proto.h                   |   13 +-
 include/scsi/libfc.h                         |   14 +-
 include/scsi/libfcoe.h                       |   14 +-
 include/scsi/libiscsi.h                      |   15 +-
 include/scsi/libiscsi_tcp.h                  |   13 +-
 include/scsi/libsas.h                        |   19 +-
 include/scsi/sas.h                           |   19 +-
 include/scsi/sas_ata.h                       |   17 +-
 include/scsi/scsi_bsg_iscsi.h                |   16 +-
 include/scsi/scsi_transport.h                |   15 +-
 include/scsi/scsi_transport_fc.h             |   18 +-
 include/scsi/scsi_transport_iscsi.h          |   15 +-
 include/scsi/scsi_transport_spi.h            |   15 +-
 include/uapi/scsi/fc/fc_els.h                |   13 -
 include/uapi/scsi/fc/fc_fs.h                 |   13 -
 include/uapi/scsi/fc/fc_gs.h                 |   13 -
 include/uapi/scsi/fc/fc_ns.h                 |   13 -
 include/uapi/scsi/scsi_bsg_fc.h              |   15 -
 include/uapi/scsi/scsi_netlink.h             |   15 -
 include/uapi/scsi/scsi_netlink_fc.h          |   15 -
 lib/scatterlist.c                            |   36 +-
 lib/sg_pool.c                                |   37 +-
 net/sunrpc/xprtrdma/svc_rdma_rw.c            |    5 +-
 109 files changed, 2077 insertions(+), 8401 deletions(-)
 delete mode 100644 Documentation/scsi/osst.txt
 create mode 100644 drivers/scsi/fdomain.c
 create mode 100644 drivers/scsi/fdomain.h
 create mode 100644 drivers/scsi/fdomain_isa.c
 create mode 100644 drivers/scsi/fdomain_pci.c
 create mode 100644 drivers/scsi/megaraid/megaraid_sas_debugfs.c
 delete mode 100644 drivers/scsi/osst.c
 delete mode 100644 drivers/scsi/osst.h
 delete mode 100644 drivers/scsi/osst_detect.h
 delete mode 100644 drivers/scsi/osst_options.h
Merging scsi-mkp/for-next (45bb806aa51a scsi: megaraid_sas: Update driver version to 07.708.03.00)
$ git merge scsi-mkp/for-next
Already up to date.
Merging vhost/linux-next (82c80f76e9da virtio: Fix indentation of VIRTIO_MMIO)
$ git merge vhost/linux-next
Auto-merging drivers/virtio/Kconfig
Auto-merging drivers/pci/of.c
CONFLICT (content): Merge conflict in drivers/pci/of.c
Auto-merging drivers/of/base.c
Auto-merging drivers/iommu/Kconfig
Auto-merging MAINTAINERS
Resolved 'drivers/pci/of.c' using previous resolution.
Automatic merge failed; fix conflicts and then commit the result.
$ git commit -v -a
[master fc37e44640aa] Merge remote-tracking branch 'vhost/linux-next'
$ git diff -M --stat --summary HEAD^..
 Documentation/devicetree/bindings/virtio/iommu.txt |   66 ++
 Documentation/devicetree/bindings/virtio/mmio.txt  |   30 +
 MAINTAINERS                                        |    7 +
 drivers/iommu/Kconfig                              |   11 +
 drivers/iommu/Makefile                             |    1 +
 drivers/iommu/virtio-iommu.c                       | 1158 ++++++++++++++++++++
 drivers/of/base.c                                  |   10 +-
 drivers/pci/of.c                                   |    6 +
 drivers/virtio/Kconfig                             |    8 +-
 include/uapi/linux/virtio_ids.h                    |    1 +
 include/uapi/linux/virtio_iommu.h                  |  161 +++
 tools/virtio/linux/kernel.h                        |    2 +-
 12 files changed, 1453 insertions(+), 8 deletions(-)
 create mode 100644 Documentation/devicetree/bindings/virtio/iommu.txt
 create mode 100644 drivers/iommu/virtio-iommu.c
 create mode 100644 include/uapi/linux/virtio_iommu.h
Merging rpmsg/for-next (37d3f7e0947c Merge branches 'hwspinlock-next', 'rpmsg-next' and 'rproc-next' into for-next)
$ git merge rpmsg/for-next
Merge made by the 'recursive' strategy.
 .../{qcom,adsp-pil.txt => qcom,hexagon-v56.txt}    | 35 ++++++++---
 .../devicetree/bindings/soc/qcom/qcom,glink.txt    |  5 ++
 drivers/remoteproc/qcom_q6v5_adsp.c                | 73 ++++++++++++++++------
 drivers/rpmsg/rpmsg_core.c                         |  3 +-
 4 files changed, 87 insertions(+), 29 deletions(-)
 rename Documentation/devicetree/bindings/remoteproc/{qcom,adsp-pil.txt => qcom,hexagon-v56.txt} (74%)
Merging gpio/for-next (0fbee1df2078 gpio: Update documentation)
$ git merge gpio/for-next
Already up to date.
Merging gpio-brgl/gpio/for-next (ef9ace6f8008 tools: gpio: Add include/linux/gpio.h to .gitignore)
$ git merge gpio-brgl/gpio/for-next
Merge made by the 'recursive' strategy.
 tools/gpio/.gitignore | 2 +-
 1 file changed, 1 insertion(+), 1 deletion(-)
Merging pinctrl/for-next (e0e31695b53b pinctrl: mcp23s08: Do not complain about unsupported params)
$ git merge pinctrl/for-next
Already up to date.
Merging pinctrl-samsung/for-next (9e98c678c2d6 Linux 5.1-rc1)
$ git merge pinctrl-samsung/for-next
Already up to date.
Merging pwm/for-next (f41efceb46e6 pwm: meson: Add clock source configuration for Meson G12A)
$ git merge pwm/for-next
Already up to date.
Merging userns/for-next (70f1b0d34bdf signal/usb: Replace kill_pid_info_as_cred with kill_pid_usb_asyncio)
$ git merge userns/for-next
Auto-merging kernel/signal.c
Merge made by the 'recursive' strategy.
 drivers/usb/core/devio.c     | 48 +++++++++++++++---------------
 include/linux/sched/signal.h |  2 +-
 kernel/signal.c              | 69 +++++++++++++++++++++++++++++++++++++++-----
 3 files changed, 86 insertions(+), 33 deletions(-)
Merging ktest/for-next (d20f6b41b7c2 ktest: update sample.conf for grub2bls)
$ git merge ktest/for-next
Already up to date.
Merging random/dev (b7d5dc21072c random: add a spinlock_t to struct batched_entropy)
$ git merge random/dev
Already up to date.
Merging kselftest/next (fe48319243a6 selftests/timers: Add missing fflush(stdout) calls)
$ git merge kselftest/next
Merge made by the 'recursive' strategy.
 tools/testing/selftests/kselftest/runner.sh     | 12 +-----------
 tools/testing/selftests/timers/adjtick.c        |  1 +
 tools/testing/selftests/timers/leapcrash.c      |  1 +
 tools/testing/selftests/timers/mqueue-lat.c     |  1 +
 tools/testing/selftests/timers/nanosleep.c      |  1 +
 tools/testing/selftests/timers/nsleep-lat.c     |  1 +
 tools/testing/selftests/timers/raw_skew.c       |  1 +
 tools/testing/selftests/timers/set-tai.c        |  1 +
 tools/testing/selftests/timers/set-tz.c         |  2 ++
 tools/testing/selftests/timers/threadtest.c     |  1 +
 tools/testing/selftests/timers/valid-adjtimex.c |  2 ++
 tools/testing/selftests/x86/syscall_arg_fault.c | 10 ++++++++--
 12 files changed, 21 insertions(+), 13 deletions(-)
Merging y2038/y2038 (a2318b6a16a8 riscv: Use latest system call ABI)
$ git merge y2038/y2038
Auto-merging arch/riscv/kernel/vdso/Makefile
Auto-merging arch/riscv/Kconfig
Merge made by the 'recursive' strategy.
Merging livepatching/for-next (95def8fe33ed Merge branch 'for-5.2/fixes' into for-next)
$ git merge livepatching/for-next
Auto-merging include/linux/livepatch.h
Merge made by the 'recursive' strategy.
 include/linux/livepatch.h | 3 ---
 1 file changed, 3 deletions(-)
Merging coresight/next (64e77d2af2c0 perf tools: Properly set the value of 'old' and 'head' in snapshot mode)
$ git merge coresight/next
Merge made by the 'recursive' strategy.
 drivers/hwtracing/coresight/coresight-etb10.c   |  21 ++--
 drivers/hwtracing/coresight/coresight-tmc-etf.c |  28 ++++--
 drivers/hwtracing/coresight/coresight-tmc-etr.c |  19 ++--
 tools/perf/arch/arm/util/cs-etm.c               | 124 +++++++++++++++++++++++-
 4 files changed, 165 insertions(+), 27 deletions(-)
Merging rtc/rtc-next (a188339ca5a3 Linux 5.2-rc1)
$ git merge rtc/rtc-next
Already up to date.
Merging nvdimm/libnvdimm-for-next (1ffc664f9b8c Merge branch 'for-5.1/dax' into libnvdimm-for-next)
$ git merge nvdimm/libnvdimm-for-next
Auto-merging fs/dax.c
CONFLICT (content): Merge conflict in fs/dax.c
Resolved 'fs/dax.c' using previous resolution.
Automatic merge failed; fix conflicts and then commit the result.
$ git commit -v -a
[master 386ac66c0daf] Merge remote-tracking branch 'nvdimm/libnvdimm-for-next'
$ git diff -M --stat --summary HEAD^..
Merging at24/at24/for-next (a188339ca5a3 Linux 5.2-rc1)
$ git merge at24/at24/for-next
Already up to date.
Merging ntb/ntb-next (6202b3c150bc NTB: ntb_test: Fix bug when counting remote files)
$ git merge ntb/ntb-next
Auto-merging tools/testing/selftests/ntb/ntb_test.sh
Auto-merging drivers/ntb/test/ntb_perf.c
Auto-merging drivers/ntb/hw/idt/ntb_hw_idt.c
Merge made by the 'recursive' strategy.
 drivers/ntb/hw/amd/ntb_hw_amd.c         | 12 +++------
 drivers/ntb/hw/idt/ntb_hw_idt.c         |  6 -----
 drivers/ntb/hw/intel/ntb_hw_gen1.c      |  4 ---
 drivers/ntb/hw/intel/ntb_hw_gen3.c      |  6 ++---
 drivers/ntb/ntb.c                       |  9 ++-----
 drivers/ntb/ntb_transport.c             |  1 +
 drivers/ntb/test/ntb_perf.c             | 43 +++++++++++++++++++++++++--------
 drivers/ntb/test/ntb_pingpong.c         | 14 +++++------
 drivers/ntb/test/ntb_tool.c             |  9 +++----
 tools/testing/selftests/ntb/ntb_test.sh |  2 +-
 10 files changed, 54 insertions(+), 52 deletions(-)
Merging kspp/for-next/kspp (7210e060155b gcc-plugins: Fix build failures under Darwin host)
$ git merge kspp/for-next/kspp
Merge made by the 'recursive' strategy.
 scripts/gcc-plugins/gcc-common.h | 4 ++++
 1 file changed, 4 insertions(+)
Merging cisco/for-next (9e98c678c2d6 Linux 5.1-rc1)
$ git merge cisco/for-next
Already up to date.
Merging gnss/gnss-next (a188339ca5a3 Linux 5.2-rc1)
$ git merge gnss/gnss-next
Already up to date.
Merging fsi/master (d20810530b71 fsi: fsi-scom.c: Remove duplicate header)
$ git merge fsi/master
Already up to date.
Merging siox/siox/next (1e4b044d2251 Linux 4.18-rc4)
$ git merge siox/siox/next
Already up to date.
Merging slimbus/for-next (a188339ca5a3 Linux 5.2-rc1)
$ git merge slimbus/for-next
Already up to date.
Merging nvmem/for-next (c8d087d040cf nvmem: Broaden the selection of NVMEM_SNVS_LPGPR)
$ git merge nvmem/for-next
Auto-merging drivers/nvmem/Kconfig
Merge made by the 'recursive' strategy.
 .../devicetree/bindings/arm/freescale/fsl,scu.txt  |  22 +++
 drivers/nvmem/Kconfig                              |   9 +-
 drivers/nvmem/Makefile                             |   2 +
 drivers/nvmem/imx-ocotp-scu.c                      | 161 +++++++++++++++++++++
 drivers/nvmem/meson-efuse.c                        |  10 +-
 drivers/nvmem/meson-mx-efuse.c                     |  10 +-
 6 files changed, 195 insertions(+), 19 deletions(-)
 create mode 100644 drivers/nvmem/imx-ocotp-scu.c
Merging xarray/xarray (dd12805ed1db XArray: Remove radix tree compatibility)
$ git merge xarray/xarray
Merge made by the 'recursive' strategy.
 include/linux/radix-tree.h | 13 +++++++++++--
 include/linux/xarray.h     | 29 ++++++++++++++---------------
 lib/radix-tree.c           |  2 +-
 lib/test_xarray.c          | 38 ++++++++++++++++++++++++++++++++++++++
 4 files changed, 64 insertions(+), 18 deletions(-)
Merging hyperv/hyperv-next (a3fb7bf369ef drivers: input: serio: Add a module desription to the hyperv_keyboard driver)
$ git merge hyperv/hyperv-next
Auto-merging drivers/hv/vmbus_drv.c
Merge made by the 'recursive' strategy.
 drivers/hid/hid-hyperv.c | 2 ++
 drivers/hv/vmbus_drv.c   | 1 +
 2 files changed, 3 insertions(+)
Merging auxdisplay/auxdisplay (f4cd7203c1d4 auxdisplay/ht16k33.c: Convert to use vm_map_pages_zero())
$ git merge auxdisplay/auxdisplay
Merge made by the 'recursive' strategy.
 drivers/auxdisplay/cfag12864bfb.c | 5 +++--
 drivers/auxdisplay/ht16k33.c      | 4 ++--
 2 files changed, 5 insertions(+), 4 deletions(-)
Merging kgdb-dt/kgdb/for-next (ca976bfb3154 kdb: Fix bound check compiler warning)
$ git merge kgdb-dt/kgdb/for-next
Already up to date.
Merging pidfd/for-next (5a4600921062 tests: add pidfd_open() tests)
$ git merge pidfd/for-next
Auto-merging tools/testing/selftests/pidfd/Makefile
CONFLICT (content): Merge conflict in tools/testing/selftests/pidfd/Makefile
Auto-merging kernel/signal.c
Auto-merging kernel/pid.c
Auto-merging kernel/fork.c
Resolved 'tools/testing/selftests/pidfd/Makefile' using previous resolution.
Automatic merge failed; fix conflicts and then commit the result.
$ git commit -v -a
[master b84503b63e3d] Merge remote-tracking branch 'pidfd/for-next'
$ git diff -M --stat --summary HEAD^..
 arch/alpha/kernel/syscalls/syscall.tbl          |   1 +
 arch/arm/tools/syscall.tbl                      |   1 +
 arch/arm64/include/asm/unistd.h                 |   2 +-
 arch/arm64/include/asm/unistd32.h               |   2 +
 arch/ia64/kernel/syscalls/syscall.tbl           |   1 +
 arch/m68k/kernel/syscalls/syscall.tbl           |   1 +
 arch/microblaze/kernel/syscalls/syscall.tbl     |   1 +
 arch/mips/kernel/syscalls/syscall_n32.tbl       |   1 +
 arch/mips/kernel/syscalls/syscall_n64.tbl       |   1 +
 arch/mips/kernel/syscalls/syscall_o32.tbl       |   1 +
 arch/parisc/kernel/syscalls/syscall.tbl         |   1 +
 arch/powerpc/kernel/syscalls/syscall.tbl        |   1 +
 arch/s390/kernel/syscalls/syscall.tbl           |   1 +
 arch/sh/kernel/syscalls/syscall.tbl             |   1 +
 arch/sparc/kernel/syscalls/syscall.tbl          |   1 +
 arch/x86/entry/syscalls/syscall_32.tbl          |   1 +
 arch/x86/entry/syscalls/syscall_64.tbl          |   1 +
 arch/xtensa/kernel/syscalls/syscall.tbl         |   1 +
 include/linux/pid.h                             |   4 +
 include/linux/syscalls.h                        |   1 +
 include/uapi/asm-generic/unistd.h               |   4 +-
 kernel/fork.c                                   |  28 ++-
 kernel/pid.c                                    |  45 +++++
 kernel/signal.c                                 |  11 ++
 tools/testing/selftests/pidfd/.gitignore        |   1 +
 tools/testing/selftests/pidfd/Makefile          |   4 +-
 tools/testing/selftests/pidfd/pidfd.h           |  57 ++++++
 tools/testing/selftests/pidfd/pidfd_open_test.c | 169 ++++++++++++++++
 tools/testing/selftests/pidfd/pidfd_test.c      | 251 ++++++++++++++++++++----
 29 files changed, 550 insertions(+), 45 deletions(-)
 create mode 100644 tools/testing/selftests/pidfd/pidfd.h
 create mode 100644 tools/testing/selftests/pidfd/pidfd_open_test.c
Merging devfreq/for-next (cf451adfa392 PM / devfreq: add tracing for scheduling work)
$ git merge devfreq/for-next
Already up to date.
Merging akpm-current/current (11ccd04c6c3f scripts/gdb: add hlist utilities)
$ git merge --no-ff akpm-current/current
Auto-merging mm/vmalloc.c
Auto-merging mm/swapfile.c
Auto-merging mm/page_alloc.c
Auto-merging mm/mmap.c
Auto-merging mm/memory.c
Auto-merging lib/Kconfig.debug
Auto-merging kernel/pid.c
CONFLICT (content): Merge conflict in kernel/pid.c
Auto-merging kernel/fork.c
Auto-merging include/linux/vmalloc.h
Auto-merging include/linux/pid.h
CONFLICT (content): Merge conflict in include/linux/pid.h
Auto-merging fs/buffer.c
Auto-merging arch/x86/mm/numa.c
Auto-merging arch/x86/Kconfig
Auto-merging arch/powerpc/perf/core-book3s.c
Auto-merging arch/powerpc/kvm/book3s_64_vio.c
Auto-merging arch/arm64/include/asm/Kbuild
Auto-merging arch/arm64/Kconfig
Resolved 'include/linux/pid.h' using previous resolution.
Resolved 'kernel/pid.c' using previous resolution.
Automatic merge failed; fix conflicts and then commit the result.
$ git commit -v -a
[master 7f901400efc5] Merge branch 'akpm-current/current'
$ git diff -M --stat --summary HEAD^..
 Documentation/ABI/testing/sysfs-kernel-slab  |   9 +
 Documentation/admin-guide/cgroup-v2.rst      |  20 +-
 Documentation/core-api/genalloc.rst          |   2 +-
 arch/arm/mm/dma-mapping.c                    |   2 +-
 arch/arm64/Kconfig                           |   1 +
 arch/arm64/include/asm/Kbuild                |   1 +
 arch/powerpc/Kconfig                         |   1 +
 arch/powerpc/include/asm/Kbuild              |   1 +
 arch/powerpc/kernel/process.c                |  12 +-
 arch/powerpc/kvm/book3s_64_vio.c             |  34 +-
 arch/powerpc/mm/book3s64/iommu_api.c         |  28 +-
 arch/powerpc/mm/fault.c                      |   6 +-
 arch/powerpc/perf/callchain.c                |  20 +-
 arch/powerpc/perf/core-book3s.c              |   8 +-
 arch/powerpc/sysdev/fsl_pci.c                |  10 +-
 arch/x86/Kconfig                             |   1 +
 arch/x86/entry/vdso/vdso32/vclock_gettime.c  |   1 +
 arch/x86/include/asm/Kbuild                  |   1 +
 arch/x86/mm/numa.c                           |  27 +-
 drivers/fpga/dfl-afu-dma-region.c            |  40 +-
 drivers/misc/sram-exec.c                     |   2 +-
 drivers/vfio/vfio_iommu_spapr_tce.c          |  37 +-
 drivers/vfio/vfio_iommu_type1.c              |  31 +-
 fs/buffer.c                                  |  56 ++-
 fs/ocfs2/alloc.c                             |  15 +
 fs/ocfs2/aops.c                              |  22 +-
 fs/ocfs2/dlm/dlmunlock.c                     |  23 +-
 fs/ocfs2/dlmglue.c                           |  21 +-
 fs/ocfs2/ocfs2.h                             |   1 +
 fs/proc/meminfo.c                            |   2 +-
 fs/proc/task_mmu.c                           |   2 +-
 fs/ramfs/inode.c                             |  12 +
 include/asm-generic/dynamic_debug.h          | 116 ++++++
 include/linux/device.h                       |   4 +-
 include/linux/dynamic_debug.h                |  27 +-
 include/linux/genalloc.h                     |   2 +-
 include/linux/jump_label.h                   |   2 +
 include/linux/memcontrol.h                   |  26 ++
 include/linux/mm_types.h                     |   2 +-
 include/linux/net.h                          |   4 +-
 include/linux/pid.h                          |   5 +-
 include/linux/printk.h                       |   4 +-
 include/linux/sched.h                        |  10 +
 include/linux/uaccess.h                      |  34 ++
 include/linux/vmalloc.h                      |   2 +
 include/uapi/linux/byteorder/big_endian.h    |   4 +
 include/uapi/linux/byteorder/little_endian.h |   4 +
 kernel/dma/remap.c                           |   2 +-
 kernel/fork.c                                |   3 +-
 kernel/pid.c                                 |  10 +-
 lib/Kconfig.debug                            |   9 +
 lib/debugobjects.c                           |  66 ++-
 lib/dynamic_debug.c                          | 111 +++--
 lib/genalloc.c                               |   5 +-
 lib/math/rational.c                          |  63 ++-
 mm/debug.c                                   |   5 +-
 mm/memcontrol.c                              |  27 +-
 mm/memory.c                                  |   2 +-
 mm/mlock.c                                   |   4 +-
 mm/mmap.c                                    |  18 +-
 mm/mremap.c                                  |   6 +-
 mm/page_alloc.c                              |  22 +-
 mm/slub.c                                    |  11 +
 mm/swapfile.c                                |   4 +-
 mm/vmalloc.c                                 |  60 ++-
 mm/vmscan.c                                  |  87 +++-
 scripts/checkpatch.pl                        |  24 +-
 scripts/gdb/linux/lists.py                   |  21 +
 scripts/spelling.txt                         | 579 +++++++++++++++++++++++----
 tools/vm/slabinfo.c                          |   7 +-
 70 files changed, 1391 insertions(+), 450 deletions(-)
 create mode 100644 include/asm-generic/dynamic_debug.h
$ git clone -s -l -n -q . ../rebase-tmp
$ cd ../rebase-tmp
$ git checkout -b akpm remotes/origin/akpm/master
Switched to a new branch 'akpm'
$ git rebase --onto master remotes/origin/akpm/master-base
First, rewinding head to replay your work on top of it...
Applying: pinctrl: fix pxa2xx.c build warnings
Applying: mm, memcg: consider subtrees in memory.events
Applying: drivers/media/platform/sti/delta/delta-ipc.c: fix read buffer overflow
$ cd ../next
$ git fetch -f ../rebase-tmp akpm:akpm/master
From ../rebase-tmp
 + 7d5a4e398cb3...19870917fe64 akpm       -> akpm/master  (forced update)
$ rm -rf ../rebase-tmp
Merging akpm/master (19870917fe64 drivers/media/platform/sti/delta/delta-ipc.c: fix read buffer overflow)
$ git merge --no-ff akpm/master
Merge made by the 'recursive' strategy.
 Documentation/admin-guide/cgroup-v2.rst      |  9 +++++++++
 drivers/media/platform/sti/delta/delta-ipc.c |  4 ++--
 drivers/pinctrl/pxa/pinctrl-pxa2xx.c         |  1 +
 include/linux/cgroup-defs.h                  |  5 +++++
 include/linux/memcontrol.h                   | 10 ++++++++--
 kernel/cgroup/cgroup.c                       | 16 ++++++++++++++--
 6 files changed, 39 insertions(+), 6 deletions(-)
